Archive member included because of file (symbol)

c:/program files (x86)/atmel/atmel studio 6.0/extensions/atmel/armgcc/3.3.1.128/armgcctoolchain/bin/../lib/gcc/arm-none-eabi/4.7.0/thumb\libgcc.a(_aeabi_uldivmod.o)
                              src/pwmb.o (__aeabi_uldivmod)
c:/program files (x86)/atmel/atmel studio 6.0/extensions/atmel/armgcc/3.3.1.128/armgcctoolchain/bin/../lib/gcc/arm-none-eabi/4.7.0/thumb\libgcc.a(bpabi.o)
                              c:/program files (x86)/atmel/atmel studio 6.0/extensions/atmel/armgcc/3.3.1.128/armgcctoolchain/bin/../lib/gcc/arm-none-eabi/4.7.0/thumb\libgcc.a(_aeabi_uldivmod.o) (__gnu_uldivmod_helper)
c:/program files (x86)/atmel/atmel studio 6.0/extensions/atmel/armgcc/3.3.1.128/armgcctoolchain/bin/../lib/gcc/arm-none-eabi/4.7.0/thumb\libgcc.a(_dvmd_tls.o)
                              c:/program files (x86)/atmel/atmel studio 6.0/extensions/atmel/armgcc/3.3.1.128/armgcctoolchain/bin/../lib/gcc/arm-none-eabi/4.7.0/thumb\libgcc.a(_aeabi_uldivmod.o) (__aeabi_ldiv0)
c:/program files (x86)/atmel/atmel studio 6.0/extensions/atmel/armgcc/3.3.1.128/armgcctoolchain/bin/../lib/gcc/arm-none-eabi/4.7.0/thumb\libgcc.a(_divdi3.o)
                              c:/program files (x86)/atmel/atmel studio 6.0/extensions/atmel/armgcc/3.3.1.128/armgcctoolchain/bin/../lib/gcc/arm-none-eabi/4.7.0/thumb\libgcc.a(bpabi.o) (__divdi3)
c:/program files (x86)/atmel/atmel studio 6.0/extensions/atmel/armgcc/3.3.1.128/armgcctoolchain/bin/../lib/gcc/arm-none-eabi/4.7.0/thumb\libgcc.a(_udivdi3.o)
                              c:/program files (x86)/atmel/atmel studio 6.0/extensions/atmel/armgcc/3.3.1.128/armgcctoolchain/bin/../lib/gcc/arm-none-eabi/4.7.0/thumb\libgcc.a(bpabi.o) (__udivdi3)
c:/program files (x86)/atmel/atmel studio 6.0/extensions/atmel/armgcc/3.3.1.128/armgcctoolchain/bin/../lib/gcc/arm-none-eabi/4.7.0/thumb\libgcc.a(unwind-arm.o)
                              c:/program files (x86)/atmel/atmel studio 6.0/extensions/atmel/armgcc/3.3.1.128/armgcctoolchain/bin/../lib/gcc/arm-none-eabi/4.7.0/thumb\libgcc.a(_divdi3.o) (__aeabi_unwind_cpp_pr0)
c:/program files (x86)/atmel/atmel studio 6.0/extensions/atmel/armgcc/3.3.1.128/armgcctoolchain/bin/../lib/gcc/arm-none-eabi/4.7.0/thumb\libgcc.a(libunwind.o)
                              c:/program files (x86)/atmel/atmel studio 6.0/extensions/atmel/armgcc/3.3.1.128/armgcctoolchain/bin/../lib/gcc/arm-none-eabi/4.7.0/thumb\libgcc.a(unwind-arm.o) (restore_core_regs)
c:/program files (x86)/atmel/atmel studio 6.0/extensions/atmel/armgcc/3.3.1.128/armgcctoolchain/bin/../lib/gcc/arm-none-eabi/4.7.0/thumb\libgcc.a(pr-support.o)
                              c:/program files (x86)/atmel/atmel studio 6.0/extensions/atmel/armgcc/3.3.1.128/armgcctoolchain/bin/../lib/gcc/arm-none-eabi/4.7.0/thumb\libgcc.a(unwind-arm.o) (__gnu_unwind_execute)
c:/program files (x86)/atmel/atmel studio 6.0/extensions/atmel/armgcc/3.3.1.128/armgcctoolchain/bin/../lib/gcc/arm-none-eabi/4.7.0/../../../../arm-none-eabi/lib/thumb\libc.a(lib_a-abort.o)
                              c:/program files (x86)/atmel/atmel studio 6.0/extensions/atmel/armgcc/3.3.1.128/armgcctoolchain/bin/../lib/gcc/arm-none-eabi/4.7.0/thumb\libgcc.a(unwind-arm.o) (abort)
c:/program files (x86)/atmel/atmel studio 6.0/extensions/atmel/armgcc/3.3.1.128/armgcctoolchain/bin/../lib/gcc/arm-none-eabi/4.7.0/../../../../arm-none-eabi/lib/thumb\libc.a(lib_a-assert.o)
                              src/asf/sam/services/flash_efc/flash_efc.o (__assert_func)
c:/program files (x86)/atmel/atmel studio 6.0/extensions/atmel/armgcc/3.3.1.128/armgcctoolchain/bin/../lib/gcc/arm-none-eabi/4.7.0/../../../../arm-none-eabi/lib/thumb\libc.a(lib_a-atexit.o)
                              c:/program files (x86)/atmel/atmel studio 6.0/extensions/atmel/armgcc/3.3.1.128/armgcctoolchain/bin/../lib/gcc/arm-none-eabi/4.7.0/../../../../arm-none-eabi/lib/thumb/crt0.o (atexit)
c:/program files (x86)/atmel/atmel studio 6.0/extensions/atmel/armgcc/3.3.1.128/armgcctoolchain/bin/../lib/gcc/arm-none-eabi/4.7.0/../../../../arm-none-eabi/lib/thumb\libc.a(lib_a-exit.o)
                              c:/program files (x86)/atmel/atmel studio 6.0/extensions/atmel/armgcc/3.3.1.128/armgcctoolchain/bin/../lib/gcc/arm-none-eabi/4.7.0/../../../../arm-none-eabi/lib/thumb/crt0.o (exit)
c:/program files (x86)/atmel/atmel studio 6.0/extensions/atmel/armgcc/3.3.1.128/armgcctoolchain/bin/../lib/gcc/arm-none-eabi/4.7.0/../../../../arm-none-eabi/lib/thumb\libc.a(lib_a-fini.o)
                              c:/program files (x86)/atmel/atmel studio 6.0/extensions/atmel/armgcc/3.3.1.128/armgcctoolchain/bin/../lib/gcc/arm-none-eabi/4.7.0/../../../../arm-none-eabi/lib/thumb/crt0.o (__libc_fini_array)
c:/program files (x86)/atmel/atmel studio 6.0/extensions/atmel/armgcc/3.3.1.128/armgcctoolchain/bin/../lib/gcc/arm-none-eabi/4.7.0/../../../../arm-none-eabi/lib/thumb\libc.a(lib_a-fiprintf.o)
[...]
Memory Configuration

Name             Origin             Length             Attributes
rom              0x00400000         0x00080000         xr
ram              0x20000000         0x00010000         xrw
*default*        0x00000000         0xffffffff

Linker script and memory map

LOAD c:/program files (x86)/atmel/atmel studio 6.0/extensions/atmel/armgcc/3.3.1.128/armgcctoolchain/bin/../lib/gcc/arm-none-eabi/4.7.0/thumb/crti.o
LOAD c:/program files (x86)/atmel/atmel studio 6.0/extensions/atmel/armgcc/3.3.1.128/armgcctoolchain/bin/../lib/gcc/arm-none-eabi/4.7.0/thumb/crtbegin.o
LOAD c:/program files (x86)/atmel/atmel studio 6.0/extensions/atmel/armgcc/3.3.1.128/armgcctoolchain/bin/../lib/gcc/arm-none-eabi/4.7.0/../../../../arm-none-eabi/lib/thumb/crt0.o
LOAD src/asf/sam/drivers/chipid/chipid.o
LOAD src/asf/sam/drivers/pwm/pwm.o
LOAD src/asf/sam/drivers/twi/twi.o
LOAD src/asf/sam/utils/cmsis/sam3s8/source/templates/exceptions.o
LOAD src/asf/sam/utils/cmsis/sam3s8/source/templates/gcc/startup_sam3sd8.o
LOAD src/asf/sam/utils/cmsis/sam3s8/source/templates/system_sam3sd8.o
LOAD src/I2CdevWrapper.o
LOAD src/MPU9150.o
LOAD src/pwmb.o
LOAD src/rtc.o
LOAD src/zeppelin_fc.o
LOAD src/asf/common/components/memory/sd_mmc/sd_mmc.o
LOAD src/asf/common/services/clock/sam3s/sysclk.o
LOAD src/asf/common/services/delay/sam/cycle_counter.o
LOAD src/asf/common/services/sleepmgr/sam/sleepmgr.o
LOAD src/asf/common/services/storage/ctrl_access/ctrl_access.o
LOAD src/asf/common/services/usb/class/cdc/device/udi_cdc.o
LOAD src/asf/common/services/usb/class/cdc/device/udi_cdc_desc.o
LOAD src/asf/common/services/usb/udc/udc.o
LOAD src/asf/common/utils/interrupt/interrupt_sam_nvic.o
LOAD src/asf/common/utils/stdio/read.o
LOAD src/asf/common/utils/stdio/stdio_usb/stdio_usb.o
LOAD src/asf/common/utils/stdio/write.o
LOAD src/asf/sam/boards/sam3s_ek/init.o
LOAD src/asf/sam/drivers/efc/efc.o
LOAD src/asf/sam/drivers/hsmci/hsmci.o
LOAD src/asf/sam/drivers/pdc/pdc.o
LOAD src/asf/sam/drivers/pio/pio.o
LOAD src/asf/sam/drivers/pio/pio_handler.o
LOAD src/asf/sam/drivers/pmc/pmc.o
LOAD src/asf/sam/drivers/rtc/rtc.o
LOAD src/asf/sam/drivers/udp/udp_device.o
LOAD src/asf/sam/services/flash_efc/flash_efc.o
LOAD src/asf/sam/utils/syscalls/gcc/syscalls.o
LOAD src/asf/thirdparty/fatfs/fatfs-port-r0.09/diskio.o
LOAD src/asf/thirdparty/fatfs/fatfs-port-r0.09/sam/fattime.o
LOAD src/asf/thirdparty/fatfs/fatfs-r0.09/src/ff.o
LOAD src/asf/thirdparty/fatfs/fatfs-r0.09/src/option/ccsbcs.o
LOAD src/sd_mmc_mem.o
LOAD src/stdio_usb_example.o
START GROUP
LOAD c:/program files (x86)/atmel/atmel studio 6.0/extensions/atmel/armgcc/3.3.1.128/armgcctoolchain/bin/../lib/gcc/arm-none-eabi/4.7.0/../../../../arm-none-eabi/lib/thumb\libm.a
END GROUP
START GROUP
LOAD c:/program files (x86)/atmel/atmel studio 6.0/extensions/atmel/armgcc/3.3.1.128/armgcctoolchain/bin/../lib/gcc/arm-none-eabi/4.7.0/thumb\libgcc.a
LOAD c:/program files (x86)/atmel/atmel studio 6.0/extensions/atmel/armgcc/3.3.1.128/armgcctoolchain/bin/../lib/gcc/arm-none-eabi/4.7.0/../../../../arm-none-eabi/lib/thumb\libc.a
END GROUP
LOAD c:/program files (x86)/atmel/atmel studio 6.0/extensions/atmel/armgcc/3.3.1.128/armgcctoolchain/bin/../lib/gcc/arm-none-eabi/4.7.0/thumb/crtend.o
LOAD c:/program files (x86)/atmel/atmel studio 6.0/extensions/atmel/armgcc/3.3.1.128/armgcctoolchain/bin/../lib/gcc/arm-none-eabi/4.7.0/thumb/crtn.o
                [0x00002000]                __stack_size__ = DEFINED (__stack_size__)?__stack_size__:0x2000

.text           0x00400000     0xbd20
                0x00400000                . = ALIGN (0x4)
                0x00400000                _sfixed = .
 *(.vectors .vectors.*)
 .vectors       0x00400000       0xd0 src/asf/sam/utils/cmsis/sam3s8/source/templates/gcc/startup_sam3sd8.o
                0x00400000                exception_table
 *(.text .text.* .gnu.linkonce.t.*)
 .text          0x004000d0       0xb0 c:/program files (x86)/atmel/atmel studio 6.0/extensions/atmel/armgcc/3.3.1.128/armgcctoolchain/bin/../lib/gcc/arm-none-eabi/4.7.0/thumb/crtbegin.o
 .text.pwm_clocks_generate
                0x00400180       0x5c src/asf/sam/drivers/pwm/pwm.o
 .text.pwm_init
                0x004001dc       0x3c src/asf/sam/drivers/pwm/pwm.o
                0x004001dc                pwm_init
 .text.pwm_channel_init
                0x00400218       0xca src/asf/sam/drivers/pwm/pwm.o
                0x00400218                pwm_channel_init
 .text.pwm_channel_update_duty
                0x004002e2       0x1e src/asf/sam/drivers/pwm/pwm.o
                0x004002e2                pwm_channel_update_duty
 .text.pwm_channel_enable
                0x00400300        0xa src/asf/sam/drivers/pwm/pwm.o
                0x00400300                pwm_channel_enable
 .text.pwm_channel_disable
                0x0040030a        0xa src/asf/sam/drivers/pwm/pwm.o
                0x0040030a                pwm_channel_disable
 .text.pwm_channel_get_interrupt_status
                0x00400314        0x4 src/asf/sam/drivers/pwm/pwm.o
                0x00400314                pwm_channel_get_interrupt_status
 .text.pwm_channel_enable_interrupt
                0x00400318       0x12 src/asf/sam/drivers/pwm/pwm.o
                0x00400318                pwm_channel_enable_interrupt
 .text.Dummy_Handler
                0x0040032a        0x2 src/asf/sam/utils/cmsis/sam3s8/source/templates/exceptions.o
                0x0040032a                DACC_Handler
                0x0040032a                DebugMon_Handler
                0x0040032a                HardFault_Handler
                0x0040032a                TC2_Handler
                0x0040032a                SPI_Handler
                0x0040032a                TWI1_Handler
                0x0040032a                PendSV_Handler
                0x0040032a                NMI_Handler
                0x0040032a                ADC_Handler
                0x0040032a                CRCCU_Handler
                0x0040032a                USART0_Handler
                0x0040032a                RTT_Handler
                0x0040032a                UsageFault_Handler
                0x0040032a                WDT_Handler
                0x0040032a                TC1_Handler
                0x0040032a                HSMCI_Handler
                0x0040032a                UART1_Handler
                0x0040032a                Dummy_Handler
                0x0040032a                TWI0_Handler
                0x0040032a                USART1_Handler
                0x0040032a                SSC_Handler
                0x0040032a                ACC_Handler
                0x0040032a                PMC_Handler
                0x0040032a                MemManage_Handler
                0x0040032a                SUPC_Handler
                0x0040032a                SVC_Handler
                0x0040032a                EFC_Handler
                0x0040032a                UART0_Handler
                0x0040032a                BusFault_Handler
                0x0040032a                RSTC_Handler
                0x0040032a                TC0_Handler
 .text.Reset_Handler
                0x0040032c       0x7c src/asf/sam/utils/cmsis/sam3s8/source/templates/gcc/startup_sam3sd8.o
                0x0040032c                Reset_Handler
 .text.SystemCoreClockUpdate
                0x004003a8       0xd8 src/asf/sam/utils/cmsis/sam3s8/source/templates/system_sam3sd8.o
                0x004003a8                SystemCoreClockUpdate
 .text.system_init_flash
                0x00400480       0x3c src/asf/sam/utils/cmsis/sam3s8/source/templates/system_sam3sd8.o
                0x00400480                system_init_flash
 .text.PWM_init
                0x004004bc       0x90 src/pwmb.o
                0x004004bc                PWM_init
 .text.PWM_Handler
                0x0040054c       0xa4 src/pwmb.o
                0x0040054c                PWM_Handler
 .text.Beep     0x004005f0       0x48 src/pwmb.o
                0x004005f0                Beep
 .text.playNote
                0x00400638       0xc4 src/pwmb.o
                0x00400638                playNote
 .text.RTC_Handler
                0x004006fc       0x60 src/rtc.o
                0x004006fc                RTC_Handler
 .text.SysTick_Handler
                0x0040075c       0x10 src/zeppelin_fc.o
                0x0040075c                SysTick_Handler
 .text.ZP_Init  0x0040076c      0x170 src/zeppelin_fc.o
                0x0040076c                ZP_Init
 .text.ZP_Button
                0x004008dc       0x54 src/zeppelin_fc.o
                0x004008dc                ZP_Button
 .text.ZP_CreateLogFile
                0x00400930      0x110 src/zeppelin_fc.o
                0x00400930                ZP_CreateLogFile
 .text.ZP_ButtonHandler
                0x00400a40       0x90 src/zeppelin_fc.o
                0x00400a40                ZP_ButtonHandler
 .text.ZP_Loop  0x00400ad0        0xc src/zeppelin_fc.o
                0x00400ad0                ZP_Loop
 .text.SDMMC_UNSTUFF_BITS
                0x00400adc       0x4e src/asf/common/components/memory/sd_mmc/sd_mmc.o
 *fill*         0x00400b2a        0x2 00
 .text.sd_mmc_deselect_slot
                0x00400b2c       0x18 src/asf/common/components/memory/sd_mmc/sd_mmc.o
 .text.sd_mmc_configure_slot
                0x00400b44       0x2c src/asf/common/components/memory/sd_mmc/sd_mmc.o
 .text.sd_mmc_select_slot
                0x00400b70       0xe0 src/asf/common/components/memory/sd_mmc/sd_mmc.o
 .text.sd_mmc_cmd9_mci
                0x00400c50       0x2c src/asf/common/components/memory/sd_mmc/sd_mmc.o
 .text.sd_mmc_init
                0x00400c7c       0x2c src/asf/common/components/memory/sd_mmc/sd_mmc.o
                0x00400c7c                sd_mmc_init
 .text.sd_mmc_check
                0x00400ca8      0x6e8 src/asf/common/components/memory/sd_mmc/sd_mmc.o
                0x00400ca8                sd_mmc_check
 .text.sd_mmc_get_type
                0x00401390       0x24 src/asf/common/components/memory/sd_mmc/sd_mmc.o
                0x00401390                sd_mmc_get_type
 .text.sd_mmc_get_capacity
                0x004013b4       0x24 src/asf/common/components/memory/sd_mmc/sd_mmc.o
                0x004013b4                sd_mmc_get_capacity
 .text.sd_mmc_is_write_protected
                0x004013d8        0x4 src/asf/common/components/memory/sd_mmc/sd_mmc.o
                0x004013d8                sd_mmc_is_write_protected
 .text.sd_mmc_init_read_blocks
                0x004013dc       0xf0 src/asf/common/components/memory/sd_mmc/sd_mmc.o
                0x004013dc                sd_mmc_init_read_blocks
 .text.sd_mmc_start_read_blocks
                0x004014cc       0x24 src/asf/common/components/memory/sd_mmc/sd_mmc.o
                0x004014cc                sd_mmc_start_read_blocks
 .text.sd_mmc_wait_end_of_read_blocks
                0x004014f0       0x50 src/asf/common/components/memory/sd_mmc/sd_mmc.o
                0x004014f0                sd_mmc_wait_end_of_read_blocks
 .text.sd_mmc_init_write_blocks
                0x00401540       0xa4 src/asf/common/components/memory/sd_mmc/sd_mmc.o
                0x00401540                sd_mmc_init_write_blocks
 .text.sd_mmc_start_write_blocks
                0x004015e4       0x24 src/asf/common/components/memory/sd_mmc/sd_mmc.o
                0x004015e4                sd_mmc_start_write_blocks
 .text.sd_mmc_wait_end_of_write_blocks
                0x00401608       0x48 src/asf/common/components/memory/sd_mmc/sd_mmc.o
                0x00401608                sd_mmc_wait_end_of_write_blocks
 .text.osc_enable
                0x00401650       0x48 src/asf/common/services/clock/sam3s/sysclk.o
 .text.osc_wait_ready.constprop.5
                0x00401698       0x10 src/asf/common/services/clock/sam3s/sysclk.o
 .text.sysclk_enable_usb
                0x004016a8       0x4c src/asf/common/services/clock/sam3s/sysclk.o
                0x004016a8                sysclk_enable_usb
 .text.sysclk_init
                0x004016f4       0x58 src/asf/common/services/clock/sam3s/sysclk.o
                0x004016f4                sysclk_init
 .text.mem_test_unit_ready
                0x0040174c       0x14 src/asf/common/services/storage/ctrl_access/ctrl_access.o
                0x0040174c                mem_test_unit_ready
 .text.mem_read_capacity
                0x00401760       0x14 src/asf/common/services/storage/ctrl_access/ctrl_access.o
                0x00401760                mem_read_capacity
 .text.mem_sector_size
                0x00401774        0xa src/asf/common/services/storage/ctrl_access/ctrl_access.o
                0x00401774                mem_sector_size
 *fill*         0x0040177e        0x2 00
 .text.mem_wr_protect
                0x00401780       0x14 src/asf/common/services/storage/ctrl_access/ctrl_access.o
                0x00401780                mem_wr_protect
 .text.memory_2_ram
                0x00401794       0x18 src/asf/common/services/storage/ctrl_access/ctrl_access.o
                0x00401794                memory_2_ram
 .text.ram_2_memory
                0x004017ac       0x18 src/asf/common/services/storage/ctrl_access/ctrl_access.o
                0x004017ac                ram_2_memory
 .text.cpu_irq_save
                0x004017c4       0x14 src/asf/common/services/usb/class/cdc/device/udi_cdc.o
 .text.udi_cdc_comm_disable
                0x004017d8       0x10 src/asf/common/services/usb/class/cdc/device/udi_cdc.o
                0x004017d8                udi_cdc_comm_disable
 .text.udi_cdc_data_setup
                0x004017e8        0x4 src/asf/common/services/usb/class/cdc/device/udi_cdc.o
                0x004017e8                udi_cdc_data_setup
 .text.udi_cdc_getsetting
                0x004017ec        0x4 src/asf/common/services/usb/class/cdc/device/udi_cdc.o
                0x004017ec                udi_cdc_getsetting
 .text.udi_cdc_line_coding_received
                0x004017f0        0x2 src/asf/common/services/usb/class/cdc/device/udi_cdc.o
 *fill*         0x004017f2        0x2 00
 .text.udi_cdc_data_disable
                0x004017f4       0x28 src/asf/common/services/usb/class/cdc/device/udi_cdc.o
                0x004017f4                udi_cdc_data_disable
 .text.cpu_irq_restore
                0x0040181c       0x14 src/asf/common/services/usb/class/cdc/device/udi_cdc.o
 .text.udi_cdc_comm_setup
                0x00401830       0x58 src/asf/common/services/usb/class/cdc/device/udi_cdc.o
                0x00401830                udi_cdc_comm_setup
 .text.udi_cdc_tx_send.isra.5
                0x00401888       0xc8 src/asf/common/services/usb/class/cdc/device/udi_cdc.o
 .text.udi_cdc_data_sof_notify
                0x00401950        0xc src/asf/common/services/usb/class/cdc/device/udi_cdc.o
                0x00401950                udi_cdc_data_sof_notify
 .text.udi_cdc_data_sent
                0x0040195c       0x38 src/asf/common/services/usb/class/cdc/device/udi_cdc.o
 .text.udi_cdc_comm_enable
                0x00401994       0x60 src/asf/common/services/usb/class/cdc/device/udi_cdc.o
                0x00401994                udi_cdc_comm_enable
 .text.udi_cdc_multi_is_rx_ready
                0x004019f4       0x3c src/asf/common/services/usb/class/cdc/device/udi_cdc.o
                0x004019f4                udi_cdc_multi_is_rx_ready
 .text.udi_cdc_rx_start.isra.9
                0x00401a30       0x88 src/asf/common/services/usb/class/cdc/device/udi_cdc.o
 .text.udi_cdc_data_received
                0x00401ab8       0x58 src/asf/common/services/usb/class/cdc/device/udi_cdc.o
 .text.udi_cdc_data_enable
                0x00401b10       0x88 src/asf/common/services/usb/class/cdc/device/udi_cdc.o
                0x00401b10                udi_cdc_data_enable
 .text.udi_cdc_multi_getc
                0x00401b98       0x90 src/asf/common/services/usb/class/cdc/device/udi_cdc.o
                0x00401b98                udi_cdc_multi_getc
 .text.udi_cdc_getc
                0x00401c28       0x10 src/asf/common/services/usb/class/cdc/device/udi_cdc.o
                0x00401c28                udi_cdc_getc
 .text.udi_cdc_multi_is_tx_ready
                0x00401c38       0x68 src/asf/common/services/usb/class/cdc/device/udi_cdc.o
                0x00401c38                udi_cdc_multi_is_tx_ready
 .text.udi_cdc_multi_putc
                0x00401ca0       0x80 src/asf/common/services/usb/class/cdc/device/udi_cdc.o
                0x00401ca0                udi_cdc_multi_putc
 .text.udi_cdc_putc
                0x00401d20       0x10 src/asf/common/services/usb/class/cdc/device/udi_cdc.o
                0x00401d20                udi_cdc_putc
 .text.udc_valid_address
                0x00401d30       0x18 src/asf/common/services/usb/udc/udc.o
 .text.udc_update_iface_desc
                0x00401d48       0x58 src/asf/common/services/usb/udc/udc.o
 .text.udc_next_desc_in_iface.constprop.3
                0x00401da0       0x28 src/asf/common/services/usb/udc/udc.o
 .text.udc_iface_disable
                0x00401dc8       0x54 src/asf/common/services/usb/udc/udc.o
 .text.udc_iface_enable
                0x00401e1c       0x50 src/asf/common/services/usb/udc/udc.o
 .text.udc_start
                0x00401e6c        0xc src/asf/common/services/usb/udc/udc.o
                0x00401e6c                udc_start
 .text.udc_reset
                0x00401e78       0x44 src/asf/common/services/usb/udc/udc.o
                0x00401e78                udc_reset
 .text.udc_sof_notify
                0x00401ebc       0x34 src/asf/common/services/usb/udc/udc.o
                0x00401ebc                udc_sof_notify
 .text.udc_process_setup
                0x00401ef0      0x32c src/asf/common/services/usb/udc/udc.o
                0x00401ef0                udc_process_setup
 .text._read    0x0040221c       0x40 src/asf/common/utils/stdio/read.o
                0x0040221c                _read
 .text.stdio_usb_getchar
                0x0040225c       0x20 src/asf/common/utils/stdio/stdio_usb/stdio_usb.o
                0x0040225c                stdio_usb_getchar
 .text.stdio_usb_putchar
                0x0040227c       0x28 src/asf/common/utils/stdio/stdio_usb/stdio_usb.o
                0x0040227c                stdio_usb_putchar
 .text.stdio_usb_enable
                0x004022a4        0xc src/asf/common/utils/stdio/stdio_usb/stdio_usb.o
                0x004022a4                stdio_usb_enable
 .text.stdio_usb_disable
                0x004022b0        0xc src/asf/common/utils/stdio/stdio_usb/stdio_usb.o
                0x004022b0                stdio_usb_disable
 .text.stdio_usb_init
                0x004022bc       0x60 src/asf/common/utils/stdio/stdio_usb/stdio_usb.o
                0x004022bc                stdio_usb_init
 .text._write   0x0040231c       0x40 src/asf/common/utils/stdio/write.o
                0x0040231c                _write
 .text.board_init
                0x0040235c       0x68 src/asf/sam/boards/sam3s_ek/init.o
                0x0040235c                board_init
 .text.hsmci_reset
                0x004023c4       0x24 src/asf/sam/drivers/hsmci/hsmci.o
 .text.hsmci_send_cmd_execute
                0x004023e8       0x7c src/asf/sam/drivers/hsmci/hsmci.o
 .text.hsmci_init
                0x00402464       0x28 src/asf/sam/drivers/hsmci/hsmci.o
                0x00402464                hsmci_init
 .text.hsmci_get_bus_width
                0x0040248c        0xa src/asf/sam/drivers/hsmci/hsmci.o
                0x0040248c                hsmci_get_bus_width
 .text.hsmci_is_high_speed_capable
                0x00402496        0x4 src/asf/sam/drivers/hsmci/hsmci.o
                0x00402496                hsmci_is_high_speed_capable
 *fill*         0x0040249a        0x2 00
 .text.hsmci_select_device
                0x0040249c       0x64 src/asf/sam/drivers/hsmci/hsmci.o
                0x0040249c                hsmci_select_device
 .text.hsmci_deselect_device
                0x00402500        0x2 src/asf/sam/drivers/hsmci/hsmci.o
                0x00402500                hsmci_deselect_device
 .text.hsmci_send_clock
                0x00402502       0x1e src/asf/sam/drivers/hsmci/hsmci.o
                0x00402502                hsmci_send_clock
 .text.hsmci_send_cmd
                0x00402520       0x2c src/asf/sam/drivers/hsmci/hsmci.o
                0x00402520                hsmci_send_cmd
 .text.hsmci_get_response
                0x0040254c        0x8 src/asf/sam/drivers/hsmci/hsmci.o
                0x0040254c                hsmci_get_response
 .text.hsmci_get_response_128
                0x00402554       0x22 src/asf/sam/drivers/hsmci/hsmci.o
                0x00402554                hsmci_get_response_128
 *fill*         0x00402576        0x2 00
 .text.hsmci_adtc_start
                0x00402578       0xac src/asf/sam/drivers/hsmci/hsmci.o
                0x00402578                hsmci_adtc_start
 .text.hsmci_read_word
                0x00402624       0x60 src/asf/sam/drivers/hsmci/hsmci.o
                0x00402624                hsmci_read_word
 .text.hsmci_start_read_blocks
                0x00402684       0x3c src/asf/sam/drivers/hsmci/hsmci.o
                0x00402684                hsmci_start_read_blocks
 .text.hsmci_wait_end_of_read_blocks
                0x004026c0       0x60 src/asf/sam/drivers/hsmci/hsmci.o
                0x004026c0                hsmci_wait_end_of_read_blocks
 .text.hsmci_start_write_blocks
                0x00402720       0x40 src/asf/sam/drivers/hsmci/hsmci.o
                0x00402720                hsmci_start_write_blocks
 .text.hsmci_wait_end_of_write_blocks
                0x00402760       0x64 src/asf/sam/drivers/hsmci/hsmci.o
                0x00402760                hsmci_wait_end_of_write_blocks
 .text.pio_set_peripheral
                0x004027c4       0x80 src/asf/sam/drivers/pio/pio.o
                0x004027c4                pio_set_peripheral
 .text.pio_set_input
                0x00402844       0x2c src/asf/sam/drivers/pio/pio.o
                0x00402844                pio_set_input
 .text.pio_set_output
                0x00402870       0x24 src/asf/sam/drivers/pio/pio.o
                0x00402870                pio_set_output
 .text.pio_get_interrupt_status
                0x00402894        0x4 src/asf/sam/drivers/pio/pio.o
                0x00402894                pio_get_interrupt_status
 .text.pio_get_interrupt_mask
                0x00402898        0x4 src/asf/sam/drivers/pio/pio.o
                0x00402898                pio_get_interrupt_mask
 .text.pio_set_pin_high
                0x0040289c       0x1a src/asf/sam/drivers/pio/pio.o
                0x0040289c                pio_set_pin_high
 *fill*         0x004028b6        0x2 00
 .text.pio_configure_pin
                0x004028b8       0xb0 src/asf/sam/drivers/pio/pio.o
                0x004028b8                pio_configure_pin
 .text.pio_handler_process
                0x00402968       0x4c src/asf/sam/drivers/pio/pio_handler.o
                0x00402968                pio_handler_process
 .text.PIOA_Handler
                0x004029b4       0x14 src/asf/sam/drivers/pio/pio_handler.o
                0x004029b4                PIOA_Handler
 .text.PIOB_Handler
                0x004029c8       0x14 src/asf/sam/drivers/pio/pio_handler.o
                0x004029c8                PIOB_Handler
 .text.pmc_switch_mck_to_pllack
                0x004029dc       0x48 src/asf/sam/drivers/pmc/pmc.o
                0x004029dc                pmc_switch_mck_to_pllack
 .text.pmc_switch_sclk_to_32kxtal
                0x00402a24       0x24 src/asf/sam/drivers/pmc/pmc.o
                0x00402a24                pmc_switch_sclk_to_32kxtal
 .text.pmc_switch_mainck_to_fastrc
                0x00402a48       0x6c src/asf/sam/drivers/pmc/pmc.o
                0x00402a48                pmc_switch_mainck_to_fastrc
 .text.pmc_switch_mainck_to_xtal
                0x00402ab4       0x4c src/asf/sam/drivers/pmc/pmc.o
                0x00402ab4                pmc_switch_mainck_to_xtal
 .text.pmc_osc_is_ready_mainck
                0x00402b00       0x10 src/asf/sam/drivers/pmc/pmc.o
                0x00402b00                pmc_osc_is_ready_mainck
 .text.pmc_disable_pllack
                0x00402b10       0x10 src/asf/sam/drivers/pmc/pmc.o
                0x00402b10                pmc_disable_pllack
 .text.pmc_is_locked_pllack
                0x00402b20       0x10 src/asf/sam/drivers/pmc/pmc.o
                0x00402b20                pmc_is_locked_pllack
 .text.pmc_disable_pllbck
                0x00402b30        0xc src/asf/sam/drivers/pmc/pmc.o
                0x00402b30                pmc_disable_pllbck
 .text.pmc_is_locked_pllbck
                0x00402b3c       0x10 src/asf/sam/drivers/pmc/pmc.o
                0x00402b3c                pmc_is_locked_pllbck
 .text.pmc_enable_periph_clk
                0x00402b4c       0x44 src/asf/sam/drivers/pmc/pmc.o
                0x00402b4c                pmc_enable_periph_clk
 .text.pmc_disable_periph_clk
                0x00402b90       0x40 src/asf/sam/drivers/pmc/pmc.o
                0x00402b90                pmc_disable_periph_clk
 .text.pmc_switch_udpck_to_pllbck
                0x00402bd0       0x14 src/asf/sam/drivers/pmc/pmc.o
                0x00402bd0                pmc_switch_udpck_to_pllbck
 .text.pmc_enable_udpck
                0x00402be4        0xc src/asf/sam/drivers/pmc/pmc.o
                0x00402be4                pmc_enable_udpck
 .text.pmc_set_fast_startup_input
                0x00402bf0       0x18 src/asf/sam/drivers/pmc/pmc.o
                0x00402bf0                pmc_set_fast_startup_input
 .text.rtc_set_hour_mode
                0x00402c08       0x12 src/asf/sam/drivers/rtc/rtc.o
                0x00402c08                rtc_set_hour_mode
 .text.rtc_enable_interrupt
                0x00402c1a        0x4 src/asf/sam/drivers/rtc/rtc.o
                0x00402c1a                rtc_enable_interrupt
 .text.rtc_disable_interrupt
                0x00402c1e        0x4 src/asf/sam/drivers/rtc/rtc.o
                0x00402c1e                rtc_disable_interrupt
 .text.rtc_get_time
                0x00402c22       0x50 src/asf/sam/drivers/rtc/rtc.o
                0x00402c22                rtc_get_time
 .text.rtc_get_date
                0x00402c72       0x64 src/asf/sam/drivers/rtc/rtc.o
                0x00402c72                rtc_get_date
 .text.rtc_get_status
                0x00402cd6        0x4 src/asf/sam/drivers/rtc/rtc.o
                0x00402cd6                rtc_get_status
 .text.rtc_clear_status
                0x00402cda        0x4 src/asf/sam/drivers/rtc/rtc.o
                0x00402cda                rtc_clear_status
 *fill*         0x00402cde        0x2 00
 .text.cpu_irq_save
                0x00402ce0       0x14 src/asf/sam/drivers/udp/udp_device.o
 .text.udd_ctrl_init
                0x00402cf4       0x1c src/asf/sam/drivers/udp/udp_device.o
 .text.udd_ctrl_stall_data
                0x00402d10       0x40 src/asf/sam/drivers/udp/udp_device.o
 .text.udd_ctrl_send_zlp_in
                0x00402d50       0x40 src/asf/sam/drivers/udp/udp_device.o
 .text.udd_ctrl_endofrequest
                0x00402d90       0x10 src/asf/sam/drivers/udp/udp_device.o
 .text.udd_ep_ack_out_received
                0x00402da0       0x80 src/asf/sam/drivers/udp/udp_device.o
 .text.udd_ep_in_sent
                0x00402e20      0x168 src/asf/sam/drivers/udp/udp_device.o
 .text.cpu_irq_restore
                0x00402f88       0x14 src/asf/sam/drivers/udp/udp_device.o
 .text.udd_sleep_mode
                0x00402f9c       0x44 src/asf/sam/drivers/udp/udp_device.o
 .text.udd_ctrl_in_sent
                0x00402fe0      0x1ac src/asf/sam/drivers/udp/udp_device.o
 .text.udd_ep_finish_job
                0x0040318c       0x3c src/asf/sam/drivers/udp/udp_device.o
 .text.UDP_Handler
                0x004031c8      0x7b8 src/asf/sam/drivers/udp/udp_device.o
                0x004031c8                UDP_Handler
 .text.udd_include_vbus_monitoring
                0x00403980        0x4 src/asf/sam/drivers/udp/udp_device.o
                0x00403980                udd_include_vbus_monitoring
 .text.udd_enable
                0x00403984       0x84 src/asf/sam/drivers/udp/udp_device.o
                0x00403984                udd_enable
 .text.udd_attach
                0x00403a08       0x60 src/asf/sam/drivers/udp/udp_device.o
                0x00403a08                udd_attach
 .text.udd_is_high_speed
                0x00403a68        0x4 src/asf/sam/drivers/udp/udp_device.o
                0x00403a68                udd_is_high_speed
 .text.udd_set_address
                0x00403a6c       0x38 src/asf/sam/drivers/udp/udp_device.o
                0x00403a6c                udd_set_address
 .text.udd_getaddress
                0x00403aa4       0x18 src/asf/sam/drivers/udp/udp_device.o
                0x00403aa4                udd_getaddress
 .text.udd_get_frame_number
                0x00403abc       0x10 src/asf/sam/drivers/udp/udp_device.o
                0x00403abc                udd_get_frame_number
 .text.udd_get_micro_frame_number
                0x00403acc        0x4 src/asf/sam/drivers/udp/udp_device.o
                0x00403acc                udd_get_micro_frame_number
 .text.udd_set_setup_payload
                0x00403ad0        0xc src/asf/sam/drivers/udp/udp_device.o
                0x00403ad0                udd_set_setup_payload
 .text.udd_ep_alloc
                0x00403adc       0xd0 src/asf/sam/drivers/udp/udp_device.o
                0x00403adc                udd_ep_alloc
 .text.udd_ep_free
                0x00403bac       0x3c src/asf/sam/drivers/udp/udp_device.o
                0x00403bac                udd_ep_free
 .text.udd_ep_is_halted
                0x00403be8       0x40 src/asf/sam/drivers/udp/udp_device.o
                0x00403be8                udd_ep_is_halted
 .text.udd_ep_set_halt
                0x00403c28       0xa0 src/asf/sam/drivers/udp/udp_device.o
                0x00403c28                udd_ep_set_halt
 .text.udd_ep_clear_halt
                0x00403cc8       0xc8 src/asf/sam/drivers/udp/udp_device.o
                0x00403cc8                udd_ep_clear_halt
 .text.udd_ep_run
                0x00403d90       0xf4 src/asf/sam/drivers/udp/udp_device.o
                0x00403d90                udd_ep_run
 .text.udd_ep_abort
                0x00403e84      0x148 src/asf/sam/drivers/udp/udp_device.o
                0x00403e84                udd_ep_abort
 .text._sbrk    0x00403fcc       0x1c src/asf/sam/utils/syscalls/gcc/syscalls.o
                0x00403fcc                _sbrk
 .text._close   0x00403fe8        0x6 src/asf/sam/utils/syscalls/gcc/syscalls.o
                0x00403fe8                _close
 .text._fstat   0x00403fee        0xa src/asf/sam/utils/syscalls/gcc/syscalls.o
                0x00403fee                _fstat
 .text._isatty  0x00403ff8        0x4 src/asf/sam/utils/syscalls/gcc/syscalls.o
                0x00403ff8                _isatty
 .text._lseek   0x00403ffc        0x4 src/asf/sam/utils/syscalls/gcc/syscalls.o
                0x00403ffc                _lseek
 .text._exit    0x00404000       0x14 src/asf/sam/utils/syscalls/gcc/syscalls.o
                0x00404000                _exit
 .text._kill    0x00404014        0x2 src/asf/sam/utils/syscalls/gcc/syscalls.o
                0x00404014                _kill
 .text._getpid  0x00404016        0x6 src/asf/sam/utils/syscalls/gcc/syscalls.o
                0x00404016                _getpid
 .text.disk_initialize
                0x0040401c       0x34 src/asf/thirdparty/fatfs/fatfs-port-r0.09/diskio.o
                0x0040401c                disk_initialize
 .text.disk_status
                0x00404050       0x1c src/asf/thirdparty/fatfs/fatfs-port-r0.09/diskio.o
                0x00404050                disk_status
 .text.disk_read
                0x0040406c       0x68 src/asf/thirdparty/fatfs/fatfs-port-r0.09/diskio.o
                0x0040406c                disk_read
 .text.disk_write
                0x004040d4       0x68 src/asf/thirdparty/fatfs/fatfs-port-r0.09/diskio.o
                0x004040d4                disk_write
 .text.disk_ioctl
                0x0040413c       0x60 src/asf/thirdparty/fatfs/fatfs-port-r0.09/diskio.o
                0x0040413c                disk_ioctl
 .text.get_fattime
                0x0040419c       0x58 src/asf/thirdparty/fatfs/fatfs-port-r0.09/sam/fattime.o
                0x0040419c                get_fattime
 .text.mem_cpy  0x004041f4       0x12 src/asf/thirdparty/fatfs/fatfs-r0.09/src/ff.o
 .text.clust2sect
                0x00404206       0x18 src/asf/thirdparty/fatfs/fatfs-r0.09/src/ff.o
 .text.sum_sfn  0x0040421e       0x1e src/asf/thirdparty/fatfs/fatfs-r0.09/src/ff.o
 .text.move_window
                0x0040423c       0x80 src/asf/thirdparty/fatfs/fatfs-r0.09/src/ff.o
 .text.sync     0x004042bc       0xc4 src/asf/thirdparty/fatfs/fatfs-r0.09/src/ff.o
 .text.validate
                0x00404380       0x28 src/asf/thirdparty/fatfs/fatfs-r0.09/src/ff.o
 .text.check_fs
                0x004043a8       0x8c src/asf/thirdparty/fatfs/fatfs-r0.09/src/ff.o
 .text.chk_mounted
                0x00404434      0x318 src/asf/thirdparty/fatfs/fatfs-r0.09/src/ff.o
 .text.get_fat  0x0040474c       0xd8 src/asf/thirdparty/fatfs/fatfs-r0.09/src/ff.o
 .text.dir_sdi  0x00404824       0x8c src/asf/thirdparty/fatfs/fatfs-r0.09/src/ff.o
 .text.put_fat  0x004048b0       0xf8 src/asf/thirdparty/fatfs/fatfs-r0.09/src/ff.o
 .text.create_chain
                0x004049a8       0xb0 src/asf/thirdparty/fatfs/fatfs-r0.09/src/ff.o
 .text.remove_chain
                0x00404a58       0x70 src/asf/thirdparty/fatfs/fatfs-r0.09/src/ff.o
 .text.dir_next
                0x00404ac8      0x10c src/asf/thirdparty/fatfs/fatfs-r0.09/src/ff.o
 .text.dir_find.part.4
                0x00404bd4      0x140 src/asf/thirdparty/fatfs/fatfs-r0.09/src/ff.o
 .text.follow_path
                0x00404d14      0x290 src/asf/thirdparty/fatfs/fatfs-r0.09/src/ff.o
 .text.dir_register
                0x00404fa4      0x278 src/asf/thirdparty/fatfs/fatfs-r0.09/src/ff.o
 .text.f_mount  0x0040521c       0x20 src/asf/thirdparty/fatfs/fatfs-r0.09/src/ff.o
                0x0040521c                f_mount
 .text.f_open   0x0040523c      0x170 src/asf/thirdparty/fatfs/fatfs-r0.09/src/ff.o
                0x0040523c                f_open
 .text.f_write  0x004053ac      0x1c8 src/asf/thirdparty/fatfs/fatfs-r0.09/src/ff.o
                0x004053ac                f_write
 .text.f_sync   0x00405574       0xc0 src/asf/thirdparty/fatfs/fatfs-r0.09/src/ff.o
                0x00405574                f_sync
 .text.f_opendir
                0x00405634       0x80 src/asf/thirdparty/fatfs/fatfs-r0.09/src/ff.o
                0x00405634                f_opendir
 .text.f_mkdir  0x004056b4      0x204 src/asf/thirdparty/fatfs/fatfs-r0.09/src/ff.o
                0x004056b4                f_mkdir
 .text.f_putc   0x004058b8       0x34 src/asf/thirdparty/fatfs/fatfs-r0.09/src/ff.o
                0x004058b8                f_putc
 .text.f_puts   0x004058ec       0x28 src/asf/thirdparty/fatfs/fatfs-r0.09/src/ff.o
                0x004058ec                f_puts
 .text.ff_convert
                0x00405914       0x3c src/asf/thirdparty/fatfs/fatfs-r0.09/src/option/ccsbcs.o
                0x00405914                ff_convert
 .text.ff_wtoupper
                0x00405950       0x24 src/asf/thirdparty/fatfs/fatfs-r0.09/src/option/ccsbcs.o
                0x00405950                ff_wtoupper
 .text.sd_mmc_test_unit_ready
                0x00405974       0x38 src/sd_mmc_mem.o
                0x00405974                sd_mmc_test_unit_ready
 .text.sd_mmc_test_unit_ready_0
                0x004059ac       0x10 src/sd_mmc_mem.o
                0x004059ac                sd_mmc_test_unit_ready_0
 .text.sd_mmc_read_capacity
                0x004059bc       0x20 src/sd_mmc_mem.o
                0x004059bc                sd_mmc_read_capacity
 .text.sd_mmc_read_capacity_0
                0x004059dc       0x10 src/sd_mmc_mem.o
                0x004059dc                sd_mmc_read_capacity_0
 .text.sd_mmc_wr_protect_0
                0x004059ec       0x10 src/sd_mmc_mem.o
                0x004059ec                sd_mmc_wr_protect_0
 .text.sd_mmc_mem_2_ram
                0x004059fc       0x3c src/sd_mmc_mem.o
                0x004059fc                sd_mmc_mem_2_ram
 .text.sd_mmc_mem_2_ram_0
                0x00405a38       0x14 src/sd_mmc_mem.o
                0x00405a38                sd_mmc_mem_2_ram_0
 .text.sd_mmc_ram_2_mem
                0x00405a4c       0x3c src/sd_mmc_mem.o
                0x00405a4c                sd_mmc_ram_2_mem
 .text.sd_mmc_ram_2_mem_0
                0x00405a88       0x14 src/sd_mmc_mem.o
                0x00405a88                sd_mmc_ram_2_mem_0
 .text.BootupTone
                0x00405a9c       0x24 src/stdio_usb_example.o
                0x00405a9c                BootupTone
 .text.startup.main
                0x00405ac0       0xcc src/stdio_usb_example.o
                0x00405ac0                main
 .text          0x00405b8c       0x2c c:/program files (x86)/atmel/atmel studio 6.0/extensions/atmel/armgcc/3.3.1.128/armgcctoolchain/bin/../lib/gcc/arm-none-eabi/4.7.0/thumb\libgcc.a(_aeabi_uldivmod.o)
                0x00405b8c                __aeabi_uldivmod
 .text          0x00405bb8       0x60 c:/program files (x86)/atmel/atmel studio 6.0/extensions/atmel/armgcc/3.3.1.128/armgcctoolchain/bin/../lib/gcc/arm-none-eabi/4.7.0/thumb\libgcc.a(bpabi.o)
                0x00405bb8                __gnu_ldivmod_helper
                0x00405be8                __gnu_uldivmod_helper
 .text          0x00405c18        0x4 c:/program files (x86)/atmel/atmel studio 6.0/extensions/atmel/armgcc/3.3.1.128/armgcctoolchain/bin/../lib/gcc/arm-none-eabi/4.7.0/thumb\libgcc.a(_dvmd_tls.o)
                0x00405c18                __aeabi_idiv0
                0x00405c18                __aeabi_ldiv0
 .text          0x00405c1c      0x2c8 c:/program files (x86)/atmel/atmel studio 6.0/extensions/atmel/armgcc/3.3.1.128/armgcctoolchain/bin/../lib/gcc/arm-none-eabi/4.7.0/thumb\libgcc.a(_divdi3.o)
                0x00405c1c                __divdi3
 .text          0x00405ee4      0x29c c:/program files (x86)/atmel/atmel studio 6.0/extensions/atmel/armgcc/3.3.1.128/armgcctoolchain/bin/../lib/gcc/arm-none-eabi/4.7.0/thumb\libgcc.a(_udivdi3.o)
                0x00405ee4                __udivdi3
 .text          0x00406180      0x9fc c:/program files (x86)/atmel/atmel studio 6.0/extensions/atmel/armgcc/3.3.1.128/armgcctoolchain/bin/../lib/gcc/arm-none-eabi/4.7.0/thumb\libgcc.a(unwind-arm.o)
                0x00406448                _Unwind_GetCFA
                0x0040644c                __gnu_Unwind_RaiseException
                0x004064ac                __gnu_Unwind_ForcedUnwind
                0x004064c4                __gnu_Unwind_Resume
                0x00406508                __gnu_Unwind_Resume_or_Rethrow
                0x00406520                _Unwind_Complete
                0x00406524                _Unwind_DeleteException
                0x00406534                _Unwind_VRS_Get
                0x00406578                _Unwind_VRS_Set
                0x0040688c                __aeabi_unwind_cpp_pr2
                0x00406894                __aeabi_unwind_cpp_pr1
                0x0040689c                __aeabi_unwind_cpp_pr0
                0x004068a4                __gnu_Unwind_Backtrace
                0x00406914                _Unwind_VRS_Pop
 .text          0x00406b7c      0x1ac c:/program files (x86)/atmel/atmel studio 6.0/extensions/atmel/armgcc/3.3.1.128/armgcctoolchain/bin/../lib/gcc/arm-none-eabi/4.7.0/thumb\libgcc.a(libunwind.o)
                0x00406b7c                __restore_core_regs
                0x00406b7c                restore_core_regs
                0x00406b94                __gnu_Unwind_Restore_VFP
                0x00406b9c                __gnu_Unwind_Save_VFP
                0x00406ba4                __gnu_Unwind_Restore_VFP_D
                0x00406bac                __gnu_Unwind_Save_VFP_D
                0x00406bb4                __gnu_Unwind_Restore_VFP_D_16_to_31
                0x00406bbc                __gnu_Unwind_Save_VFP_D_16_to_31
                0x00406bc4                __gnu_Unwind_Restore_WMMXD
                0x00406c08                __gnu_Unwind_Save_WMMXD
                0x00406c4c                __gnu_Unwind_Restore_WMMXC
                0x00406c60                __gnu_Unwind_Save_WMMXC
                0x00406c74                ___Unwind_RaiseException
                0x00406c74                _Unwind_RaiseException
                0x00406c98                _Unwind_Resume
                0x00406c98                ___Unwind_Resume
                0x00406cbc                _Unwind_Resume_or_Rethrow
                0x00406cbc                ___Unwind_Resume_or_Rethrow
                0x00406ce0                _Unwind_ForcedUnwind
                0x00406ce0                ___Unwind_ForcedUnwind
                0x00406d04                ___Unwind_Backtrace
                0x00406d04                _Unwind_Backtrace
 .text          0x00406d28      0x3a0 c:/program files (x86)/atmel/atmel studio 6.0/extensions/atmel/armgcc/3.3.1.128/armgcctoolchain/bin/../lib/gcc/arm-none-eabi/4.7.0/thumb\libgcc.a(pr-support.o)
                0x00406d74                __gnu_unwind_execute
                0x00407070                __gnu_unwind_frame
                0x00407098                _Unwind_GetRegionStart
                0x004070a4                _Unwind_GetLanguageSpecificData
                0x004070b8                _Unwind_GetDataRelBase
                0x004070c0                _Unwind_GetTextRelBase
 .text          0x004070c8        0xe c:/program files (x86)/atmel/atmel studio 6.0/extensions/atmel/armgcc/3.3.1.128/armgcctoolchain/bin/../lib/gcc/arm-none-eabi/4.7.0/../../../../arm-none-eabi/lib/thumb\libc.a(lib_a-abort.o)
                0x004070c8                abort
 .text          0x004070d6        0xc c:/program files (x86)/atmel/atmel studio 6.0/extensions/atmel/armgcc/3.3.1.128/armgcctoolchain/bin/../lib/gcc/arm-none-eabi/4.7.0/../../../../arm-none-eabi/lib/thumb\libc.a(lib_a-atexit.o)
                0x004070d6                atexit
 *fill*         0x004070e2        0x2 00
 .text          0x004070e4       0x30 c:/program files (x86)/atmel/atmel studio 6.0/extensions/atmel/armgcc/3.3.1.128/armgcctoolchain/bin/../lib/gcc/arm-none-eabi/4.7.0/../../../../arm-none-eabi/lib/thumb\libc.a(lib_a-fini.o)
                0x004070e4                __libc_fini_array
 .text          0x00407114       0x4c c:/program files (x86)/atmel/atmel studio 6.0/extensions/atmel/armgcc/3.3.1.128/armgcctoolchain/bin/../lib/gcc/arm-none-eabi/4.7.0/../../../../arm-none-eabi/lib/thumb\libc.a(lib_a-init.o)
                0x00407114                __libc_init_array
 .text          0x00407160       0x12 c:/program files (x86)/atmel/atmel studio 6.0/extensions/atmel/armgcc/3.3.1.128/armgcctoolchain/bin/../lib/gcc/arm-none-eabi/4.7.0/../../../../arm-none-eabi/lib/thumb\libc.a(lib_a-memcpy.o)
                0x00407160                memcpy
 .text          0x00407172       0x10 c:/program files (x86)/atmel/atmel studio 6.0/extensions/atmel/armgcc/3.3.1.128/armgcctoolchain/bin/../lib/gcc/arm-none-eabi/4.7.0/../../../../arm-none-eabi/lib/thumb\libc.a(lib_a-memset.o)
                0x00407172                memset
 *fill*         0x00407182        0x2 00
 .text          0x00407184       0x3c c:/program files (x86)/atmel/atmel studio 6.0/extensions/atmel/armgcc/3.3.1.128/armgcctoolchain/bin/../lib/gcc/arm-none-eabi/4.7.0/../../../../arm-none-eabi/lib/thumb\libc.a(lib_a-printf.o)
                0x00407184                _printf_r
                0x0040719e                printf
 .text          0x004071c0       0x74 c:/program files (x86)/atmel/atmel studio 6.0/extensions/atmel/armgcc/3.3.1.128/armgcctoolchain/bin/../lib/gcc/arm-none-eabi/4.7.0/../../../../arm-none-eabi/lib/thumb\libc.a(lib_a-puts.o)
                0x004071c0                _puts_r
                0x00407224                puts
 .text          0x00407234       0x10 c:/program files (x86)/atmel/atmel studio 6.0/extensions/atmel/armgcc/3.3.1.128/armgcctoolchain/bin/../lib/gcc/arm-none-eabi/4.7.0/../../../../arm-none-eabi/lib/thumb\libc.a(lib_a-setbuf.o)
                0x00407234                setbuf
 .text          0x00407244       0xec c:/program files (x86)/atmel/atmel studio 6.0/extensions/atmel/armgcc/3.3.1.128/armgcctoolchain/bin/../lib/gcc/arm-none-eabi/4.7.0/../../../../arm-none-eabi/lib/thumb\libc.a(lib_a-setvbuf.o)
                0x00407244                setvbuf
 .text          0x00407330      0x144 c:/program files (x86)/atmel/atmel studio 6.0/extensions/atmel/armgcc/3.3.1.128/armgcctoolchain/bin/../lib/gcc/arm-none-eabi/4.7.0/../../../../arm-none-eabi/lib/thumb\libc.a(lib_a-signal.o)
                0x00407330                _init_signal_r
                0x00407362                _signal_r
                0x00407396                _raise_r
                0x004073e8                __sigtramp_r
                0x00407436                raise
                0x00407444                signal
                0x00407458                _init_signal
                0x00407464                __sigtramp
 .text          0x00407474       0x28 c:/program files (x86)/atmel/atmel studio 6.0/extensions/atmel/armgcc/3.3.1.128/armgcctoolchain/bin/../lib/gcc/arm-none-eabi/4.7.0/../../../../arm-none-eabi/lib/thumb\libc.a(lib_a-signalr.o)
                0x00407474                _kill_r
                0x00407498                _getpid_r
 .text          0x0040749c       0x88 c:/program files (x86)/atmel/atmel studio 6.0/extensions/atmel/armgcc/3.3.1.128/armgcctoolchain/bin/../lib/gcc/arm-none-eabi/4.7.0/../../../../arm-none-eabi/lib/thumb\libc.a(lib_a-sprintf.o)
                0x0040749c                _sprintf_r
                0x004074dc                sprintf
 .text          0x00407524       0x10 c:/program files (x86)/atmel/atmel studio 6.0/extensions/atmel/armgcc/3.3.1.128/armgcctoolchain/bin/../lib/gcc/arm-none-eabi/4.7.0/../../../../arm-none-eabi/lib/thumb\libc.a(lib_a-strlen.o)
                0x00407524                strlen
 .text          0x00407534      0x8a8 c:/program files (x86)/atmel/atmel studio 6.0/extensions/atmel/armgcc/3.3.1.128/armgcctoolchain/bin/../lib/gcc/arm-none-eabi/4.7.0/../../../../arm-none-eabi/lib/thumb\libc.a(lib_a-svfprintf.o)
                0x00407534                _svfprintf_r
 .text          0x00407ddc      0x9c4 c:/program files (x86)/atmel/atmel studio 6.0/extensions/atmel/armgcc/3.3.1.128/armgcctoolchain/bin/../lib/gcc/arm-none-eabi/4.7.0/../../../../arm-none-eabi/lib/thumb\libc.a(lib_a-vfiprintf.o)
                0x00407ddc                __sprint_r
                0x00407e48                _vfiprintf_r
                0x00408784                vfiprintf
 .text          0x004087a0      0x958 c:/program files (x86)/atmel/atmel studio 6.0/extensions/atmel/armgcc/3.3.1.128/armgcctoolchain/bin/../lib/gcc/arm-none-eabi/4.7.0/../../../../arm-none-eabi/lib/thumb\libc.a(lib_a-vfprintf.o)
                0x004087a0                _vfprintf_r
                0x004090dc                vfprintf
 .text          0x004090f8       0xb8 c:/program files (x86)/atmel/atmel studio 6.0/extensions/atmel/armgcc/3.3.1.128/armgcctoolchain/bin/../lib/gcc/arm-none-eabi/4.7.0/../../../../arm-none-eabi/lib/thumb\libc.a(lib_a-wsetup.o)
                0x004090f8                __swsetup_r
 .text          0x004091b0       0x9c c:/program files (x86)/atmel/atmel studio 6.0/extensions/atmel/armgcc/3.3.1.128/armgcctoolchain/bin/../lib/gcc/arm-none-eabi/4.7.0/../../../../arm-none-eabi/lib/thumb\libc.a(lib_a-__atexit.o)
                0x004091b0                __register_exitproc
 .text.startup  0x0040924c       0x14 c:/program files (x86)/atmel/atmel studio 6.0/extensions/atmel/armgcc/3.3.1.128/armgcctoolchain/bin/../lib/gcc/arm-none-eabi/4.7.0/../../../../arm-none-eabi/lib/thumb\libc.a(lib_a-__call_atexit.o)
 .text          0x00409260      0x154 c:/program files (x86)/atmel/atmel studio 6.0/extensions/atmel/armgcc/3.3.1.128/armgcctoolchain/bin/../lib/gcc/arm-none-eabi/4.7.0/../../../../arm-none-eabi/lib/thumb\libc.a(lib_a-fflush.o)
                0x00409260                _fflush_r
                0x00409390                fflush
 .text          0x004093b4      0x18c c:/program files (x86)/atmel/atmel studio 6.0/extensions/atmel/armgcc/3.3.1.128/armgcctoolchain/bin/../lib/gcc/arm-none-eabi/4.7.0/../../../../arm-none-eabi/lib/thumb\libc.a(lib_a-findfp.o)
                0x004093bc                _cleanup_r
                0x00409410                __sfmoreglue
                0x0040943a                _cleanup
                0x00409448                __sinit
                0x00409494                __sfp
                0x00409510                __sfp_lock_acquire
                0x00409512                __sfp_lock_release
                0x00409514                __sinit_lock_acquire
                0x00409516                __sinit_lock_release
                0x00409518                __fp_lock_all
                0x0040952c                __fp_unlock_all
 .text          0x00409540       0xe4 c:/program files (x86)/atmel/atmel studio 6.0/extensions/atmel/armgcc/3.3.1.128/armgcctoolchain/bin/../lib/gcc/arm-none-eabi/4.7.0/../../../../arm-none-eabi/lib/thumb\libc.a(lib_a-fputwc.o)
                0x00409540                _fputwc_r
                0x004095fc                fputwc
 .text          0x00409624      0x204 c:/program files (x86)/atmel/atmel studio 6.0/extensions/atmel/armgcc/3.3.1.128/armgcctoolchain/bin/../lib/gcc/arm-none-eabi/4.7.0/../../../../arm-none-eabi/lib/thumb\libc.a(lib_a-freer.o)
                0x00409624                _malloc_trim_r
                0x004096c0                _free_r
 .text          0x00409828      0x2b0 c:/program files (x86)/atmel/atmel studio 6.0/extensions/atmel/armgcc/3.3.1.128/armgcctoolchain/bin/../lib/gcc/arm-none-eabi/4.7.0/../../../../arm-none-eabi/lib/thumb\libc.a(lib_a-fvwrite.o)
                0x00409828                __sfvwrite_r
 .text          0x00409ad8       0x8a c:/program files (x86)/atmel/atmel studio 6.0/extensions/atmel/armgcc/3.3.1.128/armgcctoolchain/bin/../lib/gcc/arm-none-eabi/4.7.0/../../../../arm-none-eabi/lib/thumb\libc.a(lib_a-fwalk.o)
                0x00409ad8                _fwalk
                0x00409b1c                _fwalk_reent
 *fill*         0x00409b62        0x2 00
 .text          0x00409b64       0x88 c:/program files (x86)/atmel/atmel studio 6.0/extensions/atmel/armgcc/3.3.1.128/armgcctoolchain/bin/../lib/gcc/arm-none-eabi/4.7.0/../../../../arm-none-eabi/lib/thumb\libc.a(lib_a-locale.o)
                0x00409b64                _setlocale_r
                0x00409ba8                __locale_charset
                0x00409bb0                __locale_mb_cur_max
                0x00409bbc                __locale_msgcharset
                0x00409bc4                __locale_cjk_lang
                0x00409bc8                _localeconv_r
                0x00409bd0                setlocale
                0x00409be4                localeconv
 .text          0x00409bec       0xd8 c:/program files (x86)/atmel/atmel studio 6.0/extensions/atmel/armgcc/3.3.1.128/armgcctoolchain/bin/../lib/gcc/arm-none-eabi/4.7.0/../../../../arm-none-eabi/lib/thumb\libc.a(lib_a-makebuf.o)
                0x00409bec                __smakebuf_r
 .text          0x00409cc4       0x20 c:/program files (x86)/atmel/atmel studio 6.0/extensions/atmel/armgcc/3.3.1.128/armgcctoolchain/bin/../lib/gcc/arm-none-eabi/4.7.0/../../../../arm-none-eabi/lib/thumb\libc.a(lib_a-malloc.o)
                0x00409cc4                malloc
                0x00409cd4                free
 .text          0x00409ce4      0x3f8 c:/program files (x86)/atmel/atmel studio 6.0/extensions/atmel/armgcc/3.3.1.128/armgcctoolchain/bin/../lib/gcc/arm-none-eabi/4.7.0/../../../../arm-none-eabi/lib/thumb\libc.a(lib_a-mallocr.o)
                0x00409ce4                _malloc_r
 .text          0x0040a0dc       0x1c c:/program files (x86)/atmel/atmel studio 6.0/extensions/atmel/armgcc/3.3.1.128/armgcctoolchain/bin/../lib/gcc/arm-none-eabi/4.7.0/../../../../arm-none-eabi/lib/thumb\libc.a(lib_a-memchr.o)
                0x0040a0dc                memchr
 .text          0x0040a0f8       0x32 c:/program files (x86)/atmel/atmel studio 6.0/extensions/atmel/armgcc/3.3.1.128/armgcctoolchain/bin/../lib/gcc/arm-none-eabi/4.7.0/../../../../arm-none-eabi/lib/thumb\libc.a(lib_a-memmove.o)
                0x0040a0f8                memmove
 .text          0x0040a12a        0x4 c:/program files (x86)/atmel/atmel studio 6.0/extensions/atmel/armgcc/3.3.1.128/armgcctoolchain/bin/../lib/gcc/arm-none-eabi/4.7.0/../../../../arm-none-eabi/lib/thumb\libc.a(lib_a-mlock.o)
                0x0040a12a                __malloc_lock
                0x0040a12c                __malloc_unlock
 *fill*         0x0040a12e        0x2 00
 .text          0x0040a130      0x2dc c:/program files (x86)/atmel/atmel studio 6.0/extensions/atmel/armgcc/3.3.1.128/armgcctoolchain/bin/../lib/gcc/arm-none-eabi/4.7.0/../../../../arm-none-eabi/lib/thumb\libc.a(lib_a-reallocr.o)
                0x0040a130                _realloc_r
 .text          0x0040a40c       0x20 c:/program files (x86)/atmel/atmel studio 6.0/extensions/atmel/armgcc/3.3.1.128/armgcctoolchain/bin/../lib/gcc/arm-none-eabi/4.7.0/../../../../arm-none-eabi/lib/thumb\libc.a(lib_a-sbrkr.o)
                0x0040a40c                _sbrk_r
 .text          0x0040a42c       0x8e c:/program files (x86)/atmel/atmel studio 6.0/extensions/atmel/armgcc/3.3.1.128/armgcctoolchain/bin/../lib/gcc/arm-none-eabi/4.7.0/../../../../arm-none-eabi/lib/thumb\libc.a(lib_a-stdio.o)
                0x0040a42c                __sread
                0x0040a44e                __seofread
                0x0040a452                __swrite
                0x0040a48e                __sseek
                0x0040a4b2                __sclose
 .text          0x0040a4ba       0x16 c:/program files (x86)/atmel/atmel studio 6.0/extensions/atmel/armgcc/3.3.1.128/armgcctoolchain/bin/../lib/gcc/arm-none-eabi/4.7.0/../../../../arm-none-eabi/lib/thumb\libc.a(lib_a-strcmp.o)
                0x0040a4ba                strcmp
 .text          0x0040a4d0      0x9a4 c:/program files (x86)/atmel/atmel studio 6.0/extensions/atmel/armgcc/3.3.1.128/armgcctoolchain/bin/../lib/gcc/arm-none-eabi/4.7.0/../../../../arm-none-eabi/lib/thumb\libc.a(lib_a-svfiprintf.o)
                0x0040a4d0                __ssprint_r
                0x0040a5ca                _svfiprintf_r
 .text          0x0040ae74       0xb4 c:/program files (x86)/atmel/atmel studio 6.0/extensions/atmel/armgcc/3.3.1.128/armgcctoolchain/bin/../lib/gcc/arm-none-eabi/4.7.0/../../../../arm-none-eabi/lib/thumb\libc.a(lib_a-wbuf.o)
                0x0040ae74                __swbuf_r
                0x0040af16                __swbuf
 .text          0x0040af28       0x68 c:/program files (x86)/atmel/atmel studio 6.0/extensions/atmel/armgcc/3.3.1.128/armgcctoolchain/bin/../lib/gcc/arm-none-eabi/4.7.0/../../../../arm-none-eabi/lib/thumb\libc.a(lib_a-wcrtomb.o)
                0x0040af28                _wcrtomb_r
                0x0040af74                wcrtomb
 .text          0x0040af90       0x44 c:/program files (x86)/atmel/atmel studio 6.0/extensions/atmel/armgcc/3.3.1.128/armgcctoolchain/bin/../lib/gcc/arm-none-eabi/4.7.0/../../../../arm-none-eabi/lib/thumb\libc.a(lib_a-wctomb_r.o)
                0x0040af90                __ascii_wctomb
                0x0040afaa                _wctomb_r
 .text          0x0040afd4       0x24 c:/program files (x86)/atmel/atmel studio 6.0/extensions/atmel/armgcc/3.3.1.128/armgcctoolchain/bin/../lib/gcc/arm-none-eabi/4.7.0/../../../../arm-none-eabi/lib/thumb\libc.a(lib_a-writer.o)
                0x0040afd4                _write_r
 .text          0x0040aff8       0x20 c:/program files (x86)/atmel/atmel studio 6.0/extensions/atmel/armgcc/3.3.1.128/armgcctoolchain/bin/../lib/gcc/arm-none-eabi/4.7.0/../../../../arm-none-eabi/lib/thumb\libc.a(lib_a-closer.o)
                0x0040aff8                _close_r
 .text          0x0040b018       0x94 c:/program files (x86)/atmel/atmel studio 6.0/extensions/atmel/armgcc/3.3.1.128/armgcctoolchain/bin/../lib/gcc/arm-none-eabi/4.7.0/../../../../arm-none-eabi/lib/thumb\libc.a(lib_a-fclose.o)
                0x0040b018                _fclose_r
                0x0040b09e                fclose
 .text          0x0040b0ac       0x24 c:/program files (x86)/atmel/atmel studio 6.0/extensions/atmel/armgcc/3.3.1.128/armgcctoolchain/bin/../lib/gcc/arm-none-eabi/4.7.0/../../../../arm-none-eabi/lib/thumb\libc.a(lib_a-fstatr.o)
                0x0040b0ac                _fstat_r
 .text          0x0040b0d0       0x20 c:/program files (x86)/atmel/atmel studio 6.0/extensions/atmel/armgcc/3.3.1.128/armgcctoolchain/bin/../lib/gcc/arm-none-eabi/4.7.0/../../../../arm-none-eabi/lib/thumb\libc.a(lib_a-isattyr.o)
                0x0040b0d0                _isatty_r
 .text          0x0040b0f0       0x24 c:/program files (x86)/atmel/atmel studio 6.0/extensions/atmel/armgcc/3.3.1.128/armgcctoolchain/bin/../lib/gcc/arm-none-eabi/4.7.0/../../../../arm-none-eabi/lib/thumb\libc.a(lib_a-lseekr.o)
                0x0040b0f0                _lseek_r
 .text          0x0040b114       0x24 c:/program files (x86)/atmel/atmel studio 6.0/extensions/atmel/armgcc/3.3.1.128/armgcctoolchain/bin/../lib/gcc/arm-none-eabi/4.7.0/../../../../arm-none-eabi/lib/thumb\libc.a(lib_a-readr.o)
                0x0040b114                _read_r
 *(.glue_7t)
 .glue_7t       0x00000000        0x0 linker stubs
 *(.glue_7)
 .glue_7        0x00000000        0x0 linker stubs
 *(.rodata .rodata* .gnu.linkonce.r.*)
 .rodata        0x0040b138       0x2c src/asf/sam/drivers/pwm/pwm.o
 .rodata.str1.1
                0x0040b164      0x1c5 src/zeppelin_fc.o
 .rodata.__func__.8991
                0x0040b329       0x17 src/asf/common/components/memory/sd_mmc/sd_mmc.o
 .rodata.__func__.8995
                0x0040b340       0x18 src/asf/common/components/memory/sd_mmc/sd_mmc.o
 .rodata.__func__.8945
                0x0040b358       0x10 src/asf/common/components/memory/sd_mmc/sd_mmc.o
 .rodata.sd_mmc_trans_units
                0x0040b368       0x1c src/asf/common/components/memory/sd_mmc/sd_mmc.o
                0x0040b368                sd_mmc_trans_units
 .rodata.mmc_trans_multipliers
                0x0040b384       0x40 src/asf/common/components/memory/sd_mmc/sd_mmc.o
                0x0040b384                mmc_trans_multipliers
 .rodata.__func__.9000
                0x0040b3c4        0x8 src/asf/common/components/memory/sd_mmc/sd_mmc.o
 .rodata.__func__.9048
                0x0040b3cc        0xd src/asf/common/components/memory/sd_mmc/sd_mmc.o
 .rodata.str1.1
                0x0040b3d9      0x219 src/asf/common/components/memory/sd_mmc/sd_mmc.o
 *fill*         0x0040b5f2        0x2 00
 .rodata.sd_trans_multipliers
                0x0040b5f4       0x40 src/asf/common/components/memory/sd_mmc/sd_mmc.o
                0x0040b5f4                sd_trans_multipliers
 .rodata.CSWTCH.69
                0x0040b634       0x14 src/asf/common/components/memory/sd_mmc/sd_mmc.o
 .rodata.__func__.8963
                0x0040b648        0xf src/asf/common/components/memory/sd_mmc/sd_mmc.o
 .rodata.__func__.9126
                0x0040b657       0x18 src/asf/common/components/memory/sd_mmc/sd_mmc.o
 .rodata.__func__.9143
                0x0040b66f       0x19 src/asf/common/components/memory/sd_mmc/sd_mmc.o
 .rodata.__func__.8982
                0x0040b688       0x16 src/asf/common/components/memory/sd_mmc/sd_mmc.o
 .rodata.CSWTCH.39
                0x0040b69e        0x5 src/asf/sam/drivers/hsmci/hsmci.o
 .rodata.str1.1
                0x0040b6a3       0x19 src/asf/sam/utils/syscalls/gcc/syscalls.o
 .rodata.CSWTCH.6
                0x0040b6bc        0x3 src/asf/thirdparty/fatfs/fatfs-port-r0.09/diskio.o
 .rodata.excvt.4497
                0x0040b6bf       0x80 src/asf/thirdparty/fatfs/fatfs-r0.09/src/ff.o
 .rodata.str1.1
                0x0040b73f       0x10 src/asf/thirdparty/fatfs/fatfs-r0.09/src/ff.o
 .rodata.LfnOfs
                0x0040b74f        0xd src/asf/thirdparty/fatfs/fatfs-r0.09/src/ff.o
 .rodata.tbl_lower.4247
                0x0040b75c      0x1e0 src/asf/thirdparty/fatfs/fatfs-r0.09/src/option/ccsbcs.o
 .rodata.Tbl    0x0040b93c      0x100 src/asf/thirdparty/fatfs/fatfs-r0.09/src/option/ccsbcs.o
 .rodata.tbl_upper.4248
                0x0040ba3c      0x1e0 src/asf/thirdparty/fatfs/fatfs-r0.09/src/option/ccsbcs.o
 .rodata        0x0040bc1c        0x4 c:/program files (x86)/atmel/atmel studio 6.0/extensions/atmel/armgcc/3.3.1.128/armgcctoolchain/bin/../lib/gcc/arm-none-eabi/4.7.0/../../../../arm-none-eabi/lib/thumb\libc.a(lib_a-impure.o)
                0x0040bc1c                _global_impure_ptr
 .rodata.str1.1
                0x0040bc20        0x2 c:/program files (x86)/atmel/atmel studio 6.0/extensions/atmel/armgcc/3.3.1.128/armgcctoolchain/bin/../lib/gcc/arm-none-eabi/4.7.0/../../../../arm-none-eabi/lib/thumb\libc.a(lib_a-impure.o)
 .rodata.str1.1
                0x00000000        0x2 c:/program files (x86)/atmel/atmel studio 6.0/extensions/atmel/armgcc/3.3.1.128/armgcctoolchain/bin/../lib/gcc/arm-none-eabi/4.7.0/../../../../arm-none-eabi/lib/thumb\libc.a(lib_a-puts.o)
 .rodata        0x0040bc22       0x20 c:/program files (x86)/atmel/atmel studio 6.0/extensions/atmel/armgcc/3.3.1.128/armgcctoolchain/bin/../lib/gcc/arm-none-eabi/4.7.0/../../../../arm-none-eabi/lib/thumb\libc.a(lib_a-svfprintf.o)
 .rodata.str1.1
                0x0040bc42       0x22 c:/program files (x86)/atmel/atmel studio 6.0/extensions/atmel/armgcc/3.3.1.128/armgcctoolchain/bin/../lib/gcc/arm-none-eabi/4.7.0/../../../../arm-none-eabi/lib/thumb\libc.a(lib_a-svfprintf.o)
 .rodata        0x0040bc64       0x20 c:/program files (x86)/atmel/atmel studio 6.0/extensions/atmel/armgcc/3.3.1.128/armgcctoolchain/bin/../lib/gcc/arm-none-eabi/4.7.0/../../../../arm-none-eabi/lib/thumb\libc.a(lib_a-vfiprintf.o)
 .rodata.str1.1
                0x00000000       0x22 c:/program files (x86)/atmel/atmel studio 6.0/extensions/atmel/armgcc/3.3.1.128/armgcctoolchain/bin/../lib/gcc/arm-none-eabi/4.7.0/../../../../arm-none-eabi/lib/thumb\libc.a(lib_a-vfiprintf.o)
 .rodata        0x0040bc84       0x20 c:/program files (x86)/atmel/atmel studio 6.0/extensions/atmel/armgcc/3.3.1.128/armgcctoolchain/bin/../lib/gcc/arm-none-eabi/4.7.0/../../../../arm-none-eabi/lib/thumb\libc.a(lib_a-vfprintf.o)
 .rodata.str1.1
                0x00000000       0x22 c:/program files (x86)/atmel/atmel studio 6.0/extensions/atmel/armgcc/3.3.1.128/armgcctoolchain/bin/../lib/gcc/arm-none-eabi/4.7.0/../../../../arm-none-eabi/lib/thumb\libc.a(lib_a-vfprintf.o)
 .rodata.str1.1
                0x0040bca4        0x6 c:/program files (x86)/atmel/atmel studio 6.0/extensions/atmel/armgcc/3.3.1.128/armgcctoolchain/bin/../lib/gcc/arm-none-eabi/4.7.0/../../../../arm-none-eabi/lib/thumb\libc.a(lib_a-locale.o)
                                  0xb (size before relaxing)
 .rodata        0x0040bcaa       0x20 c:/program files (x86)/atmel/atmel studio 6.0/extensions/atmel/armgcc/3.3.1.128/armgcctoolchain/bin/../lib/gcc/arm-none-eabi/4.7.0/../../../../arm-none-eabi/lib/thumb\libc.a(lib_a-svfiprintf.o)
 .rodata.str1.1
                0x00000000       0x22 c:/program files (x86)/atmel/atmel studio 6.0/extensions/atmel/armgcc/3.3.1.128/armgcctoolchain/bin/../lib/gcc/arm-none-eabi/4.7.0/../../../../arm-none-eabi/lib/thumb\libc.a(lib_a-svfiprintf.o)
 *(.ARM.extab* .gnu.linkonce.armextab.*)
 *fill*         0x0040bcca        0x2 00
 .ARM.extab     0x0040bccc       0x18 c:/program files (x86)/atmel/atmel studio 6.0/extensions/atmel/armgcc/3.3.1.128/armgcctoolchain/bin/../lib/gcc/arm-none-eabi/4.7.0/thumb\libgcc.a(unwind-arm.o)
 .ARM.extab     0x0040bce4       0x18 c:/program files (x86)/atmel/atmel studio 6.0/extensions/atmel/armgcc/3.3.1.128/armgcctoolchain/bin/../lib/gcc/arm-none-eabi/4.7.0/thumb\libgcc.a(pr-support.o)
                0x0040bcfc                . = ALIGN (0x4)
 *(.init)
 .init          0x0040bcfc        0x4 c:/program files (x86)/atmel/atmel studio 6.0/extensions/atmel/armgcc/3.3.1.128/armgcctoolchain/bin/../lib/gcc/arm-none-eabi/4.7.0/thumb/crti.o
                0x0040bcfc                _init
 .init          0x0040bd00        0x8 c:/program files (x86)/atmel/atmel studio 6.0/extensions/atmel/armgcc/3.3.1.128/armgcctoolchain/bin/../lib/gcc/arm-none-eabi/4.7.0/thumb/crtn.o
                0x0040bd08                . = ALIGN (0x4)
                0x0040bd08                __preinit_array_start = .
 *(.preinit_array)
                0x0040bd08                __preinit_array_end = .
                0x0040bd08                . = ALIGN (0x4)
                0x0040bd08                __init_array_start = .
 *(SORT(.init_array.*))
 .init_array.00000
                0x0040bd08        0x4 c:/program files (x86)/atmel/atmel studio 6.0/extensions/atmel/armgcc/3.3.1.128/armgcctoolchain/bin/../lib/gcc/arm-none-eabi/4.7.0/../../../../arm-none-eabi/lib/thumb\libc.a(lib_a-__call_atexit.o)
 *(.init_array)
 .init_array    0x0040bd0c        0x4 c:/program files (x86)/atmel/atmel studio 6.0/extensions/atmel/armgcc/3.3.1.128/armgcctoolchain/bin/../lib/gcc/arm-none-eabi/4.7.0/thumb/crtbegin.o
                0x0040bd10                __init_array_end = .
                0x0040bd10                . = ALIGN (0x4)
 *crtbegin.o(.ctors)
 *(EXCLUDE_FILE(*crtend.o) .ctors)
 *(SORT(.ctors.*))
 *crtend.o(.ctors)
                0x0040bd10                . = ALIGN (0x4)
 *(.fini)
 .fini          0x0040bd10        0x4 c:/program files (x86)/atmel/atmel studio 6.0/extensions/atmel/armgcc/3.3.1.128/armgcctoolchain/bin/../lib/gcc/arm-none-eabi/4.7.0/thumb/crti.o
                0x0040bd10                _fini
 .fini          0x0040bd14        0x8 c:/program files (x86)/atmel/atmel studio 6.0/extensions/atmel/armgcc/3.3.1.128/armgcctoolchain/bin/../lib/gcc/arm-none-eabi/4.7.0/thumb/crtn.o
                0x0040bd1c                . = ALIGN (0x4)
                0x0040bd1c                __fini_array_start = .
 *(.fini_array)
 .fini_array    0x0040bd1c        0x4 c:/program files (x86)/atmel/atmel studio 6.0/extensions/atmel/armgcc/3.3.1.128/armgcctoolchain/bin/../lib/gcc/arm-none-eabi/4.7.0/thumb/crtbegin.o
 *(SORT(.fini_array.*))
                0x0040bd20                __fini_array_end = .
 *crtbegin.o(.dtors)
 *(EXCLUDE_FILE(*crtend.o) .dtors)
 *(SORT(.dtors.*))
 *crtend.o(.dtors)
                0x0040bd20                . = ALIGN (0x4)
                0x0040bd20                _efixed = .
                0x0040bd20                PROVIDE (__exidx_start, .)

.vfp11_veneer   0x0040bd20        0x0
 .vfp11_veneer  0x00000000        0x0 linker stubs

.v4_bx          0x0040bd20        0x0
 .v4_bx         0x00000000        0x0 linker stubs

.iplt           0x0040bd20        0x0
 .iplt          0x00000000        0x0 c:/program files (x86)/atmel/atmel studio 6.0/extensions/atmel/armgcc/3.3.1.128/armgcctoolchain/bin/../lib/gcc/arm-none-eabi/4.7.0/thumb/crtbegin.o

.ARM.exidx      0x0040bd20       0xd8
 *(.ARM.exidx* .gnu.linkonce.armexidx.*)
 .ARM.exidx     0x0040bd20        0x8 c:/program files (x86)/atmel/atmel studio 6.0/extensions/atmel/armgcc/3.3.1.128/armgcctoolchain/bin/../lib/gcc/arm-none-eabi/4.7.0/thumb\libgcc.a(_divdi3.o)
 .ARM.exidx     0x0040bd28        0x8 c:/program files (x86)/atmel/atmel studio 6.0/extensions/atmel/armgcc/3.3.1.128/armgcctoolchain/bin/../lib/gcc/arm-none-eabi/4.7.0/thumb\libgcc.a(_udivdi3.o)
 .ARM.exidx     0x0040bd30       0x90 c:/program files (x86)/atmel/atmel studio 6.0/extensions/atmel/armgcc/3.3.1.128/armgcctoolchain/bin/../lib/gcc/arm-none-eabi/4.7.0/thumb\libgcc.a(unwind-arm.o)
                                 0xd8 (size before relaxing)
 .ARM.exidx     0x0040bdc0       0x38 c:/program files (x86)/atmel/atmel studio 6.0/extensions/atmel/armgcc/3.3.1.128/armgcctoolchain/bin/../lib/gcc/arm-none-eabi/4.7.0/thumb\libgcc.a(pr-support.o)
                                 0x48 (size before relaxing)
                0x0040bdf8                PROVIDE (__exidx_end, .)

.eh_frame       0x0040bdf8        0x0
 .eh_frame      0x0040bdf8        0x0 c:/program files (x86)/atmel/atmel studio 6.0/extensions/atmel/armgcc/3.3.1.128/armgcctoolchain/bin/../lib/gcc/arm-none-eabi/4.7.0/thumb/crtbegin.o

.rel.dyn        0x0040bdf8        0x0
 .rel.iplt      0x00000000        0x0 c:/program files (x86)/atmel/atmel studio 6.0/extensions/atmel/armgcc/3.3.1.128/armgcctoolchain/bin/../lib/gcc/arm-none-eabi/4.7.0/thumb/crtbegin.o

.jcr            0x0040bdf8        0x0
 .jcr           0x0040bdf8        0x0 c:/program files (x86)/atmel/atmel studio 6.0/extensions/atmel/armgcc/3.3.1.128/armgcctoolchain/bin/../lib/gcc/arm-none-eabi/4.7.0/thumb/crtbegin.o

.tm_clone_table
                0x0040bdf8        0x0
 .tm_clone_table
                0x0040bdf8        0x0 c:/program files (x86)/atmel/atmel studio 6.0/extensions/atmel/armgcc/3.3.1.128/armgcctoolchain/bin/../lib/gcc/arm-none-eabi/4.7.0/thumb/crtbegin.o
 .tm_clone_table
                0x0040bdf8        0x0 c:/program files (x86)/atmel/atmel studio 6.0/extensions/atmel/armgcc/3.3.1.128/armgcctoolchain/bin/../lib/gcc/arm-none-eabi/4.7.0/thumb/crtend.o

.igot.plt       0x0040bdf8        0x0
 .igot.plt      0x00000000        0x0 c:/program files (x86)/atmel/atmel studio 6.0/extensions/atmel/armgcc/3.3.1.128/armgcctoolchain/bin/../lib/gcc/arm-none-eabi/4.7.0/thumb/crtbegin.o
                0x0040bdf8                . = ALIGN (0x4)
                0x0040bdf8                _etext = .

.relocate       0x20000000      0x9d8 load address 0x0040bdf8
                0x20000000                . = ALIGN (0x4)
                0x20000000                _srelocate = .
 *(.ramfunc .ramfunc.*)
 .ramfunc       0x20000000        0xa src/asf/common/services/delay/sam/cycle_counter.o
                0x20000000                portable_delay_cycles
 *(.data .data.*)
 *fill*         0x2000000a        0x2 00
 .data.SystemCoreClock
                0x2000000c        0x4 src/asf/sam/utils/cmsis/sam3s8/source/templates/system_sam3sd8.o
                0x2000000c                SystemCoreClock
 .data.temp     0x20000010        0x2 src/pwmb.o
 .data.aa       0x20000012        0x1 src/zeppelin_fc.o
 .data.file_name
                0x20000013       0x11 src/zeppelin_fc.o
                0x20000013                file_name
 .data.b_read   0x20000024        0x1 src/zeppelin_fc.o
 *fill*         0x20000025        0x3 00
 .data.bTemp    0x20000028        0x4 src/zeppelin_fc.o
                0x20000028                bTemp
 .data.sd_mmc_cards
                0x2000002c       0x24 src/asf/common/components/memory/sd_mmc/sd_mmc.o
 .data.udi_api_cdc_data
                0x20000050       0x14 src/asf/common/services/usb/class/cdc/device/udi_cdc.o
                0x20000050                udi_api_cdc_data
 .data.udi_api_cdc_comm
                0x20000064       0x14 src/asf/common/services/usb/class/cdc/device/udi_cdc.o
                0x20000064                udi_api_cdc_comm
 .data.udc_config
                0x20000078        0x8 src/asf/common/services/usb/class/cdc/device/udi_cdc_desc.o
                0x20000078                udc_config
 .data.udi_apis
                0x20000080        0x8 src/asf/common/services/usb/class/cdc/device/udi_cdc_desc.o
                0x20000080                udi_apis
 .data.udc_config_fs
                0x20000088        0x8 src/asf/common/services/usb/class/cdc/device/udi_cdc_desc.o
                0x20000088                udc_config_fs
 .data.udc_device_desc
                0x20000090       0x14 src/asf/common/services/usb/class/cdc/device/udi_cdc_desc.o
                0x20000090                udc_device_desc
 .data.udc_desc_fs
                0x200000a4       0x44 src/asf/common/services/usb/class/cdc/device/udi_cdc_desc.o
                0x200000a4                udc_desc_fs
 .data.udc_string_product_name
                0x200000e8        0x4 src/asf/common/services/usb/udc/udc.o
 .data.udc_string_manufacturer_name
                0x200000ec        0xa src/asf/common/services/usb/udc/udc.o
 *fill*         0x200000f6        0x2 00
 .data.udc_string_desc
                0x200000f8       0x14 src/asf/common/services/usb/udc/udc.o
 .data.udc_string_desc_languageid
                0x2000010c        0x4 src/asf/common/services/usb/udc/udc.o
 .data.g_interrupt_enabled
                0x20000110        0x1 src/asf/common/utils/interrupt/interrupt_sam_nvic.o
                0x20000110                g_interrupt_enabled
 *fill*         0x20000111        0x7 00
 .data          0x20000118      0x430 c:/program files (x86)/atmel/atmel studio 6.0/extensions/atmel/armgcc/3.3.1.128/armgcctoolchain/bin/../lib/gcc/arm-none-eabi/4.7.0/../../../../arm-none-eabi/lib/thumb\libc.a(lib_a-impure.o)
                0x20000118                _impure_ptr
 .data          0x20000548       0x7c c:/program files (x86)/atmel/atmel studio 6.0/extensions/atmel/armgcc/3.3.1.128/armgcctoolchain/bin/../lib/gcc/arm-none-eabi/4.7.0/../../../../arm-none-eabi/lib/thumb\libc.a(lib_a-locale.o)
                0x20000568                __mb_cur_max
 .data          0x200005c4      0x410 c:/program files (x86)/atmel/atmel studio 6.0/extensions/atmel/armgcc/3.3.1.128/armgcctoolchain/bin/../lib/gcc/arm-none-eabi/4.7.0/../../../../arm-none-eabi/lib/thumb\libc.a(lib_a-mallocr.o)
                0x200005c4                __malloc_av_
                0x200009cc                __malloc_sbrk_base
                0x200009d0                __malloc_trim_threshold
 .data          0x200009d4        0x4 c:/program files (x86)/atmel/atmel studio 6.0/extensions/atmel/armgcc/3.3.1.128/armgcctoolchain/bin/../lib/gcc/arm-none-eabi/4.7.0/../../../../arm-none-eabi/lib/thumb\libc.a(lib_a-wctomb_r.o)
                0x200009d4                __wctomb
                0x200009d8                . = ALIGN (0x4)
                0x200009d8                _erelocate = .

.bss            0x200009d8      0xfdc load address 0x0040c7d0
                0x200009d8                . = ALIGN (0x4)
                0x200009d8                _sbss = .
                0x200009d8                _szero = .
 *(.bss .bss.*)
 .bss           0x200009d8       0x1c c:/program files (x86)/atmel/atmel studio 6.0/extensions/atmel/armgcc/3.3.1.128/armgcctoolchain/bin/../lib/gcc/arm-none-eabi/4.7.0/thumb/crtbegin.o
 .bss.t         0x200009f4        0x4 src/pwmb.o
                0x200009f4                t
 .bss.g_pwm_channel_led
                0x200009f8       0x28 src/pwmb.o
 .bss.pwm_count
                0x20000a20        0x4 src/pwmb.o
 .bss.pwm_state
                0x20000a24        0x1 src/pwmb.o
 *fill*         0x20000a25        0x3 00
 .bss.gs_ul_alarm_triggered
                0x20000a28        0x4 src/rtc.o
 .bss.b_ms      0x20000a2c        0x4 src/zeppelin_fc.o
 .bss.ul_ms_ticks
                0x20000a30        0x4 src/zeppelin_fc.o
                0x20000a30                ul_ms_ticks
 .bss.sd_mmc_nb_block_to_tranfer
                0x20000a34        0x2 src/asf/common/components/memory/sd_mmc/sd_mmc.o
 .bss.sd_mmc_sam_systick_used
                0x20000a36        0x1 src/asf/common/components/memory/sd_mmc/sd_mmc.o
 *fill*         0x20000a37        0x1 00
 .bss.sd_mmc_card
                0x20000a38        0x4 src/asf/common/components/memory/sd_mmc/sd_mmc.o
 .bss.sd_mmc_slot_sel
                0x20000a3c        0x1 src/asf/common/components/memory/sd_mmc/sd_mmc.o
 *fill*         0x20000a3d        0x1 00
 .bss.sd_mmc_nb_block_remaining
                0x20000a3e        0x2 src/asf/common/components/memory/sd_mmc/sd_mmc.o
 .bss.udi_cdc_line_coding
                0x20000a40        0x7 src/asf/common/services/usb/class/cdc/device/udi_cdc.o
 .bss.udi_cdc_nb_data_enabled
                0x20000a47        0x1 src/asf/common/services/usb/class/cdc/device/udi_cdc.o
 .bss.udi_cdc_tx_buf_sel
                0x20000a48        0x1 src/asf/common/services/usb/class/cdc/device/udi_cdc.o
 *fill*         0x20000a49        0x1 00
 .bss.udi_cdc_tx_buf_nb
                0x20000a4a        0x4 src/asf/common/services/usb/class/cdc/device/udi_cdc.o
 *fill*         0x20000a4e        0x2 00
 .bss.udi_cdc_tx_buf
                0x20000a50      0x280 src/asf/common/services/usb/class/cdc/device/udi_cdc.o
 .bss.udi_cdc_rx_buf_nb
                0x20000cd0        0x4 src/asf/common/services/usb/class/cdc/device/udi_cdc.o
 .bss.udi_cdc_nb_comm_enabled
                0x20000cd4        0x1 src/asf/common/services/usb/class/cdc/device/udi_cdc.o
 *fill*         0x20000cd5        0x1 00
 .bss.udi_cdc_rx_pos
                0x20000cd6        0x2 src/asf/common/services/usb/class/cdc/device/udi_cdc.o
 .bss.udi_cdc_tx_sof_num
                0x20000cd8        0x2 src/asf/common/services/usb/class/cdc/device/udi_cdc.o
 .bss.udi_cdc_data_running
                0x20000cda        0x1 src/asf/common/services/usb/class/cdc/device/udi_cdc.o
 .bss.udi_cdc_rx_buf_sel
                0x20000cdb        0x1 src/asf/common/services/usb/class/cdc/device/udi_cdc.o
 .bss.udi_cdc_tx_trans_ongoing
                0x20000cdc        0x1 src/asf/common/services/usb/class/cdc/device/udi_cdc.o
 *fill*         0x20000cdd        0x3 00
 .bss.uid_cdc_state_msg
                0x20000ce0        0xc src/asf/common/services/usb/class/cdc/device/udi_cdc.o
 .bss.udi_cdc_rx_buf
                0x20000cec      0x280 src/asf/common/services/usb/class/cdc/device/udi_cdc.o
 .bss.udi_cdc_rx_trans_ongoing
                0x20000f6c        0x1 src/asf/common/services/usb/class/cdc/device/udi_cdc.o
 .bss.udi_cdc_tx_both_buf_to_send
                0x20000f6d        0x1 src/asf/common/services/usb/class/cdc/device/udi_cdc.o
 .bss.udi_cdc_state
                0x20000f6e        0x2 src/asf/common/services/usb/class/cdc/device/udi_cdc.o
 .bss.udc_ptr_conf
                0x20000f70        0x4 src/asf/common/services/usb/udc/udc.o
 .bss.udc_iface_setting.7205
                0x20000f74        0x1 src/asf/common/services/usb/udc/udc.o
 *fill*         0x20000f75        0x1 00
 .bss.udc_ep_status.7147
                0x20000f76        0x2 src/asf/common/services/usb/udc/udc.o
 .bss.udc_device_status
                0x20000f78        0x2 src/asf/common/services/usb/udc/udc.o
 .bss.udc_num_configuration
                0x20000f7a        0x1 src/asf/common/services/usb/udc/udc.o
 *fill*         0x20000f7b        0x1 00
 .bss.udc_ptr_iface
                0x20000f7c        0x4 src/asf/common/services/usb/udc/udc.o
 .bss.stdio_usb_interface_enable
                0x20000f80        0x1 src/asf/common/utils/stdio/stdio_usb/stdio_usb.o
 *fill*         0x20000f81        0x1 00
 .bss.hsmci_block_size
                0x20000f82        0x2 src/asf/sam/drivers/hsmci/hsmci.o
 .bss.hsmci_nb_block
                0x20000f84        0x2 src/asf/sam/drivers/hsmci/hsmci.o
 *fill*         0x20000f86        0x2 00
 .bss.hsmci_transfert_pos
                0x20000f88        0x4 src/asf/sam/drivers/hsmci/hsmci.o
 .bss.gs_interrupt_sources
                0x20000f8c       0x70 src/asf/sam/drivers/pio/pio_handler.o
 .bss.udd_ctrl_prev_payload_nb_trans
                0x20000ffc        0x2 src/asf/sam/drivers/udp/udp_device.o
 .bss.b_shortpacket.7834
                0x20000ffe        0x1 src/asf/sam/drivers/udp/udp_device.o
 *fill*         0x20000fff        0x1 00
 .bss.udd_ep_job
                0x20001000       0x3c src/asf/sam/drivers/udp/udp_device.o
 .bss.udd_b_idle
                0x2000103c        0x1 src/asf/sam/drivers/udp/udp_device.o
 *fill*         0x2000103d        0x1 00
 .bss.udd_ctrl_payload_nb_trans
                0x2000103e        0x2 src/asf/sam/drivers/udp/udp_device.o
 .bss.udd_ep_control_state
                0x20001040        0x1 src/asf/sam/drivers/udp/udp_device.o
 *fill*         0x20001041        0x3 00
 .bss.heap.5080
                0x20001044        0x4 src/asf/sam/utils/syscalls/gcc/syscalls.o
 .bss.Fsid      0x20001048        0x2 src/asf/thirdparty/fatfs/fatfs-r0.09/src/ff.o
 *fill*         0x2000104a        0x2 00
 .bss.FatFs     0x2000104c        0x4 src/asf/thirdparty/fatfs/fatfs-r0.09/src/ff.o
 .bss           0x20001050       0x34 c:/program files (x86)/atmel/atmel studio 6.0/extensions/atmel/armgcc/3.3.1.128/armgcctoolchain/bin/../lib/gcc/arm-none-eabi/4.7.0/../../../../arm-none-eabi/lib/thumb\libc.a(lib_a-mallocr.o)
                0x20001050                __malloc_top_pad
                0x20001054                __malloc_current_mallinfo
                0x2000107c                __malloc_max_sbrked_mem
                0x20001080                __malloc_max_total_mem
 *(COMMON)
 COMMON         0x20001084      0x902 src/zeppelin_fc.o
                0x20001084                log
                0x200012a8                Script
                0x200014a8                fno
                0x200014c8                fs
                0x200016f8                file_object
                0x2000191c                f_script
                0x2000193c                f_log
                0x2000195c                bw
                0x20001960                dir
                0x20001984                res
                0x20001985                status
 COMMON         0x20001986        0x5 src/asf/common/services/sleepmgr/sam/sleepmgr.o
                0x20001986                sleepmgr_locks
 *fill*         0x2000198b        0x1 00
 COMMON         0x2000198c        0x4 src/asf/common/utils/stdio/read.o
                0x2000198c                ptr_get
 COMMON         0x20001990        0x8 src/asf/common/utils/stdio/write.o
                0x20001990                ptr_put
                0x20001994                stdio_base
 COMMON         0x20001998       0x18 src/asf/sam/drivers/udp/udp_device.o
                0x20001998                udd_g_ctrlreq
 COMMON         0x200019b0        0x4 c:/program files (x86)/atmel/atmel studio 6.0/extensions/atmel/armgcc/3.3.1.128/armgcctoolchain/bin/../lib/gcc/arm-none-eabi/4.7.0/../../../../arm-none-eabi/lib/thumb\libc.a(lib_a-reent.o)
                0x200019b0                errno
                0x200019b4                . = ALIGN (0x4)
                0x200019b4                _ebss = .
                0x200019b4                _ezero = .

.stack          0x200019b4     0x2004 load address 0x0040d7ac
                0x200019b8                . = ALIGN (0x8)
 *fill*         0x200019b4        0x4 00
                0x200019b8                _sstack = .
                0x200039b8                . = (. + __stack_size__)
 *fill*         0x200019b8     0x2000 00
                0x200039b8                . = ALIGN (0x8)
                0x200039b8                _estack = .
                0x200039b8                . = ALIGN (0x4)
                0x200039b8                _end = .
OUTPUT(Zeppelin-FC.elf elf32-littlearm)

.ARM.attributes
                0x00000000       0x29
 .ARM.attributes
                0x00000000       0x1d c:/program files (x86)/atmel/atmel studio 6.0/extensions/atmel/armgcc/3.3.1.128/armgcctoolchain/bin/../lib/gcc/arm-none-eabi/4.7.0/thumb/crti.o
 .ARM.attributes
                0x0000001d       0x2d c:/program files (x86)/atmel/atmel studio 6.0/extensions/atmel/armgcc/3.3.1.128/armgcctoolchain/bin/../lib/gcc/arm-none-eabi/4.7.0/thumb/crtbegin.o
 .ARM.attributes
                0x0000004a       0x33 src/asf/sam/drivers/pwm/pwm.o
 .ARM.attributes
                0x0000007d       0x33 src/asf/sam/utils/cmsis/sam3s8/source/templates/exceptions.o
 .ARM.attributes
                0x000000b0       0x33 src/asf/sam/utils/cmsis/sam3s8/source/templates/gcc/startup_sam3sd8.o
 .ARM.attributes
                0x000000e3       0x33 src/asf/sam/utils/cmsis/sam3s8/source/templates/system_sam3sd8.o
 .ARM.attributes
                0x00000116       0x33 src/pwmb.o
 .ARM.attributes
                0x00000149       0x33 src/rtc.o
 .ARM.attributes
                0x0000017c       0x33 src/zeppelin_fc.o
 .ARM.attributes
                0x000001af       0x33 src/asf/common/components/memory/sd_mmc/sd_mmc.o
 .ARM.attributes
                0x000001e2       0x33 src/asf/common/services/clock/sam3s/sysclk.o
 .ARM.attributes
                0x00000215       0x33 src/asf/common/services/delay/sam/cycle_counter.o
 .ARM.attributes
                0x00000248       0x33 src/asf/common/services/sleepmgr/sam/sleepmgr.o
 .ARM.attributes
                0x0000027b       0x33 src/asf/common/services/storage/ctrl_access/ctrl_access.o
 .ARM.attributes
                0x000002ae       0x33 src/asf/common/services/usb/class/cdc/device/udi_cdc.o
 .ARM.attributes
                0x000002e1       0x33 src/asf/common/services/usb/class/cdc/device/udi_cdc_desc.o
 .ARM.attributes
                0x00000314       0x33 src/asf/common/services/usb/udc/udc.o
 .ARM.attributes
                0x00000347       0x33 src/asf/common/utils/interrupt/interrupt_sam_nvic.o
 .ARM.attributes
                0x0000037a       0x33 src/asf/common/utils/stdio/read.o
 .ARM.attributes
                0x000003ad       0x33 src/asf/common/utils/stdio/stdio_usb/stdio_usb.o
 .ARM.attributes
                0x000003e0       0x33 src/asf/common/utils/stdio/write.o
 .ARM.attributes
                0x00000413       0x33 src/asf/sam/boards/sam3s_ek/init.o
 .ARM.attributes
                0x00000446       0x33 src/asf/sam/drivers/hsmci/hsmci.o
 .ARM.attributes
                0x00000479       0x33 src/asf/sam/drivers/pio/pio.o
 .ARM.attributes
                0x000004ac       0x33 src/asf/sam/drivers/pio/pio_handler.o
 .ARM.attributes
                0x000004df       0x33 src/asf/sam/drivers/pmc/pmc.o
 .ARM.attributes
                0x00000512       0x33 src/asf/sam/drivers/rtc/rtc.o
 .ARM.attributes
                0x00000545       0x33 src/asf/sam/drivers/udp/udp_device.o
 .ARM.attributes
                0x00000578       0x33 src/asf/sam/utils/syscalls/gcc/syscalls.o
 .ARM.attributes
                0x000005ab       0x33 src/asf/thirdparty/fatfs/fatfs-port-r0.09/diskio.o
 .ARM.attributes
                0x000005de       0x33 src/asf/thirdparty/fatfs/fatfs-port-r0.09/sam/fattime.o
 .ARM.attributes
                0x00000611       0x33 src/asf/thirdparty/fatfs/fatfs-r0.09/src/ff.o
 .ARM.attributes
                0x00000644       0x33 src/asf/thirdparty/fatfs/fatfs-r0.09/src/option/ccsbcs.o
 .ARM.attributes
                0x00000677       0x33 src/sd_mmc_mem.o
 .ARM.attributes
                0x000006aa       0x33 src/stdio_usb_example.o
 .ARM.attributes
                0x000006dd       0x1d c:/program files (x86)/atmel/atmel studio 6.0/extensions/atmel/armgcc/3.3.1.128/armgcctoolchain/bin/../lib/gcc/arm-none-eabi/4.7.0/thumb\libgcc.a(_aeabi_uldivmod.o)
 .ARM.attributes
                0x000006fa       0x2d c:/program files (x86)/atmel/atmel studio 6.0/extensions/atmel/armgcc/3.3.1.128/armgcctoolchain/bin/../lib/gcc/arm-none-eabi/4.7.0/thumb\libgcc.a(bpabi.o)
 .ARM.attributes
                0x00000727       0x1d c:/program files (x86)/atmel/atmel studio 6.0/extensions/atmel/armgcc/3.3.1.128/armgcctoolchain/bin/../lib/gcc/arm-none-eabi/4.7.0/thumb\libgcc.a(_dvmd_tls.o)
 .ARM.attributes
                0x00000744       0x2d c:/program files (x86)/atmel/atmel studio 6.0/extensions/atmel/armgcc/3.3.1.128/armgcctoolchain/bin/../lib/gcc/arm-none-eabi/4.7.0/thumb\libgcc.a(_divdi3.o)
 .ARM.attributes
                0x00000771       0x2d c:/program files (x86)/atmel/atmel studio 6.0/extensions/atmel/armgcc/3.3.1.128/armgcctoolchain/bin/../lib/gcc/arm-none-eabi/4.7.0/thumb\libgcc.a(_udivdi3.o)
 .ARM.attributes
                0x0000079e       0x2d c:/program files (x86)/atmel/atmel studio 6.0/extensions/atmel/armgcc/3.3.1.128/armgcctoolchain/bin/../lib/gcc/arm-none-eabi/4.7.0/../../../../arm-none-eabi/lib/thumb\libc.a(lib_a-atexit.o)
 .ARM.attributes
                0x000007cb       0x2d c:/program files (x86)/atmel/atmel studio 6.0/extensions/atmel/armgcc/3.3.1.128/armgcctoolchain/bin/../lib/gcc/arm-none-eabi/4.7.0/../../../../arm-none-eabi/lib/thumb\libc.a(lib_a-fini.o)
 .ARM.attributes
                0x000007f8       0x2d c:/program files (x86)/atmel/atmel studio 6.0/extensions/atmel/armgcc/3.3.1.128/armgcctoolchain/bin/../lib/gcc/arm-none-eabi/4.7.0/../../../../arm-none-eabi/lib/thumb\libc.a(lib_a-impure.o)
 .ARM.attributes
                0x00000825       0x2d c:/program files (x86)/atmel/atmel studio 6.0/extensions/atmel/armgcc/3.3.1.128/armgcctoolchain/bin/../lib/gcc/arm-none-eabi/4.7.0/../../../../arm-none-eabi/lib/thumb\libc.a(lib_a-init.o)
 .ARM.attributes
                0x00000852       0x2d c:/program files (x86)/atmel/atmel studio 6.0/extensions/atmel/armgcc/3.3.1.128/armgcctoolchain/bin/../lib/gcc/arm-none-eabi/4.7.0/../../../../arm-none-eabi/lib/thumb\libc.a(lib_a-memcpy.o)
 .ARM.attributes
                0x0000087f       0x2d c:/program files (x86)/atmel/atmel studio 6.0/extensions/atmel/armgcc/3.3.1.128/armgcctoolchain/bin/../lib/gcc/arm-none-eabi/4.7.0/../../../../arm-none-eabi/lib/thumb\libc.a(lib_a-memset.o)
 .ARM.attributes
                0x000008ac       0x2d c:/program files (x86)/atmel/atmel studio 6.0/extensions/atmel/armgcc/3.3.1.128/armgcctoolchain/bin/../lib/gcc/arm-none-eabi/4.7.0/../../../../arm-none-eabi/lib/thumb\libc.a(lib_a-printf.o)
 .ARM.attributes
                0x000008d9       0x2d c:/program files (x86)/atmel/atmel studio 6.0/extensions/atmel/armgcc/3.3.1.128/armgcctoolchain/bin/../lib/gcc/arm-none-eabi/4.7.0/../../../../arm-none-eabi/lib/thumb\libc.a(lib_a-puts.o)
 .ARM.attributes
                0x00000906       0x2d c:/program files (x86)/atmel/atmel studio 6.0/extensions/atmel/armgcc/3.3.1.128/armgcctoolchain/bin/../lib/gcc/arm-none-eabi/4.7.0/../../../../arm-none-eabi/lib/thumb\libc.a(lib_a-setbuf.o)
 .ARM.attributes
                0x00000933       0x2d c:/program files (x86)/atmel/atmel studio 6.0/extensions/atmel/armgcc/3.3.1.128/armgcctoolchain/bin/../lib/gcc/arm-none-eabi/4.7.0/../../../../arm-none-eabi/lib/thumb\libc.a(lib_a-setvbuf.o)
 .ARM.attributes
                0x00000960       0x2d c:/program files (x86)/atmel/atmel studio 6.0/extensions/atmel/armgcc/3.3.1.128/armgcctoolchain/bin/../lib/gcc/arm-none-eabi/4.7.0/../../../../arm-none-eabi/lib/thumb\libc.a(lib_a-sprintf.o)
 .ARM.attributes
                0x0000098d       0x2d c:/program files (x86)/atmel/atmel studio 6.0/extensions/atmel/armgcc/3.3.1.128/armgcctoolchain/bin/../lib/gcc/arm-none-eabi/4.7.0/../../../../arm-none-eabi/lib/thumb\libc.a(lib_a-strlen.o)
 .ARM.attributes
                0x000009ba       0x2d c:/program files (x86)/atmel/atmel studio 6.0/extensions/atmel/armgcc/3.3.1.128/armgcctoolchain/bin/../lib/gcc/arm-none-eabi/4.7.0/../../../../arm-none-eabi/lib/thumb\libc.a(lib_a-svfprintf.o)
 .ARM.attributes
                0x000009e7       0x2d c:/program files (x86)/atmel/atmel studio 6.0/extensions/atmel/armgcc/3.3.1.128/armgcctoolchain/bin/../lib/gcc/arm-none-eabi/4.7.0/../../../../arm-none-eabi/lib/thumb\libc.a(lib_a-vfiprintf.o)
 .ARM.attributes
                0x00000a14       0x2d c:/program files (x86)/atmel/atmel studio 6.0/extensions/atmel/armgcc/3.3.1.128/armgcctoolchain/bin/../lib/gcc/arm-none-eabi/4.7.0/../../../../arm-none-eabi/lib/thumb\libc.a(lib_a-vfprintf.o)
 .ARM.attributes
                0x00000a41       0x2d c:/program files (x86)/atmel/atmel studio 6.0/extensions/atmel/armgcc/3.3.1.128/armgcctoolchain/bin/../lib/gcc/arm-none-eabi/4.7.0/../../../../arm-none-eabi/lib/thumb\libc.a(lib_a-wsetup.o)
 .ARM.attributes
                0x00000a6e       0x2d c:/program files (x86)/atmel/atmel studio 6.0/extensions/atmel/armgcc/3.3.1.128/armgcctoolchain/bin/../lib/gcc/arm-none-eabi/4.7.0/../../../../arm-none-eabi/lib/thumb\libc.a(lib_a-__atexit.o)
 .ARM.attributes
                0x00000a9b       0x2d c:/program files (x86)/atmel/atmel studio 6.0/extensions/atmel/armgcc/3.3.1.128/armgcctoolchain/bin/../lib/gcc/arm-none-eabi/4.7.0/../../../../arm-none-eabi/lib/thumb\libc.a(lib_a-__call_atexit.o)
 .ARM.attributes
                0x00000ac8       0x2d c:/program files (x86)/atmel/atmel studio 6.0/extensions/atmel/armgcc/3.3.1.128/armgcctoolchain/bin/../lib/gcc/arm-none-eabi/4.7.0/../../../../arm-none-eabi/lib/thumb\libc.a(lib_a-fflush.o)
 .ARM.attributes
                0x00000af5       0x2d c:/program files (x86)/atmel/atmel studio 6.0/extensions/atmel/armgcc/3.3.1.128/armgcctoolchain/bin/../lib/gcc/arm-none-eabi/4.7.0/../../../../arm-none-eabi/lib/thumb\libc.a(lib_a-findfp.o)
 .ARM.attributes
                0x00000b22       0x2d c:/program files (x86)/atmel/atmel studio 6.0/extensions/atmel/armgcc/3.3.1.128/armgcctoolchain/bin/../lib/gcc/arm-none-eabi/4.7.0/../../../../arm-none-eabi/lib/thumb\libc.a(lib_a-fputwc.o)
 .ARM.attributes
                0x00000b4f       0x2d c:/program files (x86)/atmel/atmel studio 6.0/extensions/atmel/armgcc/3.3.1.128/armgcctoolchain/bin/../lib/gcc/arm-none-eabi/4.7.0/../../../../arm-none-eabi/lib/thumb\libc.a(lib_a-freer.o)
 .ARM.attributes
                0x00000b7c       0x2d c:/program files (x86)/atmel/atmel studio 6.0/extensions/atmel/armgcc/3.3.1.128/armgcctoolchain/bin/../lib/gcc/arm-none-eabi/4.7.0/../../../../arm-none-eabi/lib/thumb\libc.a(lib_a-fvwrite.o)
 .ARM.attributes
                0x00000ba9       0x2d c:/program files (x86)/atmel/atmel studio 6.0/extensions/atmel/armgcc/3.3.1.128/armgcctoolchain/bin/../lib/gcc/arm-none-eabi/4.7.0/../../../../arm-none-eabi/lib/thumb\libc.a(lib_a-fwalk.o)
 .ARM.attributes
                0x00000bd6       0x2d c:/program files (x86)/atmel/atmel studio 6.0/extensions/atmel/armgcc/3.3.1.128/armgcctoolchain/bin/../lib/gcc/arm-none-eabi/4.7.0/../../../../arm-none-eabi/lib/thumb\libc.a(lib_a-locale.o)
 .ARM.attributes
                0x00000c03       0x2d c:/program files (x86)/atmel/atmel studio 6.0/extensions/atmel/armgcc/3.3.1.128/armgcctoolchain/bin/../lib/gcc/arm-none-eabi/4.7.0/../../../../arm-none-eabi/lib/thumb\libc.a(lib_a-makebuf.o)
 .ARM.attributes
                0x00000c30       0x2d c:/program files (x86)/atmel/atmel studio 6.0/extensions/atmel/armgcc/3.3.1.128/armgcctoolchain/bin/../lib/gcc/arm-none-eabi/4.7.0/../../../../arm-none-eabi/lib/thumb\libc.a(lib_a-malloc.o)
 .ARM.attributes
                0x00000c5d       0x2d c:/program files (x86)/atmel/atmel studio 6.0/extensions/atmel/armgcc/3.3.1.128/armgcctoolchain/bin/../lib/gcc/arm-none-eabi/4.7.0/../../../../arm-none-eabi/lib/thumb\libc.a(lib_a-mallocr.o)
 .ARM.attributes