Archive member included because of file (symbol)

c:/program files (x86)/atmel/atmel studio 6.0/extensions/atmel/armgcc/3.3.1.128/armgcctoolchain/bin/../lib/gcc/arm-none-eabi/4.7.0/../../../../arm-none-eabi/lib/thumb\libc.a(lib_a-assert.o)
                              src/asf/sam/services/flash_efc/flash_efc.o (__assert_func)
c:/program files (x86)/atmel/atmel studio 6.0/extensions/atmel/armgcc/3.3.1.128/armgcctoolchain/bin/../lib/gcc/arm-none-eabi/4.7.0/../../../../arm-none-eabi/lib/thumb\libc.a(lib_a-atexit.o)
                              c:/program files (x86)/atmel/atmel studio 6.0/extensions/atmel/armgcc/3.3.1.128/armgcctoolchain/bin/../lib/gcc/arm-none-eabi/4.7.0/../../../../arm-none-eabi/lib/thumb/crt0.o (atexit)
c:/program files (x86)/atmel/atmel studio 6.0/extensions/atmel/armgcc/3.3.1.128/armgcctoolchain/bin/../lib/gcc/arm-none-eabi/4.7.0/../../../../arm-none-eabi/lib/thumb\libc.a(lib_a-exit.o)
                              c:/program files (x86)/atmel/atmel studio 6.0/extensions/atmel/armgcc/3.3.1.128/armgcctoolchain/bin/../lib/gcc/arm-none-eabi/4.7.0/../../../../arm-none-eabi/lib/thumb/crt0.o (exit)
c:/program files (x86)/atmel/atmel studio 6.0/extensions/atmel/armgcc/3.3.1.128/armgcctoolchain/bin/../lib/gcc/arm-none-eabi/4.7.0/../../../../arm-none-eabi/lib/thumb\libc.a(lib_a-fini.o)
                              c:/program files (x86)/atmel/atmel studio 6.0/extensions/atmel/armgcc/3.3.1.128/armgcctoolchain/bin/../lib/gcc/arm-none-eabi/4.7.0/../../../../arm-none-eabi/lib/thumb/crt0.o (__libc_fini_array)
c:/program files (x86)/atmel/atmel studio 6.0/extensions/atmel/armgcc/3.3.1.128/armgcctoolchain/bin/../lib/gcc/arm-none-eabi/4.7.0/../../../../arm-none-eabi/lib/thumb\libc.a(lib_a-fiprintf.o)
                              c:/program files (x86)/atmel/atmel studio 6.0/extensions/atmel/armgcc/3.3.1.128/armgcctoolchain/bin/../lib/gcc/arm-none-eabi/4.7.0/../../../../arm-none-eabi/lib/thumb\libc.a(lib_a-assert.o) (fiprintf)
c:/program files (x86)/atmel/atmel studio 6.0/extensions/atmel/armgcc/3.3.1.128/armgcctoolchain/bin/../lib/gcc/arm-none-eabi/4.7.0/../../../../arm-none-eabi/lib/thumb\libc.a(lib_a-impure.o)
                              c:/program files (x86)/atmel/atmel studio 6.0/extensions/atmel/armgcc/3.3.1.128/armgcctoolchain/bin/../lib/gcc/arm-none-eabi/4.7.0/../../../../arm-none-eabi/lib/thumb\libc.a(lib_a-exit.o) (_global_impure_ptr)
c:/program files (x86)/atmel/atmel studio 6.0/extensions/atmel/armgcc/3.3.1.128/armgcctoolchain/bin/../lib/gcc/arm-none-eabi/4.7.0/../../../../arm-none-eabi/lib/thumb\libc.a(lib_a-init.o)
                              c:/program files (x86)/atmel/atmel studio 6.0/extensions/atmel/armgcc/3.3.1.128/armgcctoolchain/bin/../lib/gcc/arm-none-eabi/4.7.0/../../../../arm-none-eabi/lib/thumb/crt0.o (__libc_init_array)
c:/program files (x86)/atmel/atmel studio 6.0/extensions/atmel/armgcc/3.3.1.128/armgcctoolchain/bin/../lib/gcc/arm-none-eabi/4.7.0/../../../../arm-none-eabi/lib/thumb\libc.a(lib_a-memcpy.o)
                              src/asf/common/services/usb/class/cdc/device/udi_cdc.o (memcpy)
c:/program files (x86)/atmel/atmel studio 6.0/extensions/atmel/armgcc/3.3.1.128/armgcctoolchain/bin/../lib/gcc/arm-none-eabi/4.7.0/../../../../arm-none-eabi/lib/thumb\libc.a(lib_a-memset.o)
                              c:/program files (x86)/atmel/atmel studio 6.0/extensions/atmel/armgcc/3.3.1.128/armgcctoolchain/bin/../lib/gcc/arm-none-eabi/4.7.0/../../../../arm-none-eabi/lib/thumb/crt0.o (memset)
c:/program files (x86)/atmel/atmel studio 6.0/extensions/atmel/armgcc/3.3.1.128/armgcctoolchain/bin/../lib/gcc/arm-none-eabi/4.7.0/../../../../arm-none-eabi/lib/thumb\libc.a(lib_a-printf.o)
                              src/zeppelin_fc.o (printf)
c:/program files (x86)/atmel/atmel studio 6.0/extensions/atmel/armgcc/3.3.1.128/armgcctoolchain/bin/../lib/gcc/arm-none-eabi/4.7.0/../../../../arm-none-eabi/lib/thumb\libc.a(lib_a-puts.o)
                              src/zeppelin_fc.o (puts)
c:/program files (x86)/atmel/atmel studio 6.0/extensions/atmel/armgcc/3.3.1.128/armgcctoolchain/bin/../lib/gcc/arm-none-eabi/4.7.0/../../../../arm-none-eabi/lib/thumb\libc.a(lib_a-setbuf.o)
                              src/asf/common/utils/stdio/stdio_usb/stdio_usb.o (setbuf)
c:/program files (x86)/atmel/atmel studio 6.0/extensions/atmel/armgcc/3.3.1.128/armgcctoolchain/bin/../lib/gcc/arm-none-eabi/4.7.0/../../../../arm-none-eabi/lib/thumb\libc.a(lib_a-setvbuf.o)
                              c:/program files (x86)/atmel/atmel studio 6.0/extensions/atmel/armgcc/3.3.1.128/armgcctoolchain/bin/../lib/gcc/arm-none-eabi/4.7.0/../../../../arm-none-eabi/lib/thumb\libc.a(lib_a-setbuf.o) (setvbuf)
c:/program files (x86)/atmel/atmel studio 6.0/extensions/atmel/armgcc/3.3.1.128/armgcctoolchain/bin/../lib/gcc/arm-none-eabi/4.7.0/../../../../arm-none-eabi/lib/thumb\libc.a(lib_a-sprintf.o)
                              src/zeppelin_fc.o (sprintf)
[...]
Memory Configuration

Name             Origin             Length             Attributes
rom              0x00400000         0x00080000         xr
ram              0x20000000         0x00010000         xrw
*default*        0x00000000         0xffffffff

Linker script and memory map

LOAD c:/program files (x86)/atmel/atmel studio 6.0/extensions/atmel/armgcc/3.3.1.128/armgcctoolchain/bin/../lib/gcc/arm-none-eabi/4.7.0/thumb/crti.o
LOAD c:/program files (x86)/atmel/atmel studio 6.0/extensions/atmel/armgcc/3.3.1.128/armgcctoolchain/bin/../lib/gcc/arm-none-eabi/4.7.0/thumb/crtbegin.o
LOAD c:/program files (x86)/atmel/atmel studio 6.0/extensions/atmel/armgcc/3.3.1.128/armgcctoolchain/bin/../lib/gcc/arm-none-eabi/4.7.0/../../../../arm-none-eabi/lib/thumb/crt0.o
LOAD src/asf/sam/drivers/chipid/chipid.o
LOAD src/asf/sam/drivers/pwm/pwm.o
LOAD src/asf/sam/drivers/twi/twi.o
LOAD src/asf/sam/utils/cmsis/sam3s8/source/templates/exceptions.o
LOAD src/asf/sam/utils/cmsis/sam3s8/source/templates/gcc/startup_sam3sd8.o
LOAD src/asf/sam/utils/cmsis/sam3s8/source/templates/system_sam3sd8.o
LOAD src/I2CdevWrapper.o
LOAD src/MPU9150.o
LOAD src/rtc.o
LOAD src/zeppelin_fc.o
LOAD src/asf/common/components/memory/sd_mmc/sd_mmc.o
LOAD src/asf/common/services/clock/sam3s/sysclk.o
LOAD src/asf/common/services/delay/sam/cycle_counter.o
LOAD src/asf/common/services/sleepmgr/sam/sleepmgr.o
LOAD src/asf/common/services/storage/ctrl_access/ctrl_access.o
LOAD src/asf/common/services/usb/class/cdc/device/udi_cdc.o
LOAD src/asf/common/services/usb/class/cdc/device/udi_cdc_desc.o
LOAD src/asf/common/services/usb/udc/udc.o
LOAD src/asf/common/utils/interrupt/interrupt_sam_nvic.o
LOAD src/asf/common/utils/stdio/read.o
LOAD src/asf/common/utils/stdio/stdio_usb/stdio_usb.o
LOAD src/asf/common/utils/stdio/write.o
LOAD src/asf/sam/boards/sam3s_ek/init.o
LOAD src/asf/sam/drivers/efc/efc.o
LOAD src/asf/sam/drivers/hsmci/hsmci.o
LOAD src/asf/sam/drivers/pdc/pdc.o
LOAD src/asf/sam/drivers/pio/pio.o
LOAD src/asf/sam/drivers/pio/pio_handler.o
LOAD src/asf/sam/drivers/pmc/pmc.o
LOAD src/asf/sam/drivers/rtc/rtc.o
LOAD src/asf/sam/drivers/udp/udp_device.o
LOAD src/asf/sam/services/flash_efc/flash_efc.o
LOAD src/asf/sam/utils/syscalls/gcc/syscalls.o
LOAD src/asf/thirdparty/fatfs/fatfs-port-r0.09/diskio.o
LOAD src/asf/thirdparty/fatfs/fatfs-port-r0.09/sam/fattime.o
LOAD src/asf/thirdparty/fatfs/fatfs-r0.09/src/ff.o
LOAD src/asf/thirdparty/fatfs/fatfs-r0.09/src/option/ccsbcs.o
LOAD src/sd_mmc_mem.o
LOAD src/stdio_usb_example.o
START GROUP
LOAD c:/program files (x86)/atmel/atmel studio 6.0/extensions/atmel/armgcc/3.3.1.128/armgcctoolchain/bin/../lib/gcc/arm-none-eabi/4.7.0/../../../../arm-none-eabi/lib/thumb\libm.a
END GROUP
START GROUP
LOAD c:/program files (x86)/atmel/atmel studio 6.0/extensions/atmel/armgcc/3.3.1.128/armgcctoolchain/bin/../lib/gcc/arm-none-eabi/4.7.0/thumb\libgcc.a
LOAD c:/program files (x86)/atmel/atmel studio 6.0/extensions/atmel/armgcc/3.3.1.128/armgcctoolchain/bin/../lib/gcc/arm-none-eabi/4.7.0/../../../../arm-none-eabi/lib/thumb\libc.a
END GROUP
LOAD c:/program files (x86)/atmel/atmel studio 6.0/extensions/atmel/armgcc/3.3.1.128/armgcctoolchain/bin/../lib/gcc/arm-none-eabi/4.7.0/thumb/crtend.o
LOAD c:/program files (x86)/atmel/atmel studio 6.0/extensions/atmel/armgcc/3.3.1.128/armgcctoolchain/bin/../lib/gcc/arm-none-eabi/4.7.0/thumb/crtn.o
                [0x00002000]                __stack_size__ = DEFINED (__stack_size__)?__stack_size__:0x2000

.text           0x00400000     0xb8d8
                0x00400000                . = ALIGN (0x4)
                0x00400000                _sfixed = .
 *(.vectors .vectors.*)
 .vectors       0x00400000       0xd0 src/asf/sam/utils/cmsis/sam3s8/source/templates/gcc/startup_sam3sd8.o
                0x00400000                exception_table
 *(.text .text.* .gnu.linkonce.t.*)
 .text          0x004000d0       0xb0 c:/program files (x86)/atmel/atmel studio 6.0/extensions/atmel/armgcc/3.3.1.128/armgcctoolchain/bin/../lib/gcc/arm-none-eabi/4.7.0/thumb/crtbegin.o
 .text.Dummy_Handler
                0x00400180        0x2 src/asf/sam/utils/cmsis/sam3s8/source/templates/exceptions.o
                0x00400180                DACC_Handler
                0x00400180                DebugMon_Handler
                0x00400180                HardFault_Handler
                0x00400180                TC2_Handler
                0x00400180                SPI_Handler
                0x00400180                TWI1_Handler
                0x00400180                PendSV_Handler
                0x00400180                NMI_Handler
                0x00400180                ADC_Handler
                0x00400180                CRCCU_Handler
                0x00400180                USART0_Handler
                0x00400180                RTT_Handler
                0x00400180                UsageFault_Handler
                0x00400180                WDT_Handler
                0x00400180                TC1_Handler
                0x00400180                HSMCI_Handler
                0x00400180                UART1_Handler
                0x00400180                Dummy_Handler
                0x00400180                TWI0_Handler
                0x00400180                USART1_Handler
                0x00400180                SSC_Handler
                0x00400180                ACC_Handler
                0x00400180                PMC_Handler
                0x00400180                PWM_Handler
                0x00400180                MemManage_Handler
                0x00400180                SUPC_Handler
                0x00400180                SVC_Handler
                0x00400180                EFC_Handler
                0x00400180                UART0_Handler
                0x00400180                BusFault_Handler
                0x00400180                RSTC_Handler
                0x00400180                TC0_Handler
 *fill*         0x00400182        0x2 00
 .text.Reset_Handler
                0x00400184       0x7c src/asf/sam/utils/cmsis/sam3s8/source/templates/gcc/startup_sam3sd8.o
                0x00400184                Reset_Handler
 .text.SystemCoreClockUpdate
                0x00400200       0xd8 src/asf/sam/utils/cmsis/sam3s8/source/templates/system_sam3sd8.o
                0x00400200                SystemCoreClockUpdate
 .text.system_init_flash
                0x004002d8       0x3c src/asf/sam/utils/cmsis/sam3s8/source/templates/system_sam3sd8.o
                0x004002d8                system_init_flash
 .text.RTC_Handler
                0x00400314       0x60 src/rtc.o
                0x00400314                RTC_Handler
 .text.SysTick_Handler
                0x00400374       0x10 src/zeppelin_fc.o
                0x00400374                SysTick_Handler
 .text.ZP_Init  0x00400384      0x170 src/zeppelin_fc.o
                0x00400384                ZP_Init
 .text.ZP_CreateLogFile
                0x004004f4      0x110 src/zeppelin_fc.o
                0x004004f4                ZP_CreateLogFile
 .text.SDMMC_UNSTUFF_BITS
                0x00400604       0x4e src/asf/common/components/memory/sd_mmc/sd_mmc.o
 *fill*         0x00400652        0x2 00
 .text.sd_mmc_deselect_slot
                0x00400654       0x18 src/asf/common/components/memory/sd_mmc/sd_mmc.o
 .text.sd_mmc_configure_slot
                0x0040066c       0x2c src/asf/common/components/memory/sd_mmc/sd_mmc.o
 .text.sd_mmc_select_slot
                0x00400698       0xe0 src/asf/common/components/memory/sd_mmc/sd_mmc.o
 .text.sd_mmc_cmd9_mci
                0x00400778       0x2c src/asf/common/components/memory/sd_mmc/sd_mmc.o
 .text.sd_mmc_init
                0x004007a4       0x2c src/asf/common/components/memory/sd_mmc/sd_mmc.o
                0x004007a4                sd_mmc_init
 .text.sd_mmc_check
                0x004007d0      0x6e8 src/asf/common/components/memory/sd_mmc/sd_mmc.o
                0x004007d0                sd_mmc_check
 .text.sd_mmc_get_type
                0x00400eb8       0x24 src/asf/common/components/memory/sd_mmc/sd_mmc.o
                0x00400eb8                sd_mmc_get_type
 .text.sd_mmc_get_capacity
                0x00400edc       0x24 src/asf/common/components/memory/sd_mmc/sd_mmc.o
                0x00400edc                sd_mmc_get_capacity
 .text.sd_mmc_is_write_protected
                0x00400f00        0x4 src/asf/common/components/memory/sd_mmc/sd_mmc.o
                0x00400f00                sd_mmc_is_write_protected
 .text.sd_mmc_init_read_blocks
                0x00400f04       0xf0 src/asf/common/components/memory/sd_mmc/sd_mmc.o
                0x00400f04                sd_mmc_init_read_blocks
 .text.sd_mmc_start_read_blocks
                0x00400ff4       0x24 src/asf/common/components/memory/sd_mmc/sd_mmc.o
                0x00400ff4                sd_mmc_start_read_blocks
 .text.sd_mmc_wait_end_of_read_blocks
                0x00401018       0x50 src/asf/common/components/memory/sd_mmc/sd_mmc.o
                0x00401018                sd_mmc_wait_end_of_read_blocks
 .text.sd_mmc_init_write_blocks
                0x00401068       0xa4 src/asf/common/components/memory/sd_mmc/sd_mmc.o
                0x00401068                sd_mmc_init_write_blocks
 .text.sd_mmc_start_write_blocks
                0x0040110c       0x24 src/asf/common/components/memory/sd_mmc/sd_mmc.o
                0x0040110c                sd_mmc_start_write_blocks
 .text.sd_mmc_wait_end_of_write_blocks
                0x00401130       0x48 src/asf/common/components/memory/sd_mmc/sd_mmc.o
                0x00401130                sd_mmc_wait_end_of_write_blocks
 .text.osc_enable
                0x00401178       0x48 src/asf/common/services/clock/sam3s/sysclk.o
 .text.osc_wait_ready.constprop.5
                0x004011c0       0x10 src/asf/common/services/clock/sam3s/sysclk.o
 .text.sysclk_enable_usb
                0x004011d0       0x4c src/asf/common/services/clock/sam3s/sysclk.o
                0x004011d0                sysclk_enable_usb
 .text.sysclk_init
                0x0040121c       0x58 src/asf/common/services/clock/sam3s/sysclk.o
                0x0040121c                sysclk_init
 .text.mem_test_unit_ready
                0x00401274       0x14 src/asf/common/services/storage/ctrl_access/ctrl_access.o
                0x00401274                mem_test_unit_ready
 .text.mem_read_capacity
                0x00401288       0x14 src/asf/common/services/storage/ctrl_access/ctrl_access.o
                0x00401288                mem_read_capacity
 .text.mem_sector_size
                0x0040129c        0xa src/asf/common/services/storage/ctrl_access/ctrl_access.o
                0x0040129c                mem_sector_size
 *fill*         0x004012a6        0x2 00
 .text.mem_wr_protect
                0x004012a8       0x14 src/asf/common/services/storage/ctrl_access/ctrl_access.o
                0x004012a8                mem_wr_protect
 .text.memory_2_ram
                0x004012bc       0x18 src/asf/common/services/storage/ctrl_access/ctrl_access.o
                0x004012bc                memory_2_ram
 .text.ram_2_memory
                0x004012d4       0x18 src/asf/common/services/storage/ctrl_access/ctrl_access.o
                0x004012d4                ram_2_memory
 .text.cpu_irq_save
                0x004012ec       0x14 src/asf/common/services/usb/class/cdc/device/udi_cdc.o
 .text.udi_cdc_comm_disable
                0x00401300       0x10 src/asf/common/services/usb/class/cdc/device/udi_cdc.o
                0x00401300                udi_cdc_comm_disable
 .text.udi_cdc_data_setup
                0x00401310        0x4 src/asf/common/services/usb/class/cdc/device/udi_cdc.o
                0x00401310                udi_cdc_data_setup
 .text.udi_cdc_getsetting
                0x00401314        0x4 src/asf/common/services/usb/class/cdc/device/udi_cdc.o
                0x00401314                udi_cdc_getsetting
 .text.udi_cdc_line_coding_received
                0x00401318        0x2 src/asf/common/services/usb/class/cdc/device/udi_cdc.o
 *fill*         0x0040131a        0x2 00
 .text.udi_cdc_data_disable
                0x0040131c       0x28 src/asf/common/services/usb/class/cdc/device/udi_cdc.o
                0x0040131c                udi_cdc_data_disable
 .text.cpu_irq_restore
                0x00401344       0x14 src/asf/common/services/usb/class/cdc/device/udi_cdc.o
 .text.udi_cdc_comm_setup
                0x00401358       0x58 src/asf/common/services/usb/class/cdc/device/udi_cdc.o
                0x00401358                udi_cdc_comm_setup
 .text.udi_cdc_tx_send.isra.5
                0x004013b0       0xc8 src/asf/common/services/usb/class/cdc/device/udi_cdc.o
 .text.udi_cdc_data_sof_notify
                0x00401478        0xc src/asf/common/services/usb/class/cdc/device/udi_cdc.o
                0x00401478                udi_cdc_data_sof_notify
 .text.udi_cdc_data_sent
                0x00401484       0x38 src/asf/common/services/usb/class/cdc/device/udi_cdc.o
 .text.udi_cdc_comm_enable
                0x004014bc       0x60 src/asf/common/services/usb/class/cdc/device/udi_cdc.o
                0x004014bc                udi_cdc_comm_enable
 .text.udi_cdc_multi_is_rx_ready
                0x0040151c       0x3c src/asf/common/services/usb/class/cdc/device/udi_cdc.o
                0x0040151c                udi_cdc_multi_is_rx_ready
 .text.udi_cdc_rx_start.isra.9
                0x00401558       0x88 src/asf/common/services/usb/class/cdc/device/udi_cdc.o
 .text.udi_cdc_data_received
                0x004015e0       0x58 src/asf/common/services/usb/class/cdc/device/udi_cdc.o
 .text.udi_cdc_data_enable
                0x00401638       0x88 src/asf/common/services/usb/class/cdc/device/udi_cdc.o
                0x00401638                udi_cdc_data_enable
 .text.udi_cdc_multi_getc
                0x004016c0       0x90 src/asf/common/services/usb/class/cdc/device/udi_cdc.o
                0x004016c0                udi_cdc_multi_getc
 .text.udi_cdc_getc
                0x00401750       0x10 src/asf/common/services/usb/class/cdc/device/udi_cdc.o
                0x00401750                udi_cdc_getc
 .text.udi_cdc_multi_is_tx_ready
                0x00401760       0x68 src/asf/common/services/usb/class/cdc/device/udi_cdc.o
                0x00401760                udi_cdc_multi_is_tx_ready
 .text.udi_cdc_multi_putc
                0x004017c8       0x80 src/asf/common/services/usb/class/cdc/device/udi_cdc.o
                0x004017c8                udi_cdc_multi_putc
 .text.udi_cdc_putc
                0x00401848       0x10 src/asf/common/services/usb/class/cdc/device/udi_cdc.o
                0x00401848                udi_cdc_putc
 .text.udc_valid_address
                0x00401858       0x18 src/asf/common/services/usb/udc/udc.o
 .text.udc_update_iface_desc
                0x00401870       0x58 src/asf/common/services/usb/udc/udc.o
 .text.udc_next_desc_in_iface.constprop.3
                0x004018c8       0x28 src/asf/common/services/usb/udc/udc.o
 .text.udc_iface_disable
                0x004018f0       0x54 src/asf/common/services/usb/udc/udc.o
 .text.udc_iface_enable
                0x00401944       0x50 src/asf/common/services/usb/udc/udc.o
 .text.udc_start
                0x00401994        0xc src/asf/common/services/usb/udc/udc.o
                0x00401994                udc_start
 .text.udc_reset
                0x004019a0       0x44 src/asf/common/services/usb/udc/udc.o
                0x004019a0                udc_reset
 .text.udc_sof_notify
                0x004019e4       0x34 src/asf/common/services/usb/udc/udc.o
                0x004019e4                udc_sof_notify
 .text.udc_process_setup
                0x00401a18      0x32c src/asf/common/services/usb/udc/udc.o
                0x00401a18                udc_process_setup
 .text._read    0x00401d44       0x40 src/asf/common/utils/stdio/read.o
                0x00401d44                _read
 .text.stdio_usb_getchar
                0x00401d84       0x20 src/asf/common/utils/stdio/stdio_usb/stdio_usb.o
                0x00401d84                stdio_usb_getchar
 .text.stdio_usb_putchar
                0x00401da4       0x28 src/asf/common/utils/stdio/stdio_usb/stdio_usb.o
                0x00401da4                stdio_usb_putchar
 .text.stdio_usb_enable
                0x00401dcc        0xc src/asf/common/utils/stdio/stdio_usb/stdio_usb.o
                0x00401dcc                stdio_usb_enable
 .text.stdio_usb_disable
                0x00401dd8        0xc src/asf/common/utils/stdio/stdio_usb/stdio_usb.o
                0x00401dd8                stdio_usb_disable
 .text.stdio_usb_init
                0x00401de4       0x60 src/asf/common/utils/stdio/stdio_usb/stdio_usb.o
                0x00401de4                stdio_usb_init
 .text._write   0x00401e44       0x40 src/asf/common/utils/stdio/write.o
                0x00401e44                _write
 .text.board_init
                0x00401e84       0x68 src/asf/sam/boards/sam3s_ek/init.o
                0x00401e84                board_init
 .text.efc_perform_command
                0x00401eec       0x3c src/asf/sam/drivers/efc/efc.o
                0x00401eec                efc_perform_command
 .text.efc_get_result
                0x00401f28        0x4 src/asf/sam/drivers/efc/efc.o
                0x00401f28                efc_get_result
 .text.hsmci_reset
                0x00401f2c       0x24 src/asf/sam/drivers/hsmci/hsmci.o
 .text.hsmci_send_cmd_execute
                0x00401f50       0x7c src/asf/sam/drivers/hsmci/hsmci.o
 .text.hsmci_init
                0x00401fcc       0x28 src/asf/sam/drivers/hsmci/hsmci.o
                0x00401fcc                hsmci_init
 .text.hsmci_get_bus_width
                0x00401ff4        0xa src/asf/sam/drivers/hsmci/hsmci.o
                0x00401ff4                hsmci_get_bus_width
 .text.hsmci_is_high_speed_capable
                0x00401ffe        0x4 src/asf/sam/drivers/hsmci/hsmci.o
                0x00401ffe                hsmci_is_high_speed_capable
 *fill*         0x00402002        0x2 00
 .text.hsmci_select_device
                0x00402004       0x64 src/asf/sam/drivers/hsmci/hsmci.o
                0x00402004                hsmci_select_device
 .text.hsmci_deselect_device
                0x00402068        0x2 src/asf/sam/drivers/hsmci/hsmci.o
                0x00402068                hsmci_deselect_device
 .text.hsmci_send_clock
                0x0040206a       0x1e src/asf/sam/drivers/hsmci/hsmci.o
                0x0040206a                hsmci_send_clock
 .text.hsmci_send_cmd
                0x00402088       0x2c src/asf/sam/drivers/hsmci/hsmci.o
                0x00402088                hsmci_send_cmd
 .text.hsmci_get_response
                0x004020b4        0x8 src/asf/sam/drivers/hsmci/hsmci.o
                0x004020b4                hsmci_get_response
 .text.hsmci_get_response_128
                0x004020bc       0x22 src/asf/sam/drivers/hsmci/hsmci.o
                0x004020bc                hsmci_get_response_128
 *fill*         0x004020de        0x2 00
 .text.hsmci_adtc_start
                0x004020e0       0xac src/asf/sam/drivers/hsmci/hsmci.o
                0x004020e0                hsmci_adtc_start
 .text.hsmci_read_word
                0x0040218c       0x60 src/asf/sam/drivers/hsmci/hsmci.o
                0x0040218c                hsmci_read_word
 .text.hsmci_start_read_blocks
                0x004021ec       0x3c src/asf/sam/drivers/hsmci/hsmci.o
                0x004021ec                hsmci_start_read_blocks
 .text.hsmci_wait_end_of_read_blocks
                0x00402228       0x60 src/asf/sam/drivers/hsmci/hsmci.o
                0x00402228                hsmci_wait_end_of_read_blocks
 .text.hsmci_start_write_blocks
                0x00402288       0x40 src/asf/sam/drivers/hsmci/hsmci.o
                0x00402288                hsmci_start_write_blocks
 .text.hsmci_wait_end_of_write_blocks
                0x004022c8       0x64 src/asf/sam/drivers/hsmci/hsmci.o
                0x004022c8                hsmci_wait_end_of_write_blocks
 .text.pio_set_peripheral
                0x0040232c       0x80 src/asf/sam/drivers/pio/pio.o
                0x0040232c                pio_set_peripheral
 .text.pio_set_input
                0x004023ac       0x2c src/asf/sam/drivers/pio/pio.o
                0x004023ac                pio_set_input
 .text.pio_set_output
                0x004023d8       0x24 src/asf/sam/drivers/pio/pio.o
                0x004023d8                pio_set_output
 .text.pio_get_interrupt_status
                0x004023fc        0x4 src/asf/sam/drivers/pio/pio.o
                0x004023fc                pio_get_interrupt_status
 .text.pio_get_interrupt_mask
                0x00402400        0x4 src/asf/sam/drivers/pio/pio.o
                0x00402400                pio_get_interrupt_mask
 .text.pio_set_pin_high
                0x00402404       0x1a src/asf/sam/drivers/pio/pio.o
                0x00402404                pio_set_pin_high
 *fill*         0x0040241e        0x2 00
 .text.pio_configure_pin
                0x00402420       0xb0 src/asf/sam/drivers/pio/pio.o
                0x00402420                pio_configure_pin
 .text.pio_handler_process
                0x004024d0       0x4c src/asf/sam/drivers/pio/pio_handler.o
                0x004024d0                pio_handler_process
 .text.PIOA_Handler
                0x0040251c       0x14 src/asf/sam/drivers/pio/pio_handler.o
                0x0040251c                PIOA_Handler
 .text.PIOB_Handler
                0x00402530       0x14 src/asf/sam/drivers/pio/pio_handler.o
                0x00402530                PIOB_Handler
 .text.pmc_switch_mck_to_pllack
                0x00402544       0x48 src/asf/sam/drivers/pmc/pmc.o
                0x00402544                pmc_switch_mck_to_pllack
 .text.pmc_switch_sclk_to_32kxtal
                0x0040258c       0x24 src/asf/sam/drivers/pmc/pmc.o
                0x0040258c                pmc_switch_sclk_to_32kxtal
 .text.pmc_switch_mainck_to_fastrc
                0x004025b0       0x6c src/asf/sam/drivers/pmc/pmc.o
                0x004025b0                pmc_switch_mainck_to_fastrc
 .text.pmc_switch_mainck_to_xtal
                0x0040261c       0x4c src/asf/sam/drivers/pmc/pmc.o
                0x0040261c                pmc_switch_mainck_to_xtal
 .text.pmc_osc_is_ready_mainck
                0x00402668       0x10 src/asf/sam/drivers/pmc/pmc.o
                0x00402668                pmc_osc_is_ready_mainck
 .text.pmc_disable_pllack
                0x00402678       0x10 src/asf/sam/drivers/pmc/pmc.o
                0x00402678                pmc_disable_pllack
 .text.pmc_is_locked_pllack
                0x00402688       0x10 src/asf/sam/drivers/pmc/pmc.o
                0x00402688                pmc_is_locked_pllack
 .text.pmc_disable_pllbck
                0x00402698        0xc src/asf/sam/drivers/pmc/pmc.o
                0x00402698                pmc_disable_pllbck
 .text.pmc_is_locked_pllbck
                0x004026a4       0x10 src/asf/sam/drivers/pmc/pmc.o
                0x004026a4                pmc_is_locked_pllbck
 .text.pmc_enable_periph_clk
                0x004026b4       0x44 src/asf/sam/drivers/pmc/pmc.o
                0x004026b4                pmc_enable_periph_clk
 .text.pmc_disable_periph_clk
                0x004026f8       0x40 src/asf/sam/drivers/pmc/pmc.o
                0x004026f8                pmc_disable_periph_clk
 .text.pmc_switch_udpck_to_pllbck
                0x00402738       0x14 src/asf/sam/drivers/pmc/pmc.o
                0x00402738                pmc_switch_udpck_to_pllbck
 .text.pmc_enable_udpck
                0x0040274c        0xc src/asf/sam/drivers/pmc/pmc.o
                0x0040274c                pmc_enable_udpck
 .text.pmc_set_fast_startup_input
                0x00402758       0x18 src/asf/sam/drivers/pmc/pmc.o
                0x00402758                pmc_set_fast_startup_input
 .text.rtc_set_hour_mode
                0x00402770       0x12 src/asf/sam/drivers/rtc/rtc.o
                0x00402770                rtc_set_hour_mode
 .text.rtc_enable_interrupt
                0x00402782        0x4 src/asf/sam/drivers/rtc/rtc.o
                0x00402782                rtc_enable_interrupt
 .text.rtc_disable_interrupt
                0x00402786        0x4 src/asf/sam/drivers/rtc/rtc.o
                0x00402786                rtc_disable_interrupt
 .text.rtc_get_time
                0x0040278a       0x50 src/asf/sam/drivers/rtc/rtc.o
                0x0040278a                rtc_get_time
 .text.rtc_get_date
                0x004027da       0x64 src/asf/sam/drivers/rtc/rtc.o
                0x004027da                rtc_get_date
 .text.rtc_get_status
                0x0040283e        0x4 src/asf/sam/drivers/rtc/rtc.o
                0x0040283e                rtc_get_status
 .text.rtc_clear_status
                0x00402842        0x4 src/asf/sam/drivers/rtc/rtc.o
                0x00402842                rtc_clear_status
 *fill*         0x00402846        0x2 00
 .text.cpu_irq_save
                0x00402848       0x14 src/asf/sam/drivers/udp/udp_device.o
 .text.udd_ctrl_init
                0x0040285c       0x1c src/asf/sam/drivers/udp/udp_device.o
 .text.udd_ctrl_stall_data
                0x00402878       0x40 src/asf/sam/drivers/udp/udp_device.o
 .text.udd_ctrl_send_zlp_in
                0x004028b8       0x40 src/asf/sam/drivers/udp/udp_device.o
 .text.udd_ctrl_endofrequest
                0x004028f8       0x10 src/asf/sam/drivers/udp/udp_device.o
 .text.udd_ep_ack_out_received
                0x00402908       0x80 src/asf/sam/drivers/udp/udp_device.o
 .text.udd_ep_in_sent
                0x00402988      0x168 src/asf/sam/drivers/udp/udp_device.o
 .text.cpu_irq_restore
                0x00402af0       0x14 src/asf/sam/drivers/udp/udp_device.o
 .text.udd_sleep_mode
                0x00402b04       0x44 src/asf/sam/drivers/udp/udp_device.o
 .text.udd_ctrl_in_sent
                0x00402b48      0x1ac src/asf/sam/drivers/udp/udp_device.o
 .text.udd_ep_finish_job
                0x00402cf4       0x3c src/asf/sam/drivers/udp/udp_device.o
 .text.UDP_Handler
                0x00402d30      0x7b8 src/asf/sam/drivers/udp/udp_device.o
                0x00402d30                UDP_Handler
 .text.udd_include_vbus_monitoring
                0x004034e8        0x4 src/asf/sam/drivers/udp/udp_device.o
                0x004034e8                udd_include_vbus_monitoring
 .text.udd_enable
                0x004034ec       0x84 src/asf/sam/drivers/udp/udp_device.o
                0x004034ec                udd_enable
 .text.udd_attach
                0x00403570       0x60 src/asf/sam/drivers/udp/udp_device.o
                0x00403570                udd_attach
 .text.udd_is_high_speed
                0x004035d0        0x4 src/asf/sam/drivers/udp/udp_device.o
                0x004035d0                udd_is_high_speed
 .text.udd_set_address
                0x004035d4       0x38 src/asf/sam/drivers/udp/udp_device.o
                0x004035d4                udd_set_address
 .text.udd_getaddress
                0x0040360c       0x18 src/asf/sam/drivers/udp/udp_device.o
                0x0040360c                udd_getaddress
 .text.udd_get_frame_number
                0x00403624       0x10 src/asf/sam/drivers/udp/udp_device.o
                0x00403624                udd_get_frame_number
 .text.udd_get_micro_frame_number
                0x00403634        0x4 src/asf/sam/drivers/udp/udp_device.o
                0x00403634                udd_get_micro_frame_number
 .text.udd_set_setup_payload
                0x00403638        0xc src/asf/sam/drivers/udp/udp_device.o
                0x00403638                udd_set_setup_payload
 .text.udd_ep_alloc
                0x00403644       0xd0 src/asf/sam/drivers/udp/udp_device.o
                0x00403644                udd_ep_alloc
 .text.udd_ep_free
                0x00403714       0x3c src/asf/sam/drivers/udp/udp_device.o
                0x00403714                udd_ep_free
 .text.udd_ep_is_halted
                0x00403750       0x40 src/asf/sam/drivers/udp/udp_device.o
                0x00403750                udd_ep_is_halted
 .text.udd_ep_set_halt
                0x00403790       0xa0 src/asf/sam/drivers/udp/udp_device.o
                0x00403790                udd_ep_set_halt
 .text.udd_ep_clear_halt
                0x00403830       0xc8 src/asf/sam/drivers/udp/udp_device.o
                0x00403830                udd_ep_clear_halt
 .text.udd_ep_run
                0x004038f8       0xf4 src/asf/sam/drivers/udp/udp_device.o
                0x004038f8                udd_ep_run
 .text.udd_ep_abort
                0x004039ec      0x148 src/asf/sam/drivers/udp/udp_device.o
                0x004039ec                udd_ep_abort
 .text.flash_is_gpnvm_set
                0x00403b34       0x40 src/asf/sam/services/flash_efc/flash_efc.o
                0x00403b34                flash_is_gpnvm_set
 .text.flash_clear_gpnvm
                0x00403b74       0x38 src/asf/sam/services/flash_efc/flash_efc.o
                0x00403b74                flash_clear_gpnvm
 .text._sbrk    0x00403bac       0x1c src/asf/sam/utils/syscalls/gcc/syscalls.o
                0x00403bac                _sbrk
 .text._close   0x00403bc8        0x6 src/asf/sam/utils/syscalls/gcc/syscalls.o
                0x00403bc8                _close
 .text._fstat   0x00403bce        0xa src/asf/sam/utils/syscalls/gcc/syscalls.o
                0x00403bce                _fstat
 .text._isatty  0x00403bd8        0x4 src/asf/sam/utils/syscalls/gcc/syscalls.o
                0x00403bd8                _isatty
 .text._lseek   0x00403bdc        0x4 src/asf/sam/utils/syscalls/gcc/syscalls.o
                0x00403bdc                _lseek
 .text._exit    0x00403be0       0x14 src/asf/sam/utils/syscalls/gcc/syscalls.o
                0x00403be0                _exit
 .text._kill    0x00403bf4        0x2 src/asf/sam/utils/syscalls/gcc/syscalls.o
                0x00403bf4                _kill
 .text._getpid  0x00403bf6        0x6 src/asf/sam/utils/syscalls/gcc/syscalls.o
                0x00403bf6                _getpid
 .text.disk_initialize
                0x00403bfc       0x34 src/asf/thirdparty/fatfs/fatfs-port-r0.09/diskio.o
                0x00403bfc                disk_initialize
 .text.disk_status
                0x00403c30       0x1c src/asf/thirdparty/fatfs/fatfs-port-r0.09/diskio.o
                0x00403c30                disk_status
 .text.disk_read
                0x00403c4c       0x68 src/asf/thirdparty/fatfs/fatfs-port-r0.09/diskio.o
                0x00403c4c                disk_read
 .text.disk_write
                0x00403cb4       0x68 src/asf/thirdparty/fatfs/fatfs-port-r0.09/diskio.o
                0x00403cb4                disk_write
 .text.disk_ioctl
                0x00403d1c       0x60 src/asf/thirdparty/fatfs/fatfs-port-r0.09/diskio.o
                0x00403d1c                disk_ioctl
 .text.get_fattime
                0x00403d7c       0x58 src/asf/thirdparty/fatfs/fatfs-port-r0.09/sam/fattime.o
                0x00403d7c                get_fattime
 .text.mem_cpy  0x00403dd4       0x12 src/asf/thirdparty/fatfs/fatfs-r0.09/src/ff.o
 .text.clust2sect
                0x00403de6       0x18 src/asf/thirdparty/fatfs/fatfs-r0.09/src/ff.o
 .text.sum_sfn  0x00403dfe       0x1e src/asf/thirdparty/fatfs/fatfs-r0.09/src/ff.o
 .text.move_window
                0x00403e1c       0x80 src/asf/thirdparty/fatfs/fatfs-r0.09/src/ff.o
 .text.sync     0x00403e9c       0xc4 src/asf/thirdparty/fatfs/fatfs-r0.09/src/ff.o
 .text.validate
                0x00403f60       0x28 src/asf/thirdparty/fatfs/fatfs-r0.09/src/ff.o
 .text.check_fs
                0x00403f88       0x8c src/asf/thirdparty/fatfs/fatfs-r0.09/src/ff.o
 .text.chk_mounted
                0x00404014      0x318 src/asf/thirdparty/fatfs/fatfs-r0.09/src/ff.o
 .text.get_fat  0x0040432c       0xd8 src/asf/thirdparty/fatfs/fatfs-r0.09/src/ff.o
 .text.dir_sdi  0x00404404       0x8c src/asf/thirdparty/fatfs/fatfs-r0.09/src/ff.o
 .text.put_fat  0x00404490       0xf8 src/asf/thirdparty/fatfs/fatfs-r0.09/src/ff.o
 .text.create_chain
                0x00404588       0xb0 src/asf/thirdparty/fatfs/fatfs-r0.09/src/ff.o
 .text.remove_chain
                0x00404638       0x70 src/asf/thirdparty/fatfs/fatfs-r0.09/src/ff.o
 .text.dir_next
                0x004046a8      0x10c src/asf/thirdparty/fatfs/fatfs-r0.09/src/ff.o
 .text.dir_find.part.4
                0x004047b4      0x140 src/asf/thirdparty/fatfs/fatfs-r0.09/src/ff.o
 .text.follow_path
                0x004048f4      0x290 src/asf/thirdparty/fatfs/fatfs-r0.09/src/ff.o
 .text.dir_register
                0x00404b84      0x278 src/asf/thirdparty/fatfs/fatfs-r0.09/src/ff.o
 .text.f_mount  0x00404dfc       0x20 src/asf/thirdparty/fatfs/fatfs-r0.09/src/ff.o
                0x00404dfc                f_mount
 .text.f_open   0x00404e1c      0x170 src/asf/thirdparty/fatfs/fatfs-r0.09/src/ff.o
                0x00404e1c                f_open
 .text.f_write  0x00404f8c      0x1c8 src/asf/thirdparty/fatfs/fatfs-r0.09/src/ff.o
                0x00404f8c                f_write
 .text.f_sync   0x00405154       0xc0 src/asf/thirdparty/fatfs/fatfs-r0.09/src/ff.o
                0x00405154                f_sync
 .text.f_opendir
                0x00405214       0x80 src/asf/thirdparty/fatfs/fatfs-r0.09/src/ff.o
                0x00405214                f_opendir
 .text.f_mkdir  0x00405294      0x204 src/asf/thirdparty/fatfs/fatfs-r0.09/src/ff.o
                0x00405294                f_mkdir
 .text.f_putc   0x00405498       0x34 src/asf/thirdparty/fatfs/fatfs-r0.09/src/ff.o
                0x00405498                f_putc
 .text.f_puts   0x004054cc       0x28 src/asf/thirdparty/fatfs/fatfs-r0.09/src/ff.o
                0x004054cc                f_puts
 .text.ff_convert
                0x004054f4       0x3c src/asf/thirdparty/fatfs/fatfs-r0.09/src/option/ccsbcs.o
                0x004054f4                ff_convert
 .text.ff_wtoupper
                0x00405530       0x24 src/asf/thirdparty/fatfs/fatfs-r0.09/src/option/ccsbcs.o
                0x00405530                ff_wtoupper
 .text.sd_mmc_test_unit_ready
                0x00405554       0x38 src/sd_mmc_mem.o
                0x00405554                sd_mmc_test_unit_ready
 .text.sd_mmc_test_unit_ready_0
                0x0040558c       0x10 src/sd_mmc_mem.o
                0x0040558c                sd_mmc_test_unit_ready_0
 .text.sd_mmc_read_capacity
                0x0040559c       0x20 src/sd_mmc_mem.o
                0x0040559c                sd_mmc_read_capacity
 .text.sd_mmc_read_capacity_0
                0x004055bc       0x10 src/sd_mmc_mem.o
                0x004055bc                sd_mmc_read_capacity_0
 .text.sd_mmc_wr_protect_0
                0x004055cc       0x10 src/sd_mmc_mem.o
                0x004055cc                sd_mmc_wr_protect_0
 .text.sd_mmc_mem_2_ram
                0x004055dc       0x3c src/sd_mmc_mem.o
                0x004055dc                sd_mmc_mem_2_ram
 .text.sd_mmc_mem_2_ram_0
                0x00405618       0x14 src/sd_mmc_mem.o
                0x00405618                sd_mmc_mem_2_ram_0
 .text.sd_mmc_ram_2_mem
                0x0040562c       0x3c src/sd_mmc_mem.o
                0x0040562c                sd_mmc_ram_2_mem
 .text.sd_mmc_ram_2_mem_0
                0x00405668       0x14 src/sd_mmc_mem.o
                0x00405668                sd_mmc_ram_2_mem_0
 .text.startup.main
                0x0040567c       0xcc src/stdio_usb_example.o
                0x0040567c                main
 .text          0x00405748        0xc c:/program files (x86)/atmel/atmel studio 6.0/extensions/atmel/armgcc/3.3.1.128/armgcctoolchain/bin/../lib/gcc/arm-none-eabi/4.7.0/../../../../arm-none-eabi/lib/thumb\libc.a(lib_a-atexit.o)
                0x00405748                atexit
 .text          0x00405754       0x30 c:/program files (x86)/atmel/atmel studio 6.0/extensions/atmel/armgcc/3.3.1.128/armgcctoolchain/bin/../lib/gcc/arm-none-eabi/4.7.0/../../../../arm-none-eabi/lib/thumb\libc.a(lib_a-fini.o)
                0x00405754                __libc_fini_array
 .text          0x00405784       0x4c c:/program files (x86)/atmel/atmel studio 6.0/extensions/atmel/armgcc/3.3.1.128/armgcctoolchain/bin/../lib/gcc/arm-none-eabi/4.7.0/../../../../arm-none-eabi/lib/thumb\libc.a(lib_a-init.o)
                0x00405784                __libc_init_array
 .text          0x004057d0       0x12 c:/program files (x86)/atmel/atmel studio 6.0/extensions/atmel/armgcc/3.3.1.128/armgcctoolchain/bin/../lib/gcc/arm-none-eabi/4.7.0/../../../../arm-none-eabi/lib/thumb\libc.a(lib_a-memcpy.o)
                0x004057d0                memcpy
 .text          0x004057e2       0x10 c:/program files (x86)/atmel/atmel studio 6.0/extensions/atmel/armgcc/3.3.1.128/armgcctoolchain/bin/../lib/gcc/arm-none-eabi/4.7.0/../../../../arm-none-eabi/lib/thumb\libc.a(lib_a-memset.o)
                0x004057e2                memset
 *fill*         0x004057f2        0x2 00
 .text          0x004057f4       0x3c c:/program files (x86)/atmel/atmel studio 6.0/extensions/atmel/armgcc/3.3.1.128/armgcctoolchain/bin/../lib/gcc/arm-none-eabi/4.7.0/../../../../arm-none-eabi/lib/thumb\libc.a(lib_a-printf.o)
                0x004057f4                _printf_r
                0x0040580e                printf
 .text          0x00405830       0x74 c:/program files (x86)/atmel/atmel studio 6.0/extensions/atmel/armgcc/3.3.1.128/armgcctoolchain/bin/../lib/gcc/arm-none-eabi/4.7.0/../../../../arm-none-eabi/lib/thumb\libc.a(lib_a-puts.o)
                0x00405830                _puts_r
                0x00405894                puts
 .text          0x004058a4       0x10 c:/program files (x86)/atmel/atmel studio 6.0/extensions/atmel/armgcc/3.3.1.128/armgcctoolchain/bin/../lib/gcc/arm-none-eabi/4.7.0/../../../../arm-none-eabi/lib/thumb\libc.a(lib_a-setbuf.o)
                0x004058a4                setbuf
 .text          0x004058b4       0xec c:/program files (x86)/atmel/atmel studio 6.0/extensions/atmel/armgcc/3.3.1.128/armgcctoolchain/bin/../lib/gcc/arm-none-eabi/4.7.0/../../../../arm-none-eabi/lib/thumb\libc.a(lib_a-setvbuf.o)
                0x004058b4                setvbuf
 .text          0x004059a0       0x88 c:/program files (x86)/atmel/atmel studio 6.0/extensions/atmel/armgcc/3.3.1.128/armgcctoolchain/bin/../lib/gcc/arm-none-eabi/4.7.0/../../../../arm-none-eabi/lib/thumb\libc.a(lib_a-sprintf.o)
                0x004059a0                _sprintf_r
                0x004059e0                sprintf
 .text          0x00405a28       0x10 c:/program files (x86)/atmel/atmel studio 6.0/extensions/atmel/armgcc/3.3.1.128/armgcctoolchain/bin/../lib/gcc/arm-none-eabi/4.7.0/../../../../arm-none-eabi/lib/thumb\libc.a(lib_a-strlen.o)
                0x00405a28                strlen
 .text          0x00405a38      0x8a8 c:/program files (x86)/atmel/atmel studio 6.0/extensions/atmel/armgcc/3.3.1.128/armgcctoolchain/bin/../lib/gcc/arm-none-eabi/4.7.0/../../../../arm-none-eabi/lib/thumb\libc.a(lib_a-svfprintf.o)
                0x00405a38                _svfprintf_r
 .text          0x004062e0      0x9c4 c:/program files (x86)/atmel/atmel studio 6.0/extensions/atmel/armgcc/3.3.1.128/armgcctoolchain/bin/../lib/gcc/arm-none-eabi/4.7.0/../../../../arm-none-eabi/lib/thumb\libc.a(lib_a-vfiprintf.o)
                0x004062e0                __sprint_r
                0x0040634c                _vfiprintf_r
                0x00406c88                vfiprintf
 .text          0x00406ca4      0x958 c:/program files (x86)/atmel/atmel studio 6.0/extensions/atmel/armgcc/3.3.1.128/armgcctoolchain/bin/../lib/gcc/arm-none-eabi/4.7.0/../../../../arm-none-eabi/lib/thumb\libc.a(lib_a-vfprintf.o)
                0x00406ca4                _vfprintf_r
                0x004075e0                vfprintf
 .text          0x004075fc       0xb4 c:/program files (x86)/atmel/atmel studio 6.0/extensions/atmel/armgcc/3.3.1.128/armgcctoolchain/bin/../lib/gcc/arm-none-eabi/4.7.0/../../../../arm-none-eabi/lib/thumb\libc.a(lib_a-wbuf.o)
                0x004075fc                __swbuf_r
                0x0040769e                __swbuf
 .text          0x004076b0       0xb8 c:/program files (x86)/atmel/atmel studio 6.0/extensions/atmel/armgcc/3.3.1.128/armgcctoolchain/bin/../lib/gcc/arm-none-eabi/4.7.0/../../../../arm-none-eabi/lib/thumb\libc.a(lib_a-wsetup.o)
                0x004076b0                __swsetup_r
 .text          0x00407768       0x9c c:/program files (x86)/atmel/atmel studio 6.0/extensions/atmel/armgcc/3.3.1.128/armgcctoolchain/bin/../lib/gcc/arm-none-eabi/4.7.0/../../../../arm-none-eabi/lib/thumb\libc.a(lib_a-__atexit.o)
                0x00407768                __register_exitproc
 .text.startup  0x00407804       0x14 c:/program files (x86)/atmel/atmel studio 6.0/extensions/atmel/armgcc/3.3.1.128/armgcctoolchain/bin/../lib/gcc/arm-none-eabi/4.7.0/../../../../arm-none-eabi/lib/thumb\libc.a(lib_a-__call_atexit.o)
 .text          0x00407818        0xe c:/program files (x86)/atmel/atmel studio 6.0/extensions/atmel/armgcc/3.3.1.128/armgcctoolchain/bin/../lib/gcc/arm-none-eabi/4.7.0/../../../../arm-none-eabi/lib/thumb\libc.a(lib_a-abort.o)
                0x00407818                abort
 *fill*         0x00407826        0x2 00
 .text          0x00407828      0x154 c:/program files (x86)/atmel/atmel studio 6.0/extensions/atmel/armgcc/3.3.1.128/armgcctoolchain/bin/../lib/gcc/arm-none-eabi/4.7.0/../../../../arm-none-eabi/lib/thumb\libc.a(lib_a-fflush.o)
                0x00407828                _fflush_r
                0x00407958                fflush
 .text          0x0040797c      0x18c c:/program files (x86)/atmel/atmel studio 6.0/extensions/atmel/armgcc/3.3.1.128/armgcctoolchain/bin/../lib/gcc/arm-none-eabi/4.7.0/../../../../arm-none-eabi/lib/thumb\libc.a(lib_a-findfp.o)
                0x00407984                _cleanup_r
                0x004079d8                __sfmoreglue
                0x00407a02                _cleanup
                0x00407a10                __sinit
                0x00407a5c                __sfp
                0x00407ad8                __sfp_lock_acquire
                0x00407ada                __sfp_lock_release
                0x00407adc                __sinit_lock_acquire
                0x00407ade                __sinit_lock_release
                0x00407ae0                __fp_lock_all
                0x00407af4                __fp_unlock_all
 .text          0x00407b08       0xe4 c:/program files (x86)/atmel/atmel studio 6.0/extensions/atmel/armgcc/3.3.1.128/armgcctoolchain/bin/../lib/gcc/arm-none-eabi/4.7.0/../../../../arm-none-eabi/lib/thumb\libc.a(lib_a-fputwc.o)
                0x00407b08                _fputwc_r
                0x00407bc4                fputwc
 .text          0x00407bec      0x204 c:/program files (x86)/atmel/atmel studio 6.0/extensions/atmel/armgcc/3.3.1.128/armgcctoolchain/bin/../lib/gcc/arm-none-eabi/4.7.0/../../../../arm-none-eabi/lib/thumb\libc.a(lib_a-freer.o)
                0x00407bec                _malloc_trim_r
                0x00407c88                _free_r
 .text          0x00407df0      0x2b0 c:/program files (x86)/atmel/atmel studio 6.0/extensions/atmel/armgcc/3.3.1.128/armgcctoolchain/bin/../lib/gcc/arm-none-eabi/4.7.0/../../../../arm-none-eabi/lib/thumb\libc.a(lib_a-fvwrite.o)
                0x00407df0                __sfvwrite_r
 .text          0x004080a0       0x8a c:/program files (x86)/atmel/atmel studio 6.0/extensions/atmel/armgcc/3.3.1.128/armgcctoolchain/bin/../lib/gcc/arm-none-eabi/4.7.0/../../../../arm-none-eabi/lib/thumb\libc.a(lib_a-fwalk.o)
                0x004080a0                _fwalk
                0x004080e4                _fwalk_reent
 *fill*         0x0040812a        0x2 00
 .text          0x0040812c       0x88 c:/program files (x86)/atmel/atmel studio 6.0/extensions/atmel/armgcc/3.3.1.128/armgcctoolchain/bin/../lib/gcc/arm-none-eabi/4.7.0/../../../../arm-none-eabi/lib/thumb\libc.a(lib_a-locale.o)
                0x0040812c                _setlocale_r
                0x00408170                __locale_charset
                0x00408178                __locale_mb_cur_max
                0x00408184                __locale_msgcharset
                0x0040818c                __locale_cjk_lang
                0x00408190                _localeconv_r
                0x00408198                setlocale
                0x004081ac                localeconv
 .text          0x004081b4       0xd8 c:/program files (x86)/atmel/atmel studio 6.0/extensions/atmel/armgcc/3.3.1.128/armgcctoolchain/bin/../lib/gcc/arm-none-eabi/4.7.0/../../../../arm-none-eabi/lib/thumb\libc.a(lib_a-makebuf.o)
                0x004081b4                __smakebuf_r
 .text          0x0040828c       0x20 c:/program files (x86)/atmel/atmel studio 6.0/extensions/atmel/armgcc/3.3.1.128/armgcctoolchain/bin/../lib/gcc/arm-none-eabi/4.7.0/../../../../arm-none-eabi/lib/thumb\libc.a(lib_a-malloc.o)
                0x0040828c                malloc
                0x0040829c                free
 .text          0x004082ac      0x3f8 c:/program files (x86)/atmel/atmel studio 6.0/extensions/atmel/armgcc/3.3.1.128/armgcctoolchain/bin/../lib/gcc/arm-none-eabi/4.7.0/../../../../arm-none-eabi/lib/thumb\libc.a(lib_a-mallocr.o)
                0x004082ac                _malloc_r
 .text          0x004086a4       0x1c c:/program files (x86)/atmel/atmel studio 6.0/extensions/atmel/armgcc/3.3.1.128/armgcctoolchain/bin/../lib/gcc/arm-none-eabi/4.7.0/../../../../arm-none-eabi/lib/thumb\libc.a(lib_a-memchr.o)
                0x004086a4                memchr
 .text          0x004086c0       0x32 c:/program files (x86)/atmel/atmel studio 6.0/extensions/atmel/armgcc/3.3.1.128/armgcctoolchain/bin/../lib/gcc/arm-none-eabi/4.7.0/../../../../arm-none-eabi/lib/thumb\libc.a(lib_a-memmove.o)
                0x004086c0                memmove
 .text          0x004086f2        0x4 c:/program files (x86)/atmel/atmel studio 6.0/extensions/atmel/armgcc/3.3.1.128/armgcctoolchain/bin/../lib/gcc/arm-none-eabi/4.7.0/../../../../arm-none-eabi/lib/thumb\libc.a(lib_a-mlock.o)
                0x004086f2                __malloc_lock
                0x004086f4                __malloc_unlock
 *fill*         0x004086f6        0x2 00
 .text          0x004086f8      0x2dc c:/program files (x86)/atmel/atmel studio 6.0/extensions/atmel/armgcc/3.3.1.128/armgcctoolchain/bin/../lib/gcc/arm-none-eabi/4.7.0/../../../../arm-none-eabi/lib/thumb\libc.a(lib_a-reallocr.o)
                0x004086f8                _realloc_r
 .text          0x004089d4       0x20 c:/program files (x86)/atmel/atmel studio 6.0/extensions/atmel/armgcc/3.3.1.128/armgcctoolchain/bin/../lib/gcc/arm-none-eabi/4.7.0/../../../../arm-none-eabi/lib/thumb\libc.a(lib_a-sbrkr.o)
                0x004089d4                _sbrk_r
 .text          0x004089f4      0x144 c:/program files (x86)/atmel/atmel studio 6.0/extensions/atmel/armgcc/3.3.1.128/armgcctoolchain/bin/../lib/gcc/arm-none-eabi/4.7.0/../../../../arm-none-eabi/lib/thumb\libc.a(lib_a-signal.o)
                0x004089f4                _init_signal_r
                0x00408a26                _signal_r
                0x00408a5a                _raise_r
                0x00408aac                __sigtramp_r
                0x00408afa                raise
                0x00408b08                signal
                0x00408b1c                _init_signal
                0x00408b28                __sigtramp
 .text          0x00408b38       0x28 c:/program files (x86)/atmel/atmel studio 6.0/extensions/atmel/armgcc/3.3.1.128/armgcctoolchain/bin/../lib/gcc/arm-none-eabi/4.7.0/../../../../arm-none-eabi/lib/thumb\libc.a(lib_a-signalr.o)
                0x00408b38                _kill_r
                0x00408b5c                _getpid_r
 .text          0x00408b60       0x8e c:/program files (x86)/atmel/atmel studio 6.0/extensions/atmel/armgcc/3.3.1.128/armgcctoolchain/bin/../lib/gcc/arm-none-eabi/4.7.0/../../../../arm-none-eabi/lib/thumb\libc.a(lib_a-stdio.o)
                0x00408b60                __sread
                0x00408b82                __seofread
                0x00408b86                __swrite
                0x00408bc2                __sseek
                0x00408be6                __sclose
 .text          0x00408bee       0x16 c:/program files (x86)/atmel/atmel studio 6.0/extensions/atmel/armgcc/3.3.1.128/armgcctoolchain/bin/../lib/gcc/arm-none-eabi/4.7.0/../../../../arm-none-eabi/lib/thumb\libc.a(lib_a-strcmp.o)
                0x00408bee                strcmp
 .text          0x00408c04      0x9a4 c:/program files (x86)/atmel/atmel studio 6.0/extensions/atmel/armgcc/3.3.1.128/armgcctoolchain/bin/../lib/gcc/arm-none-eabi/4.7.0/../../../../arm-none-eabi/lib/thumb\libc.a(lib_a-svfiprintf.o)
                0x00408c04                __ssprint_r
                0x00408cfe                _svfiprintf_r
 .text          0x004095a8       0x68 c:/program files (x86)/atmel/atmel studio 6.0/extensions/atmel/armgcc/3.3.1.128/armgcctoolchain/bin/../lib/gcc/arm-none-eabi/4.7.0/../../../../arm-none-eabi/lib/thumb\libc.a(lib_a-wcrtomb.o)
                0x004095a8                _wcrtomb_r
                0x004095f4                wcrtomb
 .text          0x00409610       0x44 c:/program files (x86)/atmel/atmel studio 6.0/extensions/atmel/armgcc/3.3.1.128/armgcctoolchain/bin/../lib/gcc/arm-none-eabi/4.7.0/../../../../arm-none-eabi/lib/thumb\libc.a(lib_a-wctomb_r.o)
                0x00409610                __ascii_wctomb
                0x0040962a                _wctomb_r
 .text          0x00409654       0x24 c:/program files (x86)/atmel/atmel studio 6.0/extensions/atmel/armgcc/3.3.1.128/armgcctoolchain/bin/../lib/gcc/arm-none-eabi/4.7.0/../../../../arm-none-eabi/lib/thumb\libc.a(lib_a-writer.o)
                0x00409654                _write_r
 .text          0x00409678       0x20 c:/program files (x86)/atmel/atmel studio 6.0/extensions/atmel/armgcc/3.3.1.128/armgcctoolchain/bin/../lib/gcc/arm-none-eabi/4.7.0/../../../../arm-none-eabi/lib/thumb\libc.a(lib_a-closer.o)
                0x00409678                _close_r
 .text          0x00409698       0x94 c:/program files (x86)/atmel/atmel studio 6.0/extensions/atmel/armgcc/3.3.1.128/armgcctoolchain/bin/../lib/gcc/arm-none-eabi/4.7.0/../../../../arm-none-eabi/lib/thumb\libc.a(lib_a-fclose.o)
                0x00409698                _fclose_r
                0x0040971e                fclose
 .text          0x0040972c       0x24 c:/program files (x86)/atmel/atmel studio 6.0/extensions/atmel/armgcc/3.3.1.128/armgcctoolchain/bin/../lib/gcc/arm-none-eabi/4.7.0/../../../../arm-none-eabi/lib/thumb\libc.a(lib_a-fstatr.o)
                0x0040972c                _fstat_r
 .text          0x00409750       0x20 c:/program files (x86)/atmel/atmel studio 6.0/extensions/atmel/armgcc/3.3.1.128/armgcctoolchain/bin/../lib/gcc/arm-none-eabi/4.7.0/../../../../arm-none-eabi/lib/thumb\libc.a(lib_a-isattyr.o)
                0x00409750                _isatty_r
 .text          0x00409770       0x24 c:/program files (x86)/atmel/atmel studio 6.0/extensions/atmel/armgcc/3.3.1.128/armgcctoolchain/bin/../lib/gcc/arm-none-eabi/4.7.0/../../../../arm-none-eabi/lib/thumb\libc.a(lib_a-lseekr.o)
                0x00409770                _lseek_r
 .text          0x00409794       0x24 c:/program files (x86)/atmel/atmel studio 6.0/extensions/atmel/armgcc/3.3.1.128/armgcctoolchain/bin/../lib/gcc/arm-none-eabi/4.7.0/../../../../arm-none-eabi/lib/thumb\libc.a(lib_a-readr.o)
                0x00409794                _read_r
 .text          0x004097b8       0x2c c:/program files (x86)/atmel/atmel studio 6.0/extensions/atmel/armgcc/3.3.1.128/armgcctoolchain/bin/../lib/gcc/arm-none-eabi/4.7.0/thumb\libgcc.a(_aeabi_uldivmod.o)
                0x004097b8                __aeabi_uldivmod
 .text          0x004097e4       0x60 c:/program files (x86)/atmel/atmel studio 6.0/extensions/atmel/armgcc/3.3.1.128/armgcctoolchain/bin/../lib/gcc/arm-none-eabi/4.7.0/thumb\libgcc.a(bpabi.o)
                0x004097e4                __gnu_ldivmod_helper
                0x00409814                __gnu_uldivmod_helper
 .text          0x00409844        0x4 c:/program files (x86)/atmel/atmel studio 6.0/extensions/atmel/armgcc/3.3.1.128/armgcctoolchain/bin/../lib/gcc/arm-none-eabi/4.7.0/thumb\libgcc.a(_dvmd_tls.o)
                0x00409844                __aeabi_idiv0
                0x00409844                __aeabi_ldiv0
 .text          0x00409848      0x2c8 c:/program files (x86)/atmel/atmel studio 6.0/extensions/atmel/armgcc/3.3.1.128/armgcctoolchain/bin/../lib/gcc/arm-none-eabi/4.7.0/thumb\libgcc.a(_divdi3.o)
                0x00409848                __divdi3
 .text          0x00409b10      0x29c c:/program files (x86)/atmel/atmel studio 6.0/extensions/atmel/armgcc/3.3.1.128/armgcctoolchain/bin/../lib/gcc/arm-none-eabi/4.7.0/thumb\libgcc.a(_udivdi3.o)
                0x00409b10                __udivdi3
 .text          0x00409dac      0x9fc c:/program files (x86)/atmel/atmel studio 6.0/extensions/atmel/armgcc/3.3.1.128/armgcctoolchain/bin/../lib/gcc/arm-none-eabi/4.7.0/thumb\libgcc.a(unwind-arm.o)
                0x0040a074                _Unwind_GetCFA
                0x0040a078                __gnu_Unwind_RaiseException
                0x0040a0d8                __gnu_Unwind_ForcedUnwind
                0x0040a0f0                __gnu_Unwind_Resume
                0x0040a134                __gnu_Unwind_Resume_or_Rethrow
                0x0040a14c                _Unwind_Complete
                0x0040a150                _Unwind_DeleteException
                0x0040a160                _Unwind_VRS_Get
                0x0040a1a4                _Unwind_VRS_Set
                0x0040a4b8                __aeabi_unwind_cpp_pr2
                0x0040a4c0                __aeabi_unwind_cpp_pr1
                0x0040a4c8                __aeabi_unwind_cpp_pr0
                0x0040a4d0                __gnu_Unwind_Backtrace
                0x0040a540                _Unwind_VRS_Pop
 .text          0x0040a7a8      0x1ac c:/program files (x86)/atmel/atmel studio 6.0/extensions/atmel/armgcc/3.3.1.128/armgcctoolchain/bin/../lib/gcc/arm-none-eabi/4.7.0/thumb\libgcc.a(libunwind.o)
                0x0040a7a8                __restore_core_regs
                0x0040a7a8                restore_core_regs
                0x0040a7c0                __gnu_Unwind_Restore_VFP
                0x0040a7c8                __gnu_Unwind_Save_VFP
                0x0040a7d0                __gnu_Unwind_Restore_VFP_D
                0x0040a7d8                __gnu_Unwind_Save_VFP_D
                0x0040a7e0                __gnu_Unwind_Restore_VFP_D_16_to_31
                0x0040a7e8                __gnu_Unwind_Save_VFP_D_16_to_31
                0x0040a7f0                __gnu_Unwind_Restore_WMMXD
                0x0040a834                __gnu_Unwind_Save_WMMXD
                0x0040a878                __gnu_Unwind_Restore_WMMXC
                0x0040a88c                __gnu_Unwind_Save_WMMXC
                0x0040a8a0                ___Unwind_RaiseException
                0x0040a8a0                _Unwind_RaiseException
                0x0040a8c4                _Unwind_Resume
                0x0040a8c4                ___Unwind_Resume
                0x0040a8e8                _Unwind_Resume_or_Rethrow
                0x0040a8e8                ___Unwind_Resume_or_Rethrow
                0x0040a90c                _Unwind_ForcedUnwind
                0x0040a90c                ___Unwind_ForcedUnwind
                0x0040a930                ___Unwind_Backtrace
                0x0040a930                _Unwind_Backtrace
 .text          0x0040a954      0x3a0 c:/program files (x86)/atmel/atmel studio 6.0/extensions/atmel/armgcc/3.3.1.128/armgcctoolchain/bin/../lib/gcc/arm-none-eabi/4.7.0/thumb\libgcc.a(pr-support.o)
                0x0040a9a0                __gnu_unwind_execute
                0x0040ac9c                __gnu_unwind_frame
                0x0040acc4                _Unwind_GetRegionStart
                0x0040acd0                _Unwind_GetLanguageSpecificData
                0x0040ace4                _Unwind_GetDataRelBase
                0x0040acec                _Unwind_GetTextRelBase
 *(.glue_7t)
 .glue_7t       0x00000000        0x0 linker stubs
 *(.glue_7)
 .glue_7        0x00000000        0x0 linker stubs
 *(.rodata .rodata* .gnu.linkonce.r.*)
 .rodata.str1.1
                0x0040acf4      0x1e7 src/zeppelin_fc.o
 .rodata.__func__.9206
                0x0040aedb       0x19 src/asf/common/components/memory/sd_mmc/sd_mmc.o
 .rodata.sd_trans_multipliers
                0x0040aef4       0x40 src/asf/common/components/memory/sd_mmc/sd_mmc.o
                0x0040aef4                sd_trans_multipliers
 .rodata.__func__.9045
                0x0040af34       0x16 src/asf/common/components/memory/sd_mmc/sd_mmc.o
 *fill*         0x0040af4a        0x2 00
 .rodata.sd_mmc_trans_units
                0x0040af4c       0x1c src/asf/common/components/memory/sd_mmc/sd_mmc.o
                0x0040af4c                sd_mmc_trans_units
 .rodata.mmc_trans_multipliers
                0x0040af68       0x40 src/asf/common/components/memory/sd_mmc/sd_mmc.o
                0x0040af68                mmc_trans_multipliers
 .rodata.__func__.9111
                0x0040afa8        0xd src/asf/common/components/memory/sd_mmc/sd_mmc.o
 .rodata.__func__.9063
                0x0040afb5        0x8 src/asf/common/components/memory/sd_mmc/sd_mmc.o
 .rodata.str1.1
                0x0040afbd      0x219 src/asf/common/components/memory/sd_mmc/sd_mmc.o
 .rodata.__func__.9054
                0x0040b1d6       0x17 src/asf/common/components/memory/sd_mmc/sd_mmc.o
 *fill*         0x0040b1ed        0x3 00
 .rodata.CSWTCH.69
                0x0040b1f0       0x14 src/asf/common/components/memory/sd_mmc/sd_mmc.o
 .rodata.__func__.9008
                0x0040b204       0x10 src/asf/common/components/memory/sd_mmc/sd_mmc.o
 .rodata.__func__.9058
                0x0040b214       0x18 src/asf/common/components/memory/sd_mmc/sd_mmc.o
 .rodata.__func__.9189
                0x0040b22c       0x18 src/asf/common/components/memory/sd_mmc/sd_mmc.o
 .rodata.__func__.9026
                0x0040b244        0xf src/asf/common/components/memory/sd_mmc/sd_mmc.o
 .rodata.CSWTCH.39
                0x0040b253        0x5 src/asf/sam/drivers/hsmci/hsmci.o
 .rodata.str1.1
                0x0040b258       0x19 src/asf/sam/utils/syscalls/gcc/syscalls.o
 .rodata.CSWTCH.6
                0x0040b271        0x3 src/asf/thirdparty/fatfs/fatfs-port-r0.09/diskio.o
 .rodata.excvt.4497
                0x0040b274       0x80 src/asf/thirdparty/fatfs/fatfs-r0.09/src/ff.o
 .rodata.str1.1
                0x0040b2f4       0x10 src/asf/thirdparty/fatfs/fatfs-r0.09/src/ff.o
 .rodata.LfnOfs
                0x0040b304        0xd src/asf/thirdparty/fatfs/fatfs-r0.09/src/ff.o
 *fill*         0x0040b311        0x1 00
 .rodata.tbl_lower.4247
                0x0040b312      0x1e0 src/asf/thirdparty/fatfs/fatfs-r0.09/src/option/ccsbcs.o
 .rodata.Tbl    0x0040b4f2      0x100 src/asf/thirdparty/fatfs/fatfs-r0.09/src/option/ccsbcs.o
 .rodata.tbl_upper.4248
                0x0040b5f2      0x1e0 src/asf/thirdparty/fatfs/fatfs-r0.09/src/option/ccsbcs.o
 *fill*         0x0040b7d2        0x2 00
 .rodata        0x0040b7d4        0x4 c:/program files (x86)/atmel/atmel studio 6.0/extensions/atmel/armgcc/3.3.1.128/armgcctoolchain/bin/../lib/gcc/arm-none-eabi/4.7.0/../../../../arm-none-eabi/lib/thumb\libc.a(lib_a-impure.o)
                0x0040b7d4                _global_impure_ptr
 .rodata.str1.1
                0x0040b7d8        0x2 c:/program files (x86)/atmel/atmel studio 6.0/extensions/atmel/armgcc/3.3.1.128/armgcctoolchain/bin/../lib/gcc/arm-none-eabi/4.7.0/../../../../arm-none-eabi/lib/thumb\libc.a(lib_a-impure.o)
 .rodata.str1.1
                0x00000000        0x2 c:/program files (x86)/atmel/atmel studio 6.0/extensions/atmel/armgcc/3.3.1.128/armgcctoolchain/bin/../lib/gcc/arm-none-eabi/4.7.0/../../../../arm-none-eabi/lib/thumb\libc.a(lib_a-puts.o)
 .rodata        0x0040b7da       0x20 c:/program files (x86)/atmel/atmel studio 6.0/extensions/atmel/armgcc/3.3.1.128/armgcctoolchain/bin/../lib/gcc/arm-none-eabi/4.7.0/../../../../arm-none-eabi/lib/thumb\libc.a(lib_a-svfprintf.o)
 .rodata.str1.1
                0x0040b7fa       0x22 c:/program files (x86)/atmel/atmel studio 6.0/extensions/atmel/armgcc/3.3.1.128/armgcctoolchain/bin/../lib/gcc/arm-none-eabi/4.7.0/../../../../arm-none-eabi/lib/thumb\libc.a(lib_a-svfprintf.o)
 .rodata        0x0040b81c       0x20 c:/program files (x86)/atmel/atmel studio 6.0/extensions/atmel/armgcc/3.3.1.128/armgcctoolchain/bin/../lib/gcc/arm-none-eabi/4.7.0/../../../../arm-none-eabi/lib/thumb\libc.a(lib_a-vfiprintf.o)
 .rodata.str1.1
                0x00000000       0x22 c:/program files (x86)/atmel/atmel studio 6.0/extensions/atmel/armgcc/3.3.1.128/armgcctoolchain/bin/../lib/gcc/arm-none-eabi/4.7.0/../../../../arm-none-eabi/lib/thumb\libc.a(lib_a-vfiprintf.o)
 .rodata        0x0040b83c       0x20 c:/program files (x86)/atmel/atmel studio 6.0/extensions/atmel/armgcc/3.3.1.128/armgcctoolchain/bin/../lib/gcc/arm-none-eabi/4.7.0/../../../../arm-none-eabi/lib/thumb\libc.a(lib_a-vfprintf.o)
 .rodata.str1.1
                0x00000000       0x22 c:/program files (x86)/atmel/atmel studio 6.0/extensions/atmel/armgcc/3.3.1.128/armgcctoolchain/bin/../lib/gcc/arm-none-eabi/4.7.0/../../../../arm-none-eabi/lib/thumb\libc.a(lib_a-vfprintf.o)
 .rodata.str1.1
                0x0040b85c        0x6 c:/program files (x86)/atmel/atmel studio 6.0/extensions/atmel/armgcc/3.3.1.128/armgcctoolchain/bin/../lib/gcc/arm-none-eabi/4.7.0/../../../../arm-none-eabi/lib/thumb\libc.a(lib_a-locale.o)
                                  0xb (size before relaxing)
 .rodata        0x0040b862       0x20 c:/program files (x86)/atmel/atmel studio 6.0/extensions/atmel/armgcc/3.3.1.128/armgcctoolchain/bin/../lib/gcc/arm-none-eabi/4.7.0/../../../../arm-none-eabi/lib/thumb\libc.a(lib_a-svfiprintf.o)
 .rodata.str1.1
                0x00000000       0x22 c:/program files (x86)/atmel/atmel studio 6.0/extensions/atmel/armgcc/3.3.1.128/armgcctoolchain/bin/../lib/gcc/arm-none-eabi/4.7.0/../../../../arm-none-eabi/lib/thumb\libc.a(lib_a-svfiprintf.o)
 *(.ARM.extab* .gnu.linkonce.armextab.*)
 *fill*         0x0040b882        0x2 00
 .ARM.extab     0x0040b884       0x18 c:/program files (x86)/atmel/atmel studio 6.0/extensions/atmel/armgcc/3.3.1.128/armgcctoolchain/bin/../lib/gcc/arm-none-eabi/4.7.0/thumb\libgcc.a(unwind-arm.o)
 .ARM.extab     0x0040b89c       0x18 c:/program files (x86)/atmel/atmel studio 6.0/extensions/atmel/armgcc/3.3.1.128/armgcctoolchain/bin/../lib/gcc/arm-none-eabi/4.7.0/thumb\libgcc.a(pr-support.o)
                0x0040b8b4                . = ALIGN (0x4)
 *(.init)
 .init          0x0040b8b4        0x4 c:/program files (x86)/atmel/atmel studio 6.0/extensions/atmel/armgcc/3.3.1.128/armgcctoolchain/bin/../lib/gcc/arm-none-eabi/4.7.0/thumb/crti.o
                0x0040b8b4                _init
 .init          0x0040b8b8        0x8 c:/program files (x86)/atmel/atmel studio 6.0/extensions/atmel/armgcc/3.3.1.128/armgcctoolchain/bin/../lib/gcc/arm-none-eabi/4.7.0/thumb/crtn.o
                0x0040b8c0                . = ALIGN (0x4)
                0x0040b8c0                __preinit_array_start = .
 *(.preinit_array)
                0x0040b8c0                __preinit_array_end = .
                0x0040b8c0                . = ALIGN (0x4)
                0x0040b8c0                __init_array_start = .
 *(SORT(.init_array.*))
 .init_array.00000
                0x0040b8c0        0x4 c:/program files (x86)/atmel/atmel studio 6.0/extensions/atmel/armgcc/3.3.1.128/armgcctoolchain/bin/../lib/gcc/arm-none-eabi/4.7.0/../../../../arm-none-eabi/lib/thumb\libc.a(lib_a-__call_atexit.o)
 *(.init_array)
 .init_array    0x0040b8c4        0x4 c:/program files (x86)/atmel/atmel studio 6.0/extensions/atmel/armgcc/3.3.1.128/armgcctoolchain/bin/../lib/gcc/arm-none-eabi/4.7.0/thumb/crtbegin.o
                0x0040b8c8                __init_array_end = .
                0x0040b8c8                . = ALIGN (0x4)
 *crtbegin.o(.ctors)
 *(EXCLUDE_FILE(*crtend.o) .ctors)
 *(SORT(.ctors.*))
 *crtend.o(.ctors)
                0x0040b8c8                . = ALIGN (0x4)
 *(.fini)
 .fini          0x0040b8c8        0x4 c:/program files (x86)/atmel/atmel studio 6.0/extensions/atmel/armgcc/3.3.1.128/armgcctoolchain/bin/../lib/gcc/arm-none-eabi/4.7.0/thumb/crti.o
                0x0040b8c8                _fini
 .fini          0x0040b8cc        0x8 c:/program files (x86)/atmel/atmel studio 6.0/extensions/atmel/armgcc/3.3.1.128/armgcctoolchain/bin/../lib/gcc/arm-none-eabi/4.7.0/thumb/crtn.o
                0x0040b8d4                . = ALIGN (0x4)
                0x0040b8d4                __fini_array_start = .
 *(.fini_array)
 .fini_array    0x0040b8d4        0x4 c:/program files (x86)/atmel/atmel studio 6.0/extensions/atmel/armgcc/3.3.1.128/armgcctoolchain/bin/../lib/gcc/arm-none-eabi/4.7.0/thumb/crtbegin.o
 *(SORT(.fini_array.*))
                0x0040b8d8                __fini_array_end = .
 *crtbegin.o(.dtors)
 *(EXCLUDE_FILE(*crtend.o) .dtors)
 *(SORT(.dtors.*))
 *crtend.o(.dtors)
                0x0040b8d8                . = ALIGN (0x4)
                0x0040b8d8                _efixed = .
                0x0040b8d8                PROVIDE (__exidx_start, .)

.vfp11_veneer   0x0040b8d8        0x0
 .vfp11_veneer  0x00000000        0x0 linker stubs

.v4_bx          0x0040b8d8        0x0
 .v4_bx         0x00000000        0x0 linker stubs

.iplt           0x0040b8d8        0x0
 .iplt          0x00000000        0x0 c:/program files (x86)/atmel/atmel studio 6.0/extensions/atmel/armgcc/3.3.1.128/armgcctoolchain/bin/../lib/gcc/arm-none-eabi/4.7.0/thumb/crtbegin.o

.ARM.exidx      0x0040b8d8       0xd8
 *(.ARM.exidx* .gnu.linkonce.armexidx.*)
 .ARM.exidx     0x0040b8d8        0x8 c:/program files (x86)/atmel/atmel studio 6.0/extensions/atmel/armgcc/3.3.1.128/armgcctoolchain/bin/../lib/gcc/arm-none-eabi/4.7.0/thumb\libgcc.a(_divdi3.o)
 .ARM.exidx     0x0040b8e0        0x8 c:/program files (x86)/atmel/atmel studio 6.0/extensions/atmel/armgcc/3.3.1.128/armgcctoolchain/bin/../lib/gcc/arm-none-eabi/4.7.0/thumb\libgcc.a(_udivdi3.o)
 .ARM.exidx     0x0040b8e8       0x90 c:/program files (x86)/atmel/atmel studio 6.0/extensions/atmel/armgcc/3.3.1.128/armgcctoolchain/bin/../lib/gcc/arm-none-eabi/4.7.0/thumb\libgcc.a(unwind-arm.o)
                                 0xd8 (size before relaxing)
 .ARM.exidx     0x0040b978       0x38 c:/program files (x86)/atmel/atmel studio 6.0/extensions/atmel/armgcc/3.3.1.128/armgcctoolchain/bin/../lib/gcc/arm-none-eabi/4.7.0/thumb\libgcc.a(pr-support.o)
                                 0x48 (size before relaxing)
                0x0040b9b0                PROVIDE (__exidx_end, .)

.eh_frame       0x0040b9b0        0x0
 .eh_frame      0x0040b9b0        0x0 c:/program files (x86)/atmel/atmel studio 6.0/extensions/atmel/armgcc/3.3.1.128/armgcctoolchain/bin/../lib/gcc/arm-none-eabi/4.7.0/thumb/crtbegin.o

.rel.dyn        0x0040b9b0        0x0
 .rel.iplt      0x00000000        0x0 c:/program files (x86)/atmel/atmel studio 6.0/extensions/atmel/armgcc/3.3.1.128/armgcctoolchain/bin/../lib/gcc/arm-none-eabi/4.7.0/thumb/crtbegin.o

.jcr            0x0040b9b0        0x0
 .jcr           0x0040b9b0        0x0 c:/program files (x86)/atmel/atmel studio 6.0/extensions/atmel/armgcc/3.3.1.128/armgcctoolchain/bin/../lib/gcc/arm-none-eabi/4.7.0/thumb/crtbegin.o

.tm_clone_table
                0x0040b9b0        0x0
 .tm_clone_table
                0x0040b9b0        0x0 c:/program files (x86)/atmel/atmel studio 6.0/extensions/atmel/armgcc/3.3.1.128/armgcctoolchain/bin/../lib/gcc/arm-none-eabi/4.7.0/thumb/crtbegin.o
 .tm_clone_table
                0x0040b9b0        0x0 c:/program files (x86)/atmel/atmel studio 6.0/extensions/atmel/armgcc/3.3.1.128/armgcctoolchain/bin/../lib/gcc/arm-none-eabi/4.7.0/thumb/crtend.o

.igot.plt       0x0040b9b0        0x0
 .igot.plt      0x00000000        0x0 c:/program files (x86)/atmel/atmel studio 6.0/extensions/atmel/armgcc/3.3.1.128/armgcctoolchain/bin/../lib/gcc/arm-none-eabi/4.7.0/thumb/crtbegin.o
                0x0040b9b0                . = ALIGN (0x4)
                0x0040b9b0                _etext = .

.relocate       0x20000000      0x9d0 load address 0x0040b9b0
                0x20000000                . = ALIGN (0x4)
                0x20000000                _srelocate = .
 *(.ramfunc .ramfunc.*)
 .ramfunc       0x20000000        0xa src/asf/common/services/delay/sam/cycle_counter.o
                0x20000000                portable_delay_cycles
 *(.data .data.*)
 *fill*         0x2000000a        0x2 00
 .data.SystemCoreClock
                0x2000000c        0x4 src/asf/sam/utils/cmsis/sam3s8/source/templates/system_sam3sd8.o
                0x2000000c                SystemCoreClock
 .data.file_name
                0x20000010       0x11 src/zeppelin_fc.o
                0x20000010                file_name
 *fill*         0x20000021        0x3 00
 .data.sd_mmc_cards
                0x20000024       0x24 src/asf/common/components/memory/sd_mmc/sd_mmc.o
 .data.udi_api_cdc_data
                0x20000048       0x14 src/asf/common/services/usb/class/cdc/device/udi_cdc.o
                0x20000048                udi_api_cdc_data
 .data.udi_api_cdc_comm
                0x2000005c       0x14 src/asf/common/services/usb/class/cdc/device/udi_cdc.o
                0x2000005c                udi_api_cdc_comm
 .data.udc_config
                0x20000070        0x8 src/asf/common/services/usb/class/cdc/device/udi_cdc_desc.o
                0x20000070                udc_config
 .data.udi_apis
                0x20000078        0x8 src/asf/common/services/usb/class/cdc/device/udi_cdc_desc.o
                0x20000078                udi_apis
 .data.udc_config_fs
                0x20000080        0x8 src/asf/common/services/usb/class/cdc/device/udi_cdc_desc.o
                0x20000080                udc_config_fs
 .data.udc_device_desc
                0x20000088       0x14 src/asf/common/services/usb/class/cdc/device/udi_cdc_desc.o
                0x20000088                udc_device_desc
 .data.udc_desc_fs
                0x2000009c       0x44 src/asf/common/services/usb/class/cdc/device/udi_cdc_desc.o
                0x2000009c                udc_desc_fs
 .data.udc_string_product_name
                0x200000e0        0x4 src/asf/common/services/usb/udc/udc.o
 .data.udc_string_manufacturer_name
                0x200000e4        0xa src/asf/common/services/usb/udc/udc.o
 *fill*         0x200000ee        0x2 00
 .data.udc_string_desc
                0x200000f0       0x14 src/asf/common/services/usb/udc/udc.o
 .data.udc_string_desc_languageid
                0x20000104        0x4 src/asf/common/services/usb/udc/udc.o
 .data.g_interrupt_enabled
                0x20000108        0x1 src/asf/common/utils/interrupt/interrupt_sam_nvic.o
                0x20000108                g_interrupt_enabled
 *fill*         0x20000109        0x7 00
 .data          0x20000110      0x430 c:/program files (x86)/atmel/atmel studio 6.0/extensions/atmel/armgcc/3.3.1.128/armgcctoolchain/bin/../lib/gcc/arm-none-eabi/4.7.0/../../../../arm-none-eabi/lib/thumb\libc.a(lib_a-impure.o)
                0x20000110                _impure_ptr
 .data          0x20000540       0x7c c:/program files (x86)/atmel/atmel studio 6.0/extensions/atmel/armgcc/3.3.1.128/armgcctoolchain/bin/../lib/gcc/arm-none-eabi/4.7.0/../../../../arm-none-eabi/lib/thumb\libc.a(lib_a-locale.o)
                0x20000560                __mb_cur_max
 .data          0x200005bc      0x410 c:/program files (x86)/atmel/atmel studio 6.0/extensions/atmel/armgcc/3.3.1.128/armgcctoolchain/bin/../lib/gcc/arm-none-eabi/4.7.0/../../../../arm-none-eabi/lib/thumb\libc.a(lib_a-mallocr.o)
                0x200005bc                __malloc_av_
                0x200009c4                __malloc_sbrk_base
                0x200009c8                __malloc_trim_threshold
 .data          0x200009cc        0x4 c:/program files (x86)/atmel/atmel studio 6.0/extensions/atmel/armgcc/3.3.1.128/armgcctoolchain/bin/../lib/gcc/arm-none-eabi/4.7.0/../../../../arm-none-eabi/lib/thumb\libc.a(lib_a-wctomb_r.o)
                0x200009cc                __wctomb
                0x200009d0                . = ALIGN (0x4)
                0x200009d0                _erelocate = .

.bss            0x200009d0      0xfa4 load address 0x0040c380
                0x200009d0                . = ALIGN (0x4)
                0x200009d0                _sbss = .
                0x200009d0                _szero = .
 *(.bss .bss.*)
 .bss           0x200009d0       0x1c c:/program files (x86)/atmel/atmel studio 6.0/extensions/atmel/armgcc/3.3.1.128/armgcctoolchain/bin/../lib/gcc/arm-none-eabi/4.7.0/thumb/crtbegin.o
 .bss.gs_ul_alarm_triggered
                0x200009ec        0x4 src/rtc.o
 .bss.ul_ms_ticks
                0x200009f0        0x4 src/zeppelin_fc.o
                0x200009f0                ul_ms_ticks
 .bss.sd_mmc_nb_block_to_tranfer
                0x200009f4        0x2 src/asf/common/components/memory/sd_mmc/sd_mmc.o
 .bss.sd_mmc_sam_systick_used
                0x200009f6        0x1 src/asf/common/components/memory/sd_mmc/sd_mmc.o
 *fill*         0x200009f7        0x1 00
 .bss.sd_mmc_card
                0x200009f8        0x4 src/asf/common/components/memory/sd_mmc/sd_mmc.o
 .bss.sd_mmc_nb_block_remaining
                0x200009fc        0x2 src/asf/common/components/memory/sd_mmc/sd_mmc.o
 .bss.sd_mmc_slot_sel
                0x200009fe        0x1 src/asf/common/components/memory/sd_mmc/sd_mmc.o
 .bss.udi_cdc_line_coding
                0x200009ff        0x7 src/asf/common/services/usb/class/cdc/device/udi_cdc.o
 .bss.udi_cdc_nb_data_enabled
                0x20000a06        0x1 src/asf/common/services/usb/class/cdc/device/udi_cdc.o
 .bss.udi_cdc_tx_buf_sel
                0x20000a07        0x1 src/asf/common/services/usb/class/cdc/device/udi_cdc.o
 .bss.udi_cdc_tx_buf_nb
                0x20000a08        0x4 src/asf/common/services/usb/class/cdc/device/udi_cdc.o
 .bss.udi_cdc_tx_buf
                0x20000a0c      0x280 src/asf/common/services/usb/class/cdc/device/udi_cdc.o
 .bss.udi_cdc_rx_buf_nb
                0x20000c8c        0x4 src/asf/common/services/usb/class/cdc/device/udi_cdc.o
 .bss.udi_cdc_nb_comm_enabled
                0x20000c90        0x1 src/asf/common/services/usb/class/cdc/device/udi_cdc.o
 *fill*         0x20000c91        0x1 00
 .bss.udi_cdc_rx_pos
                0x20000c92        0x2 src/asf/common/services/usb/class/cdc/device/udi_cdc.o
 .bss.udi_cdc_tx_sof_num
                0x20000c94        0x2 src/asf/common/services/usb/class/cdc/device/udi_cdc.o
 .bss.udi_cdc_data_running
                0x20000c96        0x1 src/asf/common/services/usb/class/cdc/device/udi_cdc.o
 .bss.udi_cdc_rx_buf_sel
                0x20000c97        0x1 src/asf/common/services/usb/class/cdc/device/udi_cdc.o
 .bss.udi_cdc_tx_trans_ongoing
                0x20000c98        0x1 src/asf/common/services/usb/class/cdc/device/udi_cdc.o
 *fill*         0x20000c99        0x3 00
 .bss.uid_cdc_state_msg
                0x20000c9c        0xc src/asf/common/services/usb/class/cdc/device/udi_cdc.o
 .bss.udi_cdc_rx_buf
                0x20000ca8      0x280 src/asf/common/services/usb/class/cdc/device/udi_cdc.o
 .bss.udi_cdc_rx_trans_ongoing
                0x20000f28        0x1 src/asf/common/services/usb/class/cdc/device/udi_cdc.o
 .bss.udi_cdc_tx_both_buf_to_send
                0x20000f29        0x1 src/asf/common/services/usb/class/cdc/device/udi_cdc.o
 .bss.udi_cdc_state
                0x20000f2a        0x2 src/asf/common/services/usb/class/cdc/device/udi_cdc.o
 .bss.udc_ptr_conf
                0x20000f2c        0x4 src/asf/common/services/usb/udc/udc.o
 .bss.udc_iface_setting.7205
                0x20000f30        0x1 src/asf/common/services/usb/udc/udc.o
 *fill*         0x20000f31        0x1 00
 .bss.udc_ep_status.7147
                0x20000f32        0x2 src/asf/common/services/usb/udc/udc.o
 .bss.udc_device_status
                0x20000f34        0x2 src/asf/common/services/usb/udc/udc.o
 .bss.udc_num_configuration
                0x20000f36        0x1 src/asf/common/services/usb/udc/udc.o
 *fill*         0x20000f37        0x1 00
 .bss.udc_ptr_iface
                0x20000f38        0x4 src/asf/common/services/usb/udc/udc.o
 .bss.stdio_usb_interface_enable
                0x20000f3c        0x1 src/asf/common/utils/stdio/stdio_usb/stdio_usb.o
 *fill*         0x20000f3d        0x3 00
 .bss.iap_perform_command.6732
                0x20000f40        0x4 src/asf/sam/drivers/efc/efc.o
 .bss.hsmci_block_size
                0x20000f44        0x2 src/asf/sam/drivers/hsmci/hsmci.o
 .bss.hsmci_nb_block
                0x20000f46        0x2 src/asf/sam/drivers/hsmci/hsmci.o
 .bss.hsmci_transfert_pos
                0x20000f48        0x4 src/asf/sam/drivers/hsmci/hsmci.o
 .bss.gs_interrupt_sources
                0x20000f4c       0x70 src/asf/sam/drivers/pio/pio_handler.o
 .bss.udd_ctrl_prev_payload_nb_trans
                0x20000fbc        0x2 src/asf/sam/drivers/udp/udp_device.o
 .bss.b_shortpacket.7834
                0x20000fbe        0x1 src/asf/sam/drivers/udp/udp_device.o
 *fill*         0x20000fbf        0x1 00
 .bss.udd_ep_job
                0x20000fc0       0x3c src/asf/sam/drivers/udp/udp_device.o
 .bss.udd_b_idle
                0x20000ffc        0x1 src/asf/sam/drivers/udp/udp_device.o
 *fill*         0x20000ffd        0x1 00
 .bss.udd_ctrl_payload_nb_trans
                0x20000ffe        0x2 src/asf/sam/drivers/udp/udp_device.o
 .bss.udd_ep_control_state
                0x20001000        0x1 src/asf/sam/drivers/udp/udp_device.o
 *fill*         0x20001001        0x3 00
 .bss.heap.5080
                0x20001004        0x4 src/asf/sam/utils/syscalls/gcc/syscalls.o
 .bss.Fsid      0x20001008        0x2 src/asf/thirdparty/fatfs/fatfs-r0.09/src/ff.o
 *fill*         0x2000100a        0x2 00
 .bss.FatFs     0x2000100c        0x4 src/asf/thirdparty/fatfs/fatfs-r0.09/src/ff.o
 .bss           0x20001010       0x34 c:/program files (x86)/atmel/atmel studio 6.0/extensions/atmel/armgcc/3.3.1.128/armgcctoolchain/bin/../lib/gcc/arm-none-eabi/4.7.0/../../../../arm-none-eabi/lib/thumb\libc.a(lib_a-mallocr.o)
                0x20001010                __malloc_top_pad
                0x20001014                __malloc_current_mallinfo
                0x2000103c                __malloc_max_sbrked_mem
                0x20001040                __malloc_max_total_mem
 *(COMMON)
 COMMON         0x20001044      0x902 src/zeppelin_fc.o
                0x20001044                log
                0x20001268                Script
                0x20001468                fno
                0x20001488                fs
                0x200016b8                file_object
                0x200018dc                f_script
                0x200018fc                f_log
                0x2000191c                bw
                0x20001920                dir
                0x20001944                res
                0x20001945                status
 COMMON         0x20001946        0x5 src/asf/common/services/sleepmgr/sam/sleepmgr.o
                0x20001946                sleepmgr_locks
 *fill*         0x2000194b        0x1 00
 COMMON         0x2000194c        0x4 src/asf/common/utils/stdio/read.o
                0x2000194c                ptr_get
 COMMON         0x20001950        0x8 src/asf/common/utils/stdio/write.o
                0x20001950                ptr_put
                0x20001954                stdio_base
 COMMON         0x20001958       0x18 src/asf/sam/drivers/udp/udp_device.o
                0x20001958                udd_g_ctrlreq
 COMMON         0x20001970        0x4 c:/program files (x86)/atmel/atmel studio 6.0/extensions/atmel/armgcc/3.3.1.128/armgcctoolchain/bin/../lib/gcc/arm-none-eabi/4.7.0/../../../../arm-none-eabi/lib/thumb\libc.a(lib_a-reent.o)
                0x20001970                errno
                0x20001974                . = ALIGN (0x4)
                0x20001974                _ebss = .
                0x20001974                _ezero = .

.stack          0x20001974     0x2004 load address 0x0040d324
                0x20001978                . = ALIGN (0x8)
 *fill*         0x20001974        0x4 00
                0x20001978                _sstack = .
                0x20003978                . = (. + __stack_size__)
 *fill*         0x20001978     0x2000 00
                0x20003978                . = ALIGN (0x8)
                0x20003978                _estack = .
                0x20003978                . = ALIGN (0x4)
                0x20003978                _end = .
OUTPUT(Zeppelin-FC.elf elf32-littlearm)

.ARM.attributes
                0x00000000       0x29
 .ARM.attributes
                0x00000000       0x1d c:/program files (x86)/atmel/atmel studio 6.0/extensions/atmel/armgcc/3.3.1.128/armgcctoolchain/bin/../lib/gcc/arm-none-eabi/4.7.0/thumb/crti.o
 .ARM.attributes
                0x0000001d       0x2d c:/program files (x86)/atmel/atmel studio 6.0/extensions/atmel/armgcc/3.3.1.128/armgcctoolchain/bin/../lib/gcc/arm-none-eabi/4.7.0/thumb/crtbegin.o
 .ARM.attributes
                0x0000004a       0x33 src/asf/sam/utils/cmsis/sam3s8/source/templates/exceptions.o
 .ARM.attributes
                0x0000007d       0x33 src/asf/sam/utils/cmsis/sam3s8/source/templates/gcc/startup_sam3sd8.o
 .ARM.attributes
                0x000000b0       0x33 src/asf/sam/utils/cmsis/sam3s8/source/templates/system_sam3sd8.o
 .ARM.attributes
                0x000000e3       0x33 src/rtc.o
 .ARM.attributes
                0x00000116       0x33 src/zeppelin_fc.o
 .ARM.attributes
                0x00000149       0x33 src/asf/common/components/memory/sd_mmc/sd_mmc.o
 .ARM.attributes
                0x0000017c       0x33 src/asf/common/services/clock/sam3s/sysclk.o
 .ARM.attributes
                0x000001af       0x33 src/asf/common/services/delay/sam/cycle_counter.o
 .ARM.attributes
                0x000001e2       0x33 src/asf/common/services/sleepmgr/sam/sleepmgr.o
 .ARM.attributes
                0x00000215       0x33 src/asf/common/services/storage/ctrl_access/ctrl_access.o
 .ARM.attributes
                0x00000248       0x33 src/asf/common/services/usb/class/cdc/device/udi_cdc.o
 .ARM.attributes
                0x0000027b       0x33 src/asf/common/services/usb/class/cdc/device/udi_cdc_desc.o
 .ARM.attributes
                0x000002ae       0x33 src/asf/common/services/usb/udc/udc.o
 .ARM.attributes
                0x000002e1       0x33 src/asf/common/utils/interrupt/interrupt_sam_nvic.o
 .ARM.attributes
                0x00000314       0x33 src/asf/common/utils/stdio/read.o
 .ARM.attributes
                0x00000347       0x33 src/asf/common/utils/stdio/stdio_usb/stdio_usb.o
 .ARM.attributes
                0x0000037a       0x33 src/asf/common/utils/stdio/write.o
 .ARM.attributes
                0x000003ad       0x33 src/asf/sam/boards/sam3s_ek/init.o
 .ARM.attributes
                0x000003e0       0x33 src/asf/sam/drivers/efc/efc.o
 .ARM.attributes
                0x00000413       0x33 src/asf/sam/drivers/hsmci/hsmci.o
 .ARM.attributes
                0x00000446       0x33 src/asf/sam/drivers/pio/pio.o
 .ARM.attributes
                0x00000479       0x33 src/asf/sam/drivers/pio/pio_handler.o
 .ARM.attributes
                0x000004ac       0x33 src/asf/sam/drivers/pmc/pmc.o
 .ARM.attributes
                0x000004df       0x33 src/asf/sam/drivers/rtc/rtc.o
 .ARM.attributes
                0x00000512       0x33 src/asf/sam/drivers/udp/udp_device.o
 .ARM.attributes
                0x00000545       0x33 src/asf/sam/services/flash_efc/flash_efc.o
 .ARM.attributes
                0x00000578       0x33 src/asf/sam/utils/syscalls/gcc/syscalls.o
 .ARM.attributes
                0x000005ab       0x33 src/asf/thirdparty/fatfs/fatfs-port-r0.09/diskio.o
 .ARM.attributes
                0x000005de       0x33 src/asf/thirdparty/fatfs/fatfs-port-r0.09/sam/fattime.o
 .ARM.attributes
                0x00000611       0x33 src/asf/thirdparty/fatfs/fatfs-r0.09/src/ff.o
 .ARM.attributes
                0x00000644       0x33 src/asf/thirdparty/fatfs/fatfs-r0.09/src/option/ccsbcs.o
 .ARM.attributes
                0x00000677       0x33 src/sd_mmc_mem.o
 .ARM.attributes
                0x000006aa       0x33 src/stdio_usb_example.o
 .ARM.attributes
                0x000006dd       0x2d c:/program files (x86)/atmel/atmel studio 6.0/extensions/atmel/armgcc/3.3.1.128/armgcctoolchain/bin/../lib/gcc/arm-none-eabi/4.7.0/../../../../arm-none-eabi/lib/thumb\libc.a(lib_a-atexit.o)
 .ARM.attributes
                0x0000070a       0x2d c:/program files (x86)/atmel/atmel studio 6.0/extensions/atmel/armgcc/3.3.1.128/armgcctoolchain/bin/../lib/gcc/arm-none-eabi/4.7.0/../../../../arm-none-eabi/lib/thumb\libc.a(lib_a-fini.o)
 .ARM.attributes
                0x00000737       0x2d c:/program files (x86)/atmel/atmel studio 6.0/extensions/atmel/armgcc/3.3.1.128/armgcctoolchain/bin/../lib/gcc/arm-none-eabi/4.7.0/../../../../arm-none-eabi/lib/thumb\libc.a(lib_a-impure.o)
 .ARM.attributes
                0x00000764       0x2d c:/program files (x86)/atmel/atmel studio 6.0/extensions/atmel/armgcc/3.3.1.128/armgcctoolchain/bin/../lib/gcc/arm-none-eabi/4.7.0/../../../../arm-none-eabi/lib/thumb\libc.a(lib_a-init.o)
 .ARM.attributes
                0x00000791       0x2d c:/program files (x86)/atmel/atmel studio 6.0/extensions/atmel/armgcc/3.3.1.128/armgcctoolchain/bin/../lib/gcc/arm-none-eabi/4.7.0/../../../../arm-none-eabi/lib/thumb\libc.a(lib_a-memcpy.o)
 .ARM.attributes
                0x000007be       0x2d c:/program files (x86)/atmel/atmel studio 6.0/extensions/atmel/armgcc/3.3.1.128/armgcctoolchain/bin/../lib/gcc/arm-none-eabi/4.7.0/../../../../arm-none-eabi/lib/thumb\libc.a(lib_a-memset.o)
 .ARM.attributes
                0x000007eb       0x2d c:/program files (x86)/atmel/atmel studio 6.0/extensions/atmel/armgcc/3.3.1.128/armgcctoolchain/bin/../lib/gcc/arm-none-eabi/4.7.0/../../../../arm-none-eabi/lib/thumb\libc.a(lib_a-printf.o)
 .ARM.attributes
                0x00000818       0x2d c:/program files (x86)/atmel/atmel studio 6.0/extensions/atmel/armgcc/3.3.1.128/armgcctoolchain/bin/../lib/gcc/arm-none-eabi/4.7.0/../../../../arm-none-eabi/lib/thumb\libc.a(lib_a-puts.o)
 .ARM.attributes
                0x00000845       0x2d c:/program files (x86)/atmel/atmel studio 6.0/extensions/atmel/armgcc/3.3.1.128/armgcctoolchain/bin/../lib/gcc/arm-none-eabi/4.7.0/../../../../arm-none-eabi/lib/thumb\libc.a(lib_a-setbuf.o)
 .ARM.attributes
                0x00000872       0x2d c:/program files (x86)/atmel/atmel studio 6.0/extensions/atmel/armgcc/3.3.1.128/armgcctoolchain/bin/../lib/gcc/arm-none-eabi/4.7.0/../../../../arm-none-eabi/lib/thumb\libc.a(lib_a-setvbuf.o)
 .ARM.attributes
                0x0000089f       0x2d c:/program files (x86)/atmel/atmel studio 6.0/extensions/atmel/armgcc/3.3.1.128/armgcctoolchain/bin/../lib/gcc/arm-none-eabi/4.7.0/../../../../arm-none-eabi/lib/thumb\libc.a(lib_a-sprintf.o)
 .ARM.attributes
                0x000008cc       0x2d c:/program files (x86)/atmel/atmel studio 6.0/extensions/atmel/armgcc/3.3.1.128/armgcctoolchain/bin/../lib/gcc/arm-none-eabi/4.7.0/../../../../arm-none-eabi/lib/thumb\libc.a(lib_a-strlen.o)
 .ARM.attributes
                0x000008f9       0x2d c:/program files (x86)/atmel/atmel studio 6.0/extensions/atmel/armgcc/3.3.1.128/armgcctoolchain/bin/../lib/gcc/arm-none-eabi/4.7.0/../../../../arm-none-eabi/lib/thumb\libc.a(lib_a-svfprintf.o)
 .ARM.attributes
                0x00000926       0x2d c:/program files (x86)/atmel/atmel studio 6.0/extensions/atmel/armgcc/3.3.1.128/armgcctoolchain/bin/../lib/gcc/arm-none-eabi/4.7.0/../../../../arm-none-eabi/lib/thumb\libc.a(lib_a-vfiprintf.o)
 .ARM.attributes
                0x00000953       0x2d c:/program files (x86)/atmel/atmel studio 6.0/extensions/atmel/armgcc/3.3.1.128/armgcctoolchain/bin/../lib/gcc/arm-none-eabi/4.7.0/../../../../arm-none-eabi/lib/thumb\libc.a(lib_a-vfprintf.o)
 .ARM.attributes
                0x00000980       0x2d c:/program files (x86)/atmel/atmel studio 6.0/extensions/atmel/armgcc/3.3.1.128/armgcctoolchain/bin/../lib/gcc/arm-none-eabi/4.7.0/../../../../arm-none-eabi/lib/thumb\libc.a(lib_a-wbuf.o)
 .ARM.attributes
                0x000009ad       0x2d c:/program files (x86)/atmel/atmel studio 6.0/extensions/atmel/armgcc/3.3.1.128/armgcctoolchain/bin/../lib/gcc/arm-none-eabi/4.7.0/../../../../arm-none-eabi/lib/thumb\libc.a(lib_a-wsetup.o)
 .ARM.attributes
                0x000009da       0x2d c:/program files (x86)/atmel/atmel studio 6.0/extensions/atmel/armgcc/3.3.1.128/armgcctoolchain/bin/../lib/gcc/arm-none-eabi/4.7.0/../../../../arm-none-eabi/lib/thumb\libc.a(lib_a-__atexit.o)
 .ARM.attributes
                0x00000a07       0x2d c:/program files (x86)/atmel/atmel studio 6.0/extensions/atmel/armgcc/3.3.1.128/armgcctoolchain/bin/../lib/gcc/arm-none-eabi/4.7.0/../../../../arm-none-eabi/lib/thumb\libc.a(lib_a-__call_atexit.o)
 .ARM.attributes
                0x00000a34       0x2d c:/program files (x86)/atmel/atmel studio 6.0/extensions/atmel/armgcc/3.3.1.128/armgcctoolchain/bin/../lib/gcc/arm-none-eabi/4.7.0/../../../../arm-none-eabi/lib/thumb\libc.a(lib_a-fflush.o)
 .ARM.attributes
                0x00000a61       0x2d c:/program files (x86)/atmel/atmel studio 6.0/extensions/atmel/armgcc/3.3.1.128/armgcctoolchain/bin/../lib/gcc/arm-none-eabi/4.7.0/../../../../arm-none-eabi/lib/thumb\libc.a(lib_a-findfp.o)
 .ARM.attributes
                0x00000a8e       0x2d c:/program files (x86)/atmel/atmel studio 6.0/extensions/atmel/armgcc/3.3.1.128/armgcctoolchain/bin/../lib/gcc/arm-none-eabi/4.7.0/../../../../arm-none-eabi/lib/thumb\libc.a(lib_a-fputwc.o)
 .ARM.attributes
                0x00000abb       0x2d c:/program files (x86)/atmel/atmel studio 6.0/extensions/atmel/armgcc/3.3.1.128/armgcctoolchain/bin/../lib/gcc/arm-none-eabi/4.7.0/../../../../arm-none-eabi/lib/thumb\libc.a(lib_a-freer.o)
 .ARM.attributes
                0x00000ae8       0x2d c:/program files (x86)/atmel/atmel studio 6.0/extensions/atmel/armgcc/3.3.1.128/armgcctoolchain/bin/../lib/gcc/arm-none-eabi/4.7.0/../../../../arm-none-eabi/lib/thumb\libc.a(lib_a-fvwrite.o)
 .ARM.attributes
                0x00000b15       0x2d c:/program files (x86)/atmel/atmel studio 6.0/extensions/atmel/armgcc/3.3.1.128/armgcctoolchain/bin/../lib/gcc/arm-none-eabi/4.7.0/../../../../arm-none-eabi/lib/thumb\libc.a(lib_a-fwalk.o)
 .ARM.attributes
                0x00000b42       0x2d c:/program files (x86)/atmel/atmel studio 6.0/extensions/atmel/armgcc/3.3.1.128/armgcctoolchain/bin/../lib/gcc/arm-none-eabi/4.7.0/../../../../arm-none-eabi/lib/thumb\libc.a(lib_a-locale.o)
 .ARM.attributes
                0x00000b6f       0x2d c:/program files (x86)/atmel/atmel studio 6.0/extensions/atmel/armgcc/3.3.1.128/armgcctoolchain/bin/../lib/gcc/arm-none-eabi/4.7.0/../../../../arm-none-eabi/lib/thumb\libc.a(lib_a-makebuf.o)
 .ARM.attributes
                0x00000b9c       0x2d c:/program files (x86)/atmel/atmel studio 6.0/extensions/atmel/armgcc/3.3.1.128/armgcctoolchain/bin/../lib/gcc/arm-none-eabi/4.7.0/../../../../arm-none-eabi/lib/thumb\libc.a(lib_a-malloc.o)
 .ARM.attributes
                0x00000bc9       0x2d c:/program files (x86)/atmel/atmel studio 6.0/extensions/atmel/armgcc/3.3.1.128/armgcctoolchain/bin/../lib/gcc/arm-none-eabi/4.7.0/../../../../arm-none-eabi/lib/thumb\libc.a(lib_a-mallocr.o)
 .ARM.attributes
                0x00000bf6       0x2d c:/program files (x86)/atmel/atmel studio 6.0/extensions/atmel/armgcc/3.3.1.128/armgcctoolchain/bin/../lib/gcc/arm-none-eabi/4.7.0/../../../../arm-none-eabi/lib/thumb\libc.a(lib_a-memchr.o)
 .ARM.attributes
                0x00000c23       0x2d c:/program files (x86)/atmel/atmel studio 6.0/extensions/atmel/armgcc/3.3.1.128/armgcctoolchain/bin/../lib/gcc/arm-none-eabi/4.7.0/../../../../arm-none-eabi/lib/thumb\libc.a(lib_a-memmove.o)
 .ARM.attributes
                0x00000c50       0x2d c:/program files (x86)/atmel/atmel studio 6.0/extensions/atmel/armgcc/3.3.1.128/armgcctoolchain/bin/../lib/gcc/arm-none-eabi/4.7.0/../../../../arm-none-eabi/lib/thumb\libc.a(lib_a-mlock.o)
 .ARM.attributes
                0x00000c7d       0x2d c:/program files (x86)/atmel/atmel studio 6.0/extensions/atmel/armgcc/3.3.1.128/armgcctoolchain/bin/../lib/gcc/arm-none-eabi/4.7.0/../../../../arm-none-eabi/lib/thumb\libc.a(lib_a-reallocr.o)
 .ARM.attributes
                0x00000caa       0x2d c:/program files (x86)/atmel/atmel studio 6.0/extensions/atmel/armgcc/3.3.1.128/armgcctoolchain/bin/../lib/gcc/arm-none-eabi/4.7.0/../../../../arm-none-eabi/lib/thumb\libc.a(lib_a-sbrkr.o)
 .ARM.attributes
                0x00000cd7       0x2d c:/program files (x86)/atmel/atmel studio 6.0/extensions/atmel/armgcc/3.3.1.128/armgcctoolchain/bin/../lib/gcc/arm-none-eabi/4.7.0/../../../../arm-none-eabi/lib/thumb\libc.a(lib_a-stdio.o)
 .ARM.attributes
                0x00000d04       0x2d c:/program files (x86)/atmel/atmel studio 6.0/extensions/atmel/armgcc/3.3.1.128/armgcctoolchain/bin/../lib/gcc/arm-none-eabi/4.7.0/../../../../arm-none-eabi/lib/thumb\libc.a(lib_a-strcmp.o)
 .ARM.attributes
                0x00000d31       0x2d c:/program files (x86)/atmel/atmel studio 6.0/extensions/atmel/armgcc/3.3.1.128/armgcctoolchain/bin/../lib/gcc/arm-none-eabi/4.7.0/../../../../arm-none-eabi/lib/thumb\libc.a(lib_a-svfiprintf.o)
 .ARM.attributes
                0x00000d5e       0x2d c:/program files (x86)/atmel/atmel studio 6.0/extensions/atmel/armgcc/3.3.1.128/armgcctoolchain/bin/../lib/gcc/arm-none-eabi/4.7.0/../../../../arm-none-eabi/lib/thumb\libc.a(lib_a-wcrtomb.o)
 .ARM.attributes
                0x00000d8b       0x2d c:/program files (x86)/atmel/atmel studio 6.0/extensions/atmel/armgcc/3.3.1.128/armgcctoolchain/bin/../lib/gcc/arm-none-eabi/4.7.0/../../../../arm-none-eabi/lib/thumb\libc.a(lib_a-wctomb_r.o)
 .ARM.attributes
                0x00000db8       0x2d c:/program files (x86)/atmel/atmel studio 6.0/extensions/atmel/armgcc/3.3.1.128/armgcctoolchain/bin/../lib/gcc/arm-none-eabi/4.7.0/../../../../arm-none-eabi/lib/thumb\libc.a(lib_a-writer.o)
 .ARM.attributes
                0x00000de5       0x2d c:/program files (x86)/atmel/atmel studio 6.0/extensions/atmel/armgcc/3.3.1.128/armgcctoolchain/bin/../lib/gcc/arm-none-eabi/4.7.0/../../../../arm-none-eabi/lib/thumb\libc.a(lib_a-closer.o)
 .ARM.attributes