Archive member included because of file (symbol)

c:/program files (x86)/atmel/atmel studio 6.0/extensions/atmel/armgcc/3.3.1.128/armgcctoolchain/bin/../lib/gcc/arm-none-eabi/4.7.0/../../../../arm-none-eabi/lib/thumb\libc.a(lib_a-assert.o)
                              src/asf/sam/services/flash_efc/flash_efc.o (__assert_func)
c:/program files (x86)/atmel/atmel studio 6.0/extensions/atmel/armgcc/3.3.1.128/armgcctoolchain/bin/../lib/gcc/arm-none-eabi/4.7.0/../../../../arm-none-eabi/lib/thumb\libc.a(lib_a-atexit.o)
                              c:/program files (x86)/atmel/atmel studio 6.0/extensions/atmel/armgcc/3.3.1.128/armgcctoolchain/bin/../lib/gcc/arm-none-eabi/4.7.0/../../../../arm-none-eabi/lib/thumb/crt0.o (atexit)
c:/program files (x86)/atmel/atmel studio 6.0/extensions/atmel/armgcc/3.3.1.128/armgcctoolchain/bin/../lib/gcc/arm-none-eabi/4.7.0/../../../../arm-none-eabi/lib/thumb\libc.a(lib_a-exit.o)
                              c:/program files (x86)/atmel/atmel studio 6.0/extensions/atmel/armgcc/3.3.1.128/armgcctoolchain/bin/../lib/gcc/arm-none-eabi/4.7.0/../../../../arm-none-eabi/lib/thumb/crt0.o (exit)
c:/program files (x86)/atmel/atmel studio 6.0/extensions/atmel/armgcc/3.3.1.128/armgcctoolchain/bin/../lib/gcc/arm-none-eabi/4.7.0/../../../../arm-none-eabi/lib/thumb\libc.a(lib_a-fini.o)
                              c:/program files (x86)/atmel/atmel studio 6.0/extensions/atmel/armgcc/3.3.1.128/armgcctoolchain/bin/../lib/gcc/arm-none-eabi/4.7.0/../../../../arm-none-eabi/lib/thumb/crt0.o (__libc_fini_array)
c:/program files (x86)/atmel/atmel studio 6.0/extensions/atmel/armgcc/3.3.1.128/armgcctoolchain/bin/../lib/gcc/arm-none-eabi/4.7.0/../../../../arm-none-eabi/lib/thumb\libc.a(lib_a-fiprintf.o)
                              c:/program files (x86)/atmel/atmel studio 6.0/extensions/atmel/armgcc/3.3.1.128/armgcctoolchain/bin/../lib/gcc/arm-none-eabi/4.7.0/../../../../arm-none-eabi/lib/thumb\libc.a(lib_a-assert.o) (fiprintf)
c:/program files (x86)/atmel/atmel studio 6.0/extensions/atmel/armgcc/3.3.1.128/armgcctoolchain/bin/../lib/gcc/arm-none-eabi/4.7.0/../../../../arm-none-eabi/lib/thumb\libc.a(lib_a-impure.o)
                              c:/program files (x86)/atmel/atmel studio 6.0/extensions/atmel/armgcc/3.3.1.128/armgcctoolchain/bin/../lib/gcc/arm-none-eabi/4.7.0/../../../../arm-none-eabi/lib/thumb\libc.a(lib_a-exit.o) (_global_impure_ptr)
c:/program files (x86)/atmel/atmel studio 6.0/extensions/atmel/armgcc/3.3.1.128/armgcctoolchain/bin/../lib/gcc/arm-none-eabi/4.7.0/../../../../arm-none-eabi/lib/thumb\libc.a(lib_a-init.o)
                              c:/program files (x86)/atmel/atmel studio 6.0/extensions/atmel/armgcc/3.3.1.128/armgcctoolchain/bin/../lib/gcc/arm-none-eabi/4.7.0/../../../../arm-none-eabi/lib/thumb/crt0.o (__libc_init_array)
c:/program files (x86)/atmel/atmel studio 6.0/extensions/atmel/armgcc/3.3.1.128/armgcctoolchain/bin/../lib/gcc/arm-none-eabi/4.7.0/../../../../arm-none-eabi/lib/thumb\libc.a(lib_a-memcpy.o)
                              src/asf/common/services/usb/class/cdc/device/udi_cdc.o (memcpy)
c:/program files (x86)/atmel/atmel studio 6.0/extensions/atmel/armgcc/3.3.1.128/armgcctoolchain/bin/../lib/gcc/arm-none-eabi/4.7.0/../../../../arm-none-eabi/lib/thumb\libc.a(lib_a-memset.o)
                              c:/program files (x86)/atmel/atmel studio 6.0/extensions/atmel/armgcc/3.3.1.128/armgcctoolchain/bin/../lib/gcc/arm-none-eabi/4.7.0/../../../../arm-none-eabi/lib/thumb/crt0.o (memset)
c:/program files (x86)/atmel/atmel studio 6.0/extensions/atmel/armgcc/3.3.1.128/armgcctoolchain/bin/../lib/gcc/arm-none-eabi/4.7.0/../../../../arm-none-eabi/lib/thumb\libc.a(lib_a-printf.o)
                              src/zeppelin_fc.o (printf)
c:/program files (x86)/atmel/atmel studio 6.0/extensions/atmel/armgcc/3.3.1.128/armgcctoolchain/bin/../lib/gcc/arm-none-eabi/4.7.0/../../../../arm-none-eabi/lib/thumb\libc.a(lib_a-puts.o)
                              src/zeppelin_fc.o (puts)
c:/program files (x86)/atmel/atmel studio 6.0/extensions/atmel/armgcc/3.3.1.128/armgcctoolchain/bin/../lib/gcc/arm-none-eabi/4.7.0/../../../../arm-none-eabi/lib/thumb\libc.a(lib_a-setbuf.o)
                              src/asf/common/utils/stdio/stdio_usb/stdio_usb.o (setbuf)
c:/program files (x86)/atmel/atmel studio 6.0/extensions/atmel/armgcc/3.3.1.128/armgcctoolchain/bin/../lib/gcc/arm-none-eabi/4.7.0/../../../../arm-none-eabi/lib/thumb\libc.a(lib_a-setvbuf.o)
                              c:/program files (x86)/atmel/atmel studio 6.0/extensions/atmel/armgcc/3.3.1.128/armgcctoolchain/bin/../lib/gcc/arm-none-eabi/4.7.0/../../../../arm-none-eabi/lib/thumb\libc.a(lib_a-setbuf.o) (setvbuf)
c:/program files (x86)/atmel/atmel studio 6.0/extensions/atmel/armgcc/3.3.1.128/armgcctoolchain/bin/../lib/gcc/arm-none-eabi/4.7.0/../../../../arm-none-eabi/lib/thumb\libc.a(lib_a-sprintf.o)
                              src/zeppelin_fc.o (sprintf)
[...]
Memory Configuration

Name             Origin             Length             Attributes
rom              0x00400000         0x00080000         xr
ram              0x20000000         0x00010000         xrw
*default*        0x00000000         0xffffffff

Linker script and memory map

LOAD c:/program files (x86)/atmel/atmel studio 6.0/extensions/atmel/armgcc/3.3.1.128/armgcctoolchain/bin/../lib/gcc/arm-none-eabi/4.7.0/thumb/crti.o
LOAD c:/program files (x86)/atmel/atmel studio 6.0/extensions/atmel/armgcc/3.3.1.128/armgcctoolchain/bin/../lib/gcc/arm-none-eabi/4.7.0/thumb/crtbegin.o
LOAD c:/program files (x86)/atmel/atmel studio 6.0/extensions/atmel/armgcc/3.3.1.128/armgcctoolchain/bin/../lib/gcc/arm-none-eabi/4.7.0/../../../../arm-none-eabi/lib/thumb/crt0.o
LOAD src/asf/sam/drivers/chipid/chipid.o
LOAD src/asf/sam/drivers/pwm/pwm.o
LOAD src/asf/sam/drivers/twi/twi.o
LOAD src/asf/sam/utils/cmsis/sam3s8/source/templates/exceptions.o
LOAD src/asf/sam/utils/cmsis/sam3s8/source/templates/gcc/startup_sam3sd8.o
LOAD src/asf/sam/utils/cmsis/sam3s8/source/templates/system_sam3sd8.o
LOAD src/I2CdevWrapper.o
LOAD src/MPU9150.o
LOAD src/pwmb.o
LOAD src/rtc.o
LOAD src/zeppelin_fc.o
LOAD src/asf/common/components/memory/sd_mmc/sd_mmc.o
LOAD src/asf/common/services/clock/sam3s/sysclk.o
LOAD src/asf/common/services/delay/sam/cycle_counter.o
LOAD src/asf/common/services/sleepmgr/sam/sleepmgr.o
LOAD src/asf/common/services/storage/ctrl_access/ctrl_access.o
LOAD src/asf/common/services/usb/class/cdc/device/udi_cdc.o
LOAD src/asf/common/services/usb/class/cdc/device/udi_cdc_desc.o
LOAD src/asf/common/services/usb/udc/udc.o
LOAD src/asf/common/utils/interrupt/interrupt_sam_nvic.o
LOAD src/asf/common/utils/stdio/read.o
LOAD src/asf/common/utils/stdio/stdio_usb/stdio_usb.o
LOAD src/asf/common/utils/stdio/write.o
LOAD src/asf/sam/boards/sam3s_ek/init.o
LOAD src/asf/sam/drivers/efc/efc.o
LOAD src/asf/sam/drivers/hsmci/hsmci.o
LOAD src/asf/sam/drivers/pdc/pdc.o
LOAD src/asf/sam/drivers/pio/pio.o
LOAD src/asf/sam/drivers/pio/pio_handler.o
LOAD src/asf/sam/drivers/pmc/pmc.o
LOAD src/asf/sam/drivers/rtc/rtc.o
LOAD src/asf/sam/drivers/udp/udp_device.o
LOAD src/asf/sam/services/flash_efc/flash_efc.o
LOAD src/asf/sam/utils/syscalls/gcc/syscalls.o
LOAD src/asf/thirdparty/fatfs/fatfs-port-r0.09/diskio.o
LOAD src/asf/thirdparty/fatfs/fatfs-port-r0.09/sam/fattime.o
LOAD src/asf/thirdparty/fatfs/fatfs-r0.09/src/ff.o
LOAD src/asf/thirdparty/fatfs/fatfs-r0.09/src/option/ccsbcs.o
LOAD src/sd_mmc_mem.o
LOAD src/stdio_usb_example.o
START GROUP
LOAD c:/program files (x86)/atmel/atmel studio 6.0/extensions/atmel/armgcc/3.3.1.128/armgcctoolchain/bin/../lib/gcc/arm-none-eabi/4.7.0/../../../../arm-none-eabi/lib/thumb\libm.a
END GROUP
START GROUP
LOAD c:/program files (x86)/atmel/atmel studio 6.0/extensions/atmel/armgcc/3.3.1.128/armgcctoolchain/bin/../lib/gcc/arm-none-eabi/4.7.0/thumb\libgcc.a
LOAD c:/program files (x86)/atmel/atmel studio 6.0/extensions/atmel/armgcc/3.3.1.128/armgcctoolchain/bin/../lib/gcc/arm-none-eabi/4.7.0/../../../../arm-none-eabi/lib/thumb\libc.a
END GROUP
LOAD c:/program files (x86)/atmel/atmel studio 6.0/extensions/atmel/armgcc/3.3.1.128/armgcctoolchain/bin/../lib/gcc/arm-none-eabi/4.7.0/thumb/crtend.o
LOAD c:/program files (x86)/atmel/atmel studio 6.0/extensions/atmel/armgcc/3.3.1.128/armgcctoolchain/bin/../lib/gcc/arm-none-eabi/4.7.0/thumb/crtn.o
                [0x00002000]                __stack_size__ = DEFINED (__stack_size__)?__stack_size__:0x2000

.text           0x00400000     0xbc44
                0x00400000                . = ALIGN (0x4)
                0x00400000                _sfixed = .
 *(.vectors .vectors.*)
 .vectors       0x00400000       0xd0 src/asf/sam/utils/cmsis/sam3s8/source/templates/gcc/startup_sam3sd8.o
                0x00400000                exception_table
 *(.text .text.* .gnu.linkonce.t.*)
 .text          0x004000d0       0xb0 c:/program files (x86)/atmel/atmel studio 6.0/extensions/atmel/armgcc/3.3.1.128/armgcctoolchain/bin/../lib/gcc/arm-none-eabi/4.7.0/thumb/crtbegin.o
 .text.pwm_clocks_generate
                0x00400180       0x5c src/asf/sam/drivers/pwm/pwm.o
 .text.pwm_init
                0x004001dc       0x3c src/asf/sam/drivers/pwm/pwm.o
                0x004001dc                pwm_init
 .text.pwm_channel_init
                0x00400218       0xca src/asf/sam/drivers/pwm/pwm.o
                0x00400218                pwm_channel_init
 .text.pwm_channel_update_duty
                0x004002e2       0x1e src/asf/sam/drivers/pwm/pwm.o
                0x004002e2                pwm_channel_update_duty
 .text.pwm_channel_enable
                0x00400300        0xa src/asf/sam/drivers/pwm/pwm.o
                0x00400300                pwm_channel_enable
 .text.pwm_channel_disable
                0x0040030a        0xa src/asf/sam/drivers/pwm/pwm.o
                0x0040030a                pwm_channel_disable
 .text.pwm_channel_get_interrupt_status
                0x00400314        0x4 src/asf/sam/drivers/pwm/pwm.o
                0x00400314                pwm_channel_get_interrupt_status
 .text.pwm_channel_enable_interrupt
                0x00400318       0x12 src/asf/sam/drivers/pwm/pwm.o
                0x00400318                pwm_channel_enable_interrupt
 .text.Dummy_Handler
                0x0040032a        0x2 src/asf/sam/utils/cmsis/sam3s8/source/templates/exceptions.o
                0x0040032a                DACC_Handler
                0x0040032a                DebugMon_Handler
                0x0040032a                HardFault_Handler
                0x0040032a                TC2_Handler
                0x0040032a                SPI_Handler
                0x0040032a                TWI1_Handler
                0x0040032a                PendSV_Handler
                0x0040032a                NMI_Handler
                0x0040032a                ADC_Handler
                0x0040032a                CRCCU_Handler
                0x0040032a                USART0_Handler
                0x0040032a                RTT_Handler
                0x0040032a                UsageFault_Handler
                0x0040032a                WDT_Handler
                0x0040032a                TC1_Handler
                0x0040032a                HSMCI_Handler
                0x0040032a                UART1_Handler
                0x0040032a                Dummy_Handler
                0x0040032a                TWI0_Handler
                0x0040032a                USART1_Handler
                0x0040032a                SSC_Handler
                0x0040032a                ACC_Handler
                0x0040032a                PMC_Handler
                0x0040032a                MemManage_Handler
                0x0040032a                SUPC_Handler
                0x0040032a                SVC_Handler
                0x0040032a                EFC_Handler
                0x0040032a                UART0_Handler
                0x0040032a                BusFault_Handler
                0x0040032a                RSTC_Handler
                0x0040032a                TC0_Handler
 .text.Reset_Handler
                0x0040032c       0x7c src/asf/sam/utils/cmsis/sam3s8/source/templates/gcc/startup_sam3sd8.o
                0x0040032c                Reset_Handler
 .text.SystemCoreClockUpdate
                0x004003a8       0xd8 src/asf/sam/utils/cmsis/sam3s8/source/templates/system_sam3sd8.o
                0x004003a8                SystemCoreClockUpdate
 .text.system_init_flash
                0x00400480       0x3c src/asf/sam/utils/cmsis/sam3s8/source/templates/system_sam3sd8.o
                0x00400480                system_init_flash
 .text.PWM_init
                0x004004bc       0x90 src/pwmb.o
                0x004004bc                PWM_init
 .text.PWM_Handler
                0x0040054c       0x80 src/pwmb.o
                0x0040054c                PWM_Handler
 .text.Beep     0x004005cc       0x48 src/pwmb.o
                0x004005cc                Beep
 .text.RTC_Handler
                0x00400614       0x60 src/rtc.o
                0x00400614                RTC_Handler
 .text.SysTick_Handler
                0x00400674       0x10 src/zeppelin_fc.o
                0x00400674                SysTick_Handler
 .text.ZP_Init  0x00400684      0x170 src/zeppelin_fc.o
                0x00400684                ZP_Init
 .text.ZP_Button
                0x004007f4       0x54 src/zeppelin_fc.o
                0x004007f4                ZP_Button
 .text.ZP_CreateLogFile
                0x00400848      0x110 src/zeppelin_fc.o
                0x00400848                ZP_CreateLogFile
 .text.ZP_ButtonHandler
                0x00400958       0x90 src/zeppelin_fc.o
                0x00400958                ZP_ButtonHandler
 .text.ZP_Loop  0x004009e8        0xc src/zeppelin_fc.o
                0x004009e8                ZP_Loop
 .text.SDMMC_UNSTUFF_BITS
                0x004009f4       0x4e src/asf/common/components/memory/sd_mmc/sd_mmc.o
 *fill*         0x00400a42        0x2 00
 .text.sd_mmc_deselect_slot
                0x00400a44       0x18 src/asf/common/components/memory/sd_mmc/sd_mmc.o
 .text.sd_mmc_configure_slot
                0x00400a5c       0x2c src/asf/common/components/memory/sd_mmc/sd_mmc.o
 .text.sd_mmc_select_slot
                0x00400a88       0xe0 src/asf/common/components/memory/sd_mmc/sd_mmc.o
 .text.sd_mmc_cmd9_mci
                0x00400b68       0x2c src/asf/common/components/memory/sd_mmc/sd_mmc.o
 .text.sd_mmc_init
                0x00400b94       0x2c src/asf/common/components/memory/sd_mmc/sd_mmc.o
                0x00400b94                sd_mmc_init
 .text.sd_mmc_check
                0x00400bc0      0x6e8 src/asf/common/components/memory/sd_mmc/sd_mmc.o
                0x00400bc0                sd_mmc_check
 .text.sd_mmc_get_type
                0x004012a8       0x24 src/asf/common/components/memory/sd_mmc/sd_mmc.o
                0x004012a8                sd_mmc_get_type
 .text.sd_mmc_get_capacity
                0x004012cc       0x24 src/asf/common/components/memory/sd_mmc/sd_mmc.o
                0x004012cc                sd_mmc_get_capacity
 .text.sd_mmc_is_write_protected
                0x004012f0        0x4 src/asf/common/components/memory/sd_mmc/sd_mmc.o
                0x004012f0                sd_mmc_is_write_protected
 .text.sd_mmc_init_read_blocks
                0x004012f4       0xf0 src/asf/common/components/memory/sd_mmc/sd_mmc.o
                0x004012f4                sd_mmc_init_read_blocks
 .text.sd_mmc_start_read_blocks
                0x004013e4       0x24 src/asf/common/components/memory/sd_mmc/sd_mmc.o
                0x004013e4                sd_mmc_start_read_blocks
 .text.sd_mmc_wait_end_of_read_blocks
                0x00401408       0x50 src/asf/common/components/memory/sd_mmc/sd_mmc.o
                0x00401408                sd_mmc_wait_end_of_read_blocks
 .text.sd_mmc_init_write_blocks
                0x00401458       0xa4 src/asf/common/components/memory/sd_mmc/sd_mmc.o
                0x00401458                sd_mmc_init_write_blocks
 .text.sd_mmc_start_write_blocks
                0x004014fc       0x24 src/asf/common/components/memory/sd_mmc/sd_mmc.o
                0x004014fc                sd_mmc_start_write_blocks
 .text.sd_mmc_wait_end_of_write_blocks
                0x00401520       0x48 src/asf/common/components/memory/sd_mmc/sd_mmc.o
                0x00401520                sd_mmc_wait_end_of_write_blocks
 .text.osc_enable
                0x00401568       0x48 src/asf/common/services/clock/sam3s/sysclk.o
 .text.osc_wait_ready.constprop.5
                0x004015b0       0x10 src/asf/common/services/clock/sam3s/sysclk.o
 .text.sysclk_enable_usb
                0x004015c0       0x4c src/asf/common/services/clock/sam3s/sysclk.o
                0x004015c0                sysclk_enable_usb
 .text.sysclk_init
                0x0040160c       0x58 src/asf/common/services/clock/sam3s/sysclk.o
                0x0040160c                sysclk_init
 .text.mem_test_unit_ready
                0x00401664       0x14 src/asf/common/services/storage/ctrl_access/ctrl_access.o
                0x00401664                mem_test_unit_ready
 .text.mem_read_capacity
                0x00401678       0x14 src/asf/common/services/storage/ctrl_access/ctrl_access.o
                0x00401678                mem_read_capacity
 .text.mem_sector_size
                0x0040168c        0xa src/asf/common/services/storage/ctrl_access/ctrl_access.o
                0x0040168c                mem_sector_size
 *fill*         0x00401696        0x2 00
 .text.mem_wr_protect
                0x00401698       0x14 src/asf/common/services/storage/ctrl_access/ctrl_access.o
                0x00401698                mem_wr_protect
 .text.memory_2_ram
                0x004016ac       0x18 src/asf/common/services/storage/ctrl_access/ctrl_access.o
                0x004016ac                memory_2_ram
 .text.ram_2_memory
                0x004016c4       0x18 src/asf/common/services/storage/ctrl_access/ctrl_access.o
                0x004016c4                ram_2_memory
 .text.cpu_irq_save
                0x004016dc       0x14 src/asf/common/services/usb/class/cdc/device/udi_cdc.o
 .text.udi_cdc_comm_disable
                0x004016f0       0x10 src/asf/common/services/usb/class/cdc/device/udi_cdc.o
                0x004016f0                udi_cdc_comm_disable
 .text.udi_cdc_data_setup
                0x00401700        0x4 src/asf/common/services/usb/class/cdc/device/udi_cdc.o
                0x00401700                udi_cdc_data_setup
 .text.udi_cdc_getsetting
                0x00401704        0x4 src/asf/common/services/usb/class/cdc/device/udi_cdc.o
                0x00401704                udi_cdc_getsetting
 .text.udi_cdc_line_coding_received
                0x00401708        0x2 src/asf/common/services/usb/class/cdc/device/udi_cdc.o
 *fill*         0x0040170a        0x2 00
 .text.udi_cdc_data_disable
                0x0040170c       0x28 src/asf/common/services/usb/class/cdc/device/udi_cdc.o
                0x0040170c                udi_cdc_data_disable
 .text.cpu_irq_restore
                0x00401734       0x14 src/asf/common/services/usb/class/cdc/device/udi_cdc.o
 .text.udi_cdc_comm_setup
                0x00401748       0x58 src/asf/common/services/usb/class/cdc/device/udi_cdc.o
                0x00401748                udi_cdc_comm_setup
 .text.udi_cdc_tx_send.isra.5
                0x004017a0       0xc8 src/asf/common/services/usb/class/cdc/device/udi_cdc.o
 .text.udi_cdc_data_sof_notify
                0x00401868        0xc src/asf/common/services/usb/class/cdc/device/udi_cdc.o
                0x00401868                udi_cdc_data_sof_notify
 .text.udi_cdc_data_sent
                0x00401874       0x38 src/asf/common/services/usb/class/cdc/device/udi_cdc.o
 .text.udi_cdc_comm_enable
                0x004018ac       0x60 src/asf/common/services/usb/class/cdc/device/udi_cdc.o
                0x004018ac                udi_cdc_comm_enable
 .text.udi_cdc_multi_is_rx_ready
                0x0040190c       0x3c src/asf/common/services/usb/class/cdc/device/udi_cdc.o
                0x0040190c                udi_cdc_multi_is_rx_ready
 .text.udi_cdc_rx_start.isra.9
                0x00401948       0x88 src/asf/common/services/usb/class/cdc/device/udi_cdc.o
 .text.udi_cdc_data_received
                0x004019d0       0x58 src/asf/common/services/usb/class/cdc/device/udi_cdc.o
 .text.udi_cdc_data_enable
                0x00401a28       0x88 src/asf/common/services/usb/class/cdc/device/udi_cdc.o
                0x00401a28                udi_cdc_data_enable
 .text.udi_cdc_multi_getc
                0x00401ab0       0x90 src/asf/common/services/usb/class/cdc/device/udi_cdc.o
                0x00401ab0                udi_cdc_multi_getc
 .text.udi_cdc_getc
                0x00401b40       0x10 src/asf/common/services/usb/class/cdc/device/udi_cdc.o
                0x00401b40                udi_cdc_getc
 .text.udi_cdc_multi_is_tx_ready
                0x00401b50       0x68 src/asf/common/services/usb/class/cdc/device/udi_cdc.o
                0x00401b50                udi_cdc_multi_is_tx_ready
 .text.udi_cdc_multi_putc
                0x00401bb8       0x80 src/asf/common/services/usb/class/cdc/device/udi_cdc.o
                0x00401bb8                udi_cdc_multi_putc
 .text.udi_cdc_putc
                0x00401c38       0x10 src/asf/common/services/usb/class/cdc/device/udi_cdc.o
                0x00401c38                udi_cdc_putc
 .text.udc_valid_address
                0x00401c48       0x18 src/asf/common/services/usb/udc/udc.o
 .text.udc_update_iface_desc
                0x00401c60       0x58 src/asf/common/services/usb/udc/udc.o
 .text.udc_next_desc_in_iface.constprop.3
                0x00401cb8       0x28 src/asf/common/services/usb/udc/udc.o
 .text.udc_iface_disable
                0x00401ce0       0x54 src/asf/common/services/usb/udc/udc.o
 .text.udc_iface_enable
                0x00401d34       0x50 src/asf/common/services/usb/udc/udc.o
 .text.udc_start
                0x00401d84        0xc src/asf/common/services/usb/udc/udc.o
                0x00401d84                udc_start
 .text.udc_reset
                0x00401d90       0x44 src/asf/common/services/usb/udc/udc.o
                0x00401d90                udc_reset
 .text.udc_sof_notify
                0x00401dd4       0x34 src/asf/common/services/usb/udc/udc.o
                0x00401dd4                udc_sof_notify
 .text.udc_process_setup
                0x00401e08      0x32c src/asf/common/services/usb/udc/udc.o
                0x00401e08                udc_process_setup
 .text._read    0x00402134       0x40 src/asf/common/utils/stdio/read.o
                0x00402134                _read
 .text.stdio_usb_getchar
                0x00402174       0x20 src/asf/common/utils/stdio/stdio_usb/stdio_usb.o
                0x00402174                stdio_usb_getchar
 .text.stdio_usb_putchar
                0x00402194       0x28 src/asf/common/utils/stdio/stdio_usb/stdio_usb.o
                0x00402194                stdio_usb_putchar
 .text.stdio_usb_enable
                0x004021bc        0xc src/asf/common/utils/stdio/stdio_usb/stdio_usb.o
                0x004021bc                stdio_usb_enable
 .text.stdio_usb_disable
                0x004021c8        0xc src/asf/common/utils/stdio/stdio_usb/stdio_usb.o
                0x004021c8                stdio_usb_disable
 .text.stdio_usb_init
                0x004021d4       0x60 src/asf/common/utils/stdio/stdio_usb/stdio_usb.o
                0x004021d4                stdio_usb_init
 .text._write   0x00402234       0x40 src/asf/common/utils/stdio/write.o
                0x00402234                _write
 .text.board_init
                0x00402274       0x68 src/asf/sam/boards/sam3s_ek/init.o
                0x00402274                board_init
 .text.hsmci_reset
                0x004022dc       0x24 src/asf/sam/drivers/hsmci/hsmci.o
 .text.hsmci_send_cmd_execute
                0x00402300       0x7c src/asf/sam/drivers/hsmci/hsmci.o
 .text.hsmci_init
                0x0040237c       0x28 src/asf/sam/drivers/hsmci/hsmci.o
                0x0040237c                hsmci_init
 .text.hsmci_get_bus_width
                0x004023a4        0xa src/asf/sam/drivers/hsmci/hsmci.o
                0x004023a4                hsmci_get_bus_width
 .text.hsmci_is_high_speed_capable
                0x004023ae        0x4 src/asf/sam/drivers/hsmci/hsmci.o
                0x004023ae                hsmci_is_high_speed_capable
 *fill*         0x004023b2        0x2 00
 .text.hsmci_select_device
                0x004023b4       0x64 src/asf/sam/drivers/hsmci/hsmci.o
                0x004023b4                hsmci_select_device
 .text.hsmci_deselect_device
                0x00402418        0x2 src/asf/sam/drivers/hsmci/hsmci.o
                0x00402418                hsmci_deselect_device
 .text.hsmci_send_clock
                0x0040241a       0x1e src/asf/sam/drivers/hsmci/hsmci.o
                0x0040241a                hsmci_send_clock
 .text.hsmci_send_cmd
                0x00402438       0x2c src/asf/sam/drivers/hsmci/hsmci.o
                0x00402438                hsmci_send_cmd
 .text.hsmci_get_response
                0x00402464        0x8 src/asf/sam/drivers/hsmci/hsmci.o
                0x00402464                hsmci_get_response
 .text.hsmci_get_response_128
                0x0040246c       0x22 src/asf/sam/drivers/hsmci/hsmci.o
                0x0040246c                hsmci_get_response_128
 *fill*         0x0040248e        0x2 00
 .text.hsmci_adtc_start
                0x00402490       0xac src/asf/sam/drivers/hsmci/hsmci.o
                0x00402490                hsmci_adtc_start
 .text.hsmci_read_word
                0x0040253c       0x60 src/asf/sam/drivers/hsmci/hsmci.o
                0x0040253c                hsmci_read_word
 .text.hsmci_start_read_blocks
                0x0040259c       0x3c src/asf/sam/drivers/hsmci/hsmci.o
                0x0040259c                hsmci_start_read_blocks
 .text.hsmci_wait_end_of_read_blocks
                0x004025d8       0x60 src/asf/sam/drivers/hsmci/hsmci.o
                0x004025d8                hsmci_wait_end_of_read_blocks
 .text.hsmci_start_write_blocks
                0x00402638       0x40 src/asf/sam/drivers/hsmci/hsmci.o
                0x00402638                hsmci_start_write_blocks
 .text.hsmci_wait_end_of_write_blocks
                0x00402678       0x64 src/asf/sam/drivers/hsmci/hsmci.o
                0x00402678                hsmci_wait_end_of_write_blocks
 .text.pio_set_peripheral
                0x004026dc       0x80 src/asf/sam/drivers/pio/pio.o
                0x004026dc                pio_set_peripheral
 .text.pio_set_input
                0x0040275c       0x2c src/asf/sam/drivers/pio/pio.o
                0x0040275c                pio_set_input
 .text.pio_set_output
                0x00402788       0x24 src/asf/sam/drivers/pio/pio.o
                0x00402788                pio_set_output
 .text.pio_get_interrupt_status
                0x004027ac        0x4 src/asf/sam/drivers/pio/pio.o
                0x004027ac                pio_get_interrupt_status
 .text.pio_get_interrupt_mask
                0x004027b0        0x4 src/asf/sam/drivers/pio/pio.o
                0x004027b0                pio_get_interrupt_mask
 .text.pio_set_pin_high
                0x004027b4       0x1a src/asf/sam/drivers/pio/pio.o
                0x004027b4                pio_set_pin_high
 *fill*         0x004027ce        0x2 00
 .text.pio_configure_pin
                0x004027d0       0xb0 src/asf/sam/drivers/pio/pio.o
                0x004027d0                pio_configure_pin
 .text.pio_handler_process
                0x00402880       0x4c src/asf/sam/drivers/pio/pio_handler.o
                0x00402880                pio_handler_process
 .text.PIOA_Handler
                0x004028cc       0x14 src/asf/sam/drivers/pio/pio_handler.o
                0x004028cc                PIOA_Handler
 .text.PIOB_Handler
                0x004028e0       0x14 src/asf/sam/drivers/pio/pio_handler.o
                0x004028e0                PIOB_Handler
 .text.pmc_switch_mck_to_pllack
                0x004028f4       0x48 src/asf/sam/drivers/pmc/pmc.o
                0x004028f4                pmc_switch_mck_to_pllack
 .text.pmc_switch_sclk_to_32kxtal
                0x0040293c       0x24 src/asf/sam/drivers/pmc/pmc.o
                0x0040293c                pmc_switch_sclk_to_32kxtal
 .text.pmc_switch_mainck_to_fastrc
                0x00402960       0x6c src/asf/sam/drivers/pmc/pmc.o
                0x00402960                pmc_switch_mainck_to_fastrc
 .text.pmc_switch_mainck_to_xtal
                0x004029cc       0x4c src/asf/sam/drivers/pmc/pmc.o
                0x004029cc                pmc_switch_mainck_to_xtal
 .text.pmc_osc_is_ready_mainck
                0x00402a18       0x10 src/asf/sam/drivers/pmc/pmc.o
                0x00402a18                pmc_osc_is_ready_mainck
 .text.pmc_disable_pllack
                0x00402a28       0x10 src/asf/sam/drivers/pmc/pmc.o
                0x00402a28                pmc_disable_pllack
 .text.pmc_is_locked_pllack
                0x00402a38       0x10 src/asf/sam/drivers/pmc/pmc.o
                0x00402a38                pmc_is_locked_pllack
 .text.pmc_disable_pllbck
                0x00402a48        0xc src/asf/sam/drivers/pmc/pmc.o
                0x00402a48                pmc_disable_pllbck
 .text.pmc_is_locked_pllbck
                0x00402a54       0x10 src/asf/sam/drivers/pmc/pmc.o
                0x00402a54                pmc_is_locked_pllbck
 .text.pmc_enable_periph_clk
                0x00402a64       0x44 src/asf/sam/drivers/pmc/pmc.o
                0x00402a64                pmc_enable_periph_clk
 .text.pmc_disable_periph_clk
                0x00402aa8       0x40 src/asf/sam/drivers/pmc/pmc.o
                0x00402aa8                pmc_disable_periph_clk
 .text.pmc_switch_udpck_to_pllbck
                0x00402ae8       0x14 src/asf/sam/drivers/pmc/pmc.o
                0x00402ae8                pmc_switch_udpck_to_pllbck
 .text.pmc_enable_udpck
                0x00402afc        0xc src/asf/sam/drivers/pmc/pmc.o
                0x00402afc                pmc_enable_udpck
 .text.pmc_set_fast_startup_input
                0x00402b08       0x18 src/asf/sam/drivers/pmc/pmc.o
                0x00402b08                pmc_set_fast_startup_input
 .text.rtc_set_hour_mode
                0x00402b20       0x12 src/asf/sam/drivers/rtc/rtc.o
                0x00402b20                rtc_set_hour_mode
 .text.rtc_enable_interrupt
                0x00402b32        0x4 src/asf/sam/drivers/rtc/rtc.o
                0x00402b32                rtc_enable_interrupt
 .text.rtc_disable_interrupt
                0x00402b36        0x4 src/asf/sam/drivers/rtc/rtc.o
                0x00402b36                rtc_disable_interrupt
 .text.rtc_get_time
                0x00402b3a       0x50 src/asf/sam/drivers/rtc/rtc.o
                0x00402b3a                rtc_get_time
 .text.rtc_get_date
                0x00402b8a       0x64 src/asf/sam/drivers/rtc/rtc.o
                0x00402b8a                rtc_get_date
 .text.rtc_get_status
                0x00402bee        0x4 src/asf/sam/drivers/rtc/rtc.o
                0x00402bee                rtc_get_status
 .text.rtc_clear_status
                0x00402bf2        0x4 src/asf/sam/drivers/rtc/rtc.o
                0x00402bf2                rtc_clear_status
 *fill*         0x00402bf6        0x2 00
 .text.cpu_irq_save
                0x00402bf8       0x14 src/asf/sam/drivers/udp/udp_device.o
 .text.udd_ctrl_init
                0x00402c0c       0x1c src/asf/sam/drivers/udp/udp_device.o
 .text.udd_ctrl_stall_data
                0x00402c28       0x40 src/asf/sam/drivers/udp/udp_device.o
 .text.udd_ctrl_send_zlp_in
                0x00402c68       0x40 src/asf/sam/drivers/udp/udp_device.o
 .text.udd_ctrl_endofrequest
                0x00402ca8       0x10 src/asf/sam/drivers/udp/udp_device.o
 .text.udd_ep_ack_out_received
                0x00402cb8       0x80 src/asf/sam/drivers/udp/udp_device.o
 .text.udd_ep_in_sent
                0x00402d38      0x168 src/asf/sam/drivers/udp/udp_device.o
 .text.cpu_irq_restore
                0x00402ea0       0x14 src/asf/sam/drivers/udp/udp_device.o
 .text.udd_sleep_mode
                0x00402eb4       0x44 src/asf/sam/drivers/udp/udp_device.o
 .text.udd_ctrl_in_sent
                0x00402ef8      0x1ac src/asf/sam/drivers/udp/udp_device.o
 .text.udd_ep_finish_job
                0x004030a4       0x3c src/asf/sam/drivers/udp/udp_device.o
 .text.UDP_Handler
                0x004030e0      0x7b8 src/asf/sam/drivers/udp/udp_device.o
                0x004030e0                UDP_Handler
 .text.udd_include_vbus_monitoring
                0x00403898        0x4 src/asf/sam/drivers/udp/udp_device.o
                0x00403898                udd_include_vbus_monitoring
 .text.udd_enable
                0x0040389c       0x84 src/asf/sam/drivers/udp/udp_device.o
                0x0040389c                udd_enable
 .text.udd_attach
                0x00403920       0x60 src/asf/sam/drivers/udp/udp_device.o
                0x00403920                udd_attach
 .text.udd_is_high_speed
                0x00403980        0x4 src/asf/sam/drivers/udp/udp_device.o
                0x00403980                udd_is_high_speed
 .text.udd_set_address
                0x00403984       0x38 src/asf/sam/drivers/udp/udp_device.o
                0x00403984                udd_set_address
 .text.udd_getaddress
                0x004039bc       0x18 src/asf/sam/drivers/udp/udp_device.o
                0x004039bc                udd_getaddress
 .text.udd_get_frame_number
                0x004039d4       0x10 src/asf/sam/drivers/udp/udp_device.o
                0x004039d4                udd_get_frame_number
 .text.udd_get_micro_frame_number
                0x004039e4        0x4 src/asf/sam/drivers/udp/udp_device.o
                0x004039e4                udd_get_micro_frame_number
 .text.udd_set_setup_payload
                0x004039e8        0xc src/asf/sam/drivers/udp/udp_device.o
                0x004039e8                udd_set_setup_payload
 .text.udd_ep_alloc
                0x004039f4       0xd0 src/asf/sam/drivers/udp/udp_device.o
                0x004039f4                udd_ep_alloc
 .text.udd_ep_free
                0x00403ac4       0x3c src/asf/sam/drivers/udp/udp_device.o
                0x00403ac4                udd_ep_free
 .text.udd_ep_is_halted
                0x00403b00       0x40 src/asf/sam/drivers/udp/udp_device.o
                0x00403b00                udd_ep_is_halted
 .text.udd_ep_set_halt
                0x00403b40       0xa0 src/asf/sam/drivers/udp/udp_device.o
                0x00403b40                udd_ep_set_halt
 .text.udd_ep_clear_halt
                0x00403be0       0xc8 src/asf/sam/drivers/udp/udp_device.o
                0x00403be0                udd_ep_clear_halt
 .text.udd_ep_run
                0x00403ca8       0xf4 src/asf/sam/drivers/udp/udp_device.o
                0x00403ca8                udd_ep_run
 .text.udd_ep_abort
                0x00403d9c      0x148 src/asf/sam/drivers/udp/udp_device.o
                0x00403d9c                udd_ep_abort
 .text._sbrk    0x00403ee4       0x1c src/asf/sam/utils/syscalls/gcc/syscalls.o
                0x00403ee4                _sbrk
 .text._close   0x00403f00        0x6 src/asf/sam/utils/syscalls/gcc/syscalls.o
                0x00403f00                _close
 .text._fstat   0x00403f06        0xa src/asf/sam/utils/syscalls/gcc/syscalls.o
                0x00403f06                _fstat
 .text._isatty  0x00403f10        0x4 src/asf/sam/utils/syscalls/gcc/syscalls.o
                0x00403f10                _isatty
 .text._lseek   0x00403f14        0x4 src/asf/sam/utils/syscalls/gcc/syscalls.o
                0x00403f14                _lseek
 .text._exit    0x00403f18       0x14 src/asf/sam/utils/syscalls/gcc/syscalls.o
                0x00403f18                _exit
 .text._kill    0x00403f2c        0x2 src/asf/sam/utils/syscalls/gcc/syscalls.o
                0x00403f2c                _kill
 .text._getpid  0x00403f2e        0x6 src/asf/sam/utils/syscalls/gcc/syscalls.o
                0x00403f2e                _getpid
 .text.disk_initialize
                0x00403f34       0x34 src/asf/thirdparty/fatfs/fatfs-port-r0.09/diskio.o
                0x00403f34                disk_initialize
 .text.disk_status
                0x00403f68       0x1c src/asf/thirdparty/fatfs/fatfs-port-r0.09/diskio.o
                0x00403f68                disk_status
 .text.disk_read
                0x00403f84       0x68 src/asf/thirdparty/fatfs/fatfs-port-r0.09/diskio.o
                0x00403f84                disk_read
 .text.disk_write
                0x00403fec       0x68 src/asf/thirdparty/fatfs/fatfs-port-r0.09/diskio.o
                0x00403fec                disk_write
 .text.disk_ioctl
                0x00404054       0x60 src/asf/thirdparty/fatfs/fatfs-port-r0.09/diskio.o
                0x00404054                disk_ioctl
 .text.get_fattime
                0x004040b4       0x58 src/asf/thirdparty/fatfs/fatfs-port-r0.09/sam/fattime.o
                0x004040b4                get_fattime
 .text.mem_cpy  0x0040410c       0x12 src/asf/thirdparty/fatfs/fatfs-r0.09/src/ff.o
 .text.clust2sect
                0x0040411e       0x18 src/asf/thirdparty/fatfs/fatfs-r0.09/src/ff.o
 .text.sum_sfn  0x00404136       0x1e src/asf/thirdparty/fatfs/fatfs-r0.09/src/ff.o
 .text.move_window
                0x00404154       0x80 src/asf/thirdparty/fatfs/fatfs-r0.09/src/ff.o
 .text.sync     0x004041d4       0xc4 src/asf/thirdparty/fatfs/fatfs-r0.09/src/ff.o
 .text.validate
                0x00404298       0x28 src/asf/thirdparty/fatfs/fatfs-r0.09/src/ff.o
 .text.check_fs
                0x004042c0       0x8c src/asf/thirdparty/fatfs/fatfs-r0.09/src/ff.o
 .text.chk_mounted
                0x0040434c      0x318 src/asf/thirdparty/fatfs/fatfs-r0.09/src/ff.o
 .text.get_fat  0x00404664       0xd8 src/asf/thirdparty/fatfs/fatfs-r0.09/src/ff.o
 .text.dir_sdi  0x0040473c       0x8c src/asf/thirdparty/fatfs/fatfs-r0.09/src/ff.o
 .text.put_fat  0x004047c8       0xf8 src/asf/thirdparty/fatfs/fatfs-r0.09/src/ff.o
 .text.create_chain
                0x004048c0       0xb0 src/asf/thirdparty/fatfs/fatfs-r0.09/src/ff.o
 .text.remove_chain
                0x00404970       0x70 src/asf/thirdparty/fatfs/fatfs-r0.09/src/ff.o
 .text.dir_next
                0x004049e0      0x10c src/asf/thirdparty/fatfs/fatfs-r0.09/src/ff.o
 .text.dir_find.part.4
                0x00404aec      0x140 src/asf/thirdparty/fatfs/fatfs-r0.09/src/ff.o
 .text.follow_path
                0x00404c2c      0x290 src/asf/thirdparty/fatfs/fatfs-r0.09/src/ff.o
 .text.dir_register
                0x00404ebc      0x278 src/asf/thirdparty/fatfs/fatfs-r0.09/src/ff.o
 .text.f_mount  0x00405134       0x20 src/asf/thirdparty/fatfs/fatfs-r0.09/src/ff.o
                0x00405134                f_mount
 .text.f_open   0x00405154      0x170 src/asf/thirdparty/fatfs/fatfs-r0.09/src/ff.o
                0x00405154                f_open
 .text.f_write  0x004052c4      0x1c8 src/asf/thirdparty/fatfs/fatfs-r0.09/src/ff.o
                0x004052c4                f_write
 .text.f_sync   0x0040548c       0xc0 src/asf/thirdparty/fatfs/fatfs-r0.09/src/ff.o
                0x0040548c                f_sync
 .text.f_opendir
                0x0040554c       0x80 src/asf/thirdparty/fatfs/fatfs-r0.09/src/ff.o
                0x0040554c                f_opendir
 .text.f_mkdir  0x004055cc      0x204 src/asf/thirdparty/fatfs/fatfs-r0.09/src/ff.o
                0x004055cc                f_mkdir
 .text.f_putc   0x004057d0       0x34 src/asf/thirdparty/fatfs/fatfs-r0.09/src/ff.o
                0x004057d0                f_putc
 .text.f_puts   0x00405804       0x28 src/asf/thirdparty/fatfs/fatfs-r0.09/src/ff.o
                0x00405804                f_puts
 .text.ff_convert
                0x0040582c       0x3c src/asf/thirdparty/fatfs/fatfs-r0.09/src/option/ccsbcs.o
                0x0040582c                ff_convert
 .text.ff_wtoupper
                0x00405868       0x24 src/asf/thirdparty/fatfs/fatfs-r0.09/src/option/ccsbcs.o
                0x00405868                ff_wtoupper
 .text.sd_mmc_test_unit_ready
                0x0040588c       0x38 src/sd_mmc_mem.o
                0x0040588c                sd_mmc_test_unit_ready
 .text.sd_mmc_test_unit_ready_0
                0x004058c4       0x10 src/sd_mmc_mem.o
                0x004058c4                sd_mmc_test_unit_ready_0
 .text.sd_mmc_read_capacity
                0x004058d4       0x20 src/sd_mmc_mem.o
                0x004058d4                sd_mmc_read_capacity
 .text.sd_mmc_read_capacity_0
                0x004058f4       0x10 src/sd_mmc_mem.o
                0x004058f4                sd_mmc_read_capacity_0
 .text.sd_mmc_wr_protect_0
                0x00405904       0x10 src/sd_mmc_mem.o
                0x00405904                sd_mmc_wr_protect_0
 .text.sd_mmc_mem_2_ram
                0x00405914       0x3c src/sd_mmc_mem.o
                0x00405914                sd_mmc_mem_2_ram
 .text.sd_mmc_mem_2_ram_0
                0x00405950       0x14 src/sd_mmc_mem.o
                0x00405950                sd_mmc_mem_2_ram_0
 .text.sd_mmc_ram_2_mem
                0x00405964       0x3c src/sd_mmc_mem.o
                0x00405964                sd_mmc_ram_2_mem
 .text.sd_mmc_ram_2_mem_0
                0x004059a0       0x14 src/sd_mmc_mem.o
                0x004059a0                sd_mmc_ram_2_mem_0
 .text.startup.main
                0x004059b4       0xd8 src/stdio_usb_example.o
                0x004059b4                main
 .text          0x00405a8c        0xc c:/program files (x86)/atmel/atmel studio 6.0/extensions/atmel/armgcc/3.3.1.128/armgcctoolchain/bin/../lib/gcc/arm-none-eabi/4.7.0/../../../../arm-none-eabi/lib/thumb\libc.a(lib_a-atexit.o)
                0x00405a8c                atexit
 .text          0x00405a98       0x30 c:/program files (x86)/atmel/atmel studio 6.0/extensions/atmel/armgcc/3.3.1.128/armgcctoolchain/bin/../lib/gcc/arm-none-eabi/4.7.0/../../../../arm-none-eabi/lib/thumb\libc.a(lib_a-fini.o)
                0x00405a98                __libc_fini_array
 .text          0x00405ac8       0x4c c:/program files (x86)/atmel/atmel studio 6.0/extensions/atmel/armgcc/3.3.1.128/armgcctoolchain/bin/../lib/gcc/arm-none-eabi/4.7.0/../../../../arm-none-eabi/lib/thumb\libc.a(lib_a-init.o)
                0x00405ac8                __libc_init_array
 .text          0x00405b14       0x12 c:/program files (x86)/atmel/atmel studio 6.0/extensions/atmel/armgcc/3.3.1.128/armgcctoolchain/bin/../lib/gcc/arm-none-eabi/4.7.0/../../../../arm-none-eabi/lib/thumb\libc.a(lib_a-memcpy.o)
                0x00405b14                memcpy
 .text          0x00405b26       0x10 c:/program files (x86)/atmel/atmel studio 6.0/extensions/atmel/armgcc/3.3.1.128/armgcctoolchain/bin/../lib/gcc/arm-none-eabi/4.7.0/../../../../arm-none-eabi/lib/thumb\libc.a(lib_a-memset.o)
                0x00405b26                memset
 *fill*         0x00405b36        0x2 00
 .text          0x00405b38       0x3c c:/program files (x86)/atmel/atmel studio 6.0/extensions/atmel/armgcc/3.3.1.128/armgcctoolchain/bin/../lib/gcc/arm-none-eabi/4.7.0/../../../../arm-none-eabi/lib/thumb\libc.a(lib_a-printf.o)
                0x00405b38                _printf_r
                0x00405b52                printf
 .text          0x00405b74       0x74 c:/program files (x86)/atmel/atmel studio 6.0/extensions/atmel/armgcc/3.3.1.128/armgcctoolchain/bin/../lib/gcc/arm-none-eabi/4.7.0/../../../../arm-none-eabi/lib/thumb\libc.a(lib_a-puts.o)
                0x00405b74                _puts_r
                0x00405bd8                puts
 .text          0x00405be8       0x10 c:/program files (x86)/atmel/atmel studio 6.0/extensions/atmel/armgcc/3.3.1.128/armgcctoolchain/bin/../lib/gcc/arm-none-eabi/4.7.0/../../../../arm-none-eabi/lib/thumb\libc.a(lib_a-setbuf.o)
                0x00405be8                setbuf
 .text          0x00405bf8       0xec c:/program files (x86)/atmel/atmel studio 6.0/extensions/atmel/armgcc/3.3.1.128/armgcctoolchain/bin/../lib/gcc/arm-none-eabi/4.7.0/../../../../arm-none-eabi/lib/thumb\libc.a(lib_a-setvbuf.o)
                0x00405bf8                setvbuf
 .text          0x00405ce4       0x88 c:/program files (x86)/atmel/atmel studio 6.0/extensions/atmel/armgcc/3.3.1.128/armgcctoolchain/bin/../lib/gcc/arm-none-eabi/4.7.0/../../../../arm-none-eabi/lib/thumb\libc.a(lib_a-sprintf.o)
                0x00405ce4                _sprintf_r
                0x00405d24                sprintf
 .text          0x00405d6c       0x10 c:/program files (x86)/atmel/atmel studio 6.0/extensions/atmel/armgcc/3.3.1.128/armgcctoolchain/bin/../lib/gcc/arm-none-eabi/4.7.0/../../../../arm-none-eabi/lib/thumb\libc.a(lib_a-strlen.o)
                0x00405d6c                strlen
 .text          0x00405d7c      0x8a8 c:/program files (x86)/atmel/atmel studio 6.0/extensions/atmel/armgcc/3.3.1.128/armgcctoolchain/bin/../lib/gcc/arm-none-eabi/4.7.0/../../../../arm-none-eabi/lib/thumb\libc.a(lib_a-svfprintf.o)
                0x00405d7c                _svfprintf_r
 .text          0x00406624      0x9c4 c:/program files (x86)/atmel/atmel studio 6.0/extensions/atmel/armgcc/3.3.1.128/armgcctoolchain/bin/../lib/gcc/arm-none-eabi/4.7.0/../../../../arm-none-eabi/lib/thumb\libc.a(lib_a-vfiprintf.o)
                0x00406624                __sprint_r
                0x00406690                _vfiprintf_r
                0x00406fcc                vfiprintf
 .text          0x00406fe8      0x958 c:/program files (x86)/atmel/atmel studio 6.0/extensions/atmel/armgcc/3.3.1.128/armgcctoolchain/bin/../lib/gcc/arm-none-eabi/4.7.0/../../../../arm-none-eabi/lib/thumb\libc.a(lib_a-vfprintf.o)
                0x00406fe8                _vfprintf_r
                0x00407924                vfprintf
 .text          0x00407940       0xb8 c:/program files (x86)/atmel/atmel studio 6.0/extensions/atmel/armgcc/3.3.1.128/armgcctoolchain/bin/../lib/gcc/arm-none-eabi/4.7.0/../../../../arm-none-eabi/lib/thumb\libc.a(lib_a-wsetup.o)
                0x00407940                __swsetup_r
 .text          0x004079f8       0x9c c:/program files (x86)/atmel/atmel studio 6.0/extensions/atmel/armgcc/3.3.1.128/armgcctoolchain/bin/../lib/gcc/arm-none-eabi/4.7.0/../../../../arm-none-eabi/lib/thumb\libc.a(lib_a-__atexit.o)
                0x004079f8                __register_exitproc
 .text.startup  0x00407a94       0x14 c:/program files (x86)/atmel/atmel studio 6.0/extensions/atmel/armgcc/3.3.1.128/armgcctoolchain/bin/../lib/gcc/arm-none-eabi/4.7.0/../../../../arm-none-eabi/lib/thumb\libc.a(lib_a-__call_atexit.o)
 .text          0x00407aa8        0xe c:/program files (x86)/atmel/atmel studio 6.0/extensions/atmel/armgcc/3.3.1.128/armgcctoolchain/bin/../lib/gcc/arm-none-eabi/4.7.0/../../../../arm-none-eabi/lib/thumb\libc.a(lib_a-abort.o)
                0x00407aa8                abort
 *fill*         0x00407ab6        0x2 00
 .text          0x00407ab8      0x154 c:/program files (x86)/atmel/atmel studio 6.0/extensions/atmel/armgcc/3.3.1.128/armgcctoolchain/bin/../lib/gcc/arm-none-eabi/4.7.0/../../../../arm-none-eabi/lib/thumb\libc.a(lib_a-fflush.o)
                0x00407ab8                _fflush_r
                0x00407be8                fflush
 .text          0x00407c0c      0x18c c:/program files (x86)/atmel/atmel studio 6.0/extensions/atmel/armgcc/3.3.1.128/armgcctoolchain/bin/../lib/gcc/arm-none-eabi/4.7.0/../../../../arm-none-eabi/lib/thumb\libc.a(lib_a-findfp.o)
                0x00407c14                _cleanup_r
                0x00407c68                __sfmoreglue
                0x00407c92                _cleanup
                0x00407ca0                __sinit
                0x00407cec                __sfp
                0x00407d68                __sfp_lock_acquire
                0x00407d6a                __sfp_lock_release
                0x00407d6c                __sinit_lock_acquire
                0x00407d6e                __sinit_lock_release
                0x00407d70                __fp_lock_all
                0x00407d84                __fp_unlock_all
 .text          0x00407d98       0xe4 c:/program files (x86)/atmel/atmel studio 6.0/extensions/atmel/armgcc/3.3.1.128/armgcctoolchain/bin/../lib/gcc/arm-none-eabi/4.7.0/../../../../arm-none-eabi/lib/thumb\libc.a(lib_a-fputwc.o)
                0x00407d98                _fputwc_r
                0x00407e54                fputwc
 .text          0x00407e7c      0x204 c:/program files (x86)/atmel/atmel studio 6.0/extensions/atmel/armgcc/3.3.1.128/armgcctoolchain/bin/../lib/gcc/arm-none-eabi/4.7.0/../../../../arm-none-eabi/lib/thumb\libc.a(lib_a-freer.o)
                0x00407e7c                _malloc_trim_r
                0x00407f18                _free_r
 .text          0x00408080      0x2b0 c:/program files (x86)/atmel/atmel studio 6.0/extensions/atmel/armgcc/3.3.1.128/armgcctoolchain/bin/../lib/gcc/arm-none-eabi/4.7.0/../../../../arm-none-eabi/lib/thumb\libc.a(lib_a-fvwrite.o)
                0x00408080                __sfvwrite_r
 .text          0x00408330       0x8a c:/program files (x86)/atmel/atmel studio 6.0/extensions/atmel/armgcc/3.3.1.128/armgcctoolchain/bin/../lib/gcc/arm-none-eabi/4.7.0/../../../../arm-none-eabi/lib/thumb\libc.a(lib_a-fwalk.o)
                0x00408330                _fwalk
                0x00408374                _fwalk_reent
 *fill*         0x004083ba        0x2 00
 .text          0x004083bc       0x88 c:/program files (x86)/atmel/atmel studio 6.0/extensions/atmel/armgcc/3.3.1.128/armgcctoolchain/bin/../lib/gcc/arm-none-eabi/4.7.0/../../../../arm-none-eabi/lib/thumb\libc.a(lib_a-locale.o)
                0x004083bc                _setlocale_r
                0x00408400                __locale_charset
                0x00408408                __locale_mb_cur_max
                0x00408414                __locale_msgcharset
                0x0040841c                __locale_cjk_lang
                0x00408420                _localeconv_r
                0x00408428                setlocale
                0x0040843c                localeconv
 .text          0x00408444       0xd8 c:/program files (x86)/atmel/atmel studio 6.0/extensions/atmel/armgcc/3.3.1.128/armgcctoolchain/bin/../lib/gcc/arm-none-eabi/4.7.0/../../../../arm-none-eabi/lib/thumb\libc.a(lib_a-makebuf.o)
                0x00408444                __smakebuf_r
 .text          0x0040851c       0x20 c:/program files (x86)/atmel/atmel studio 6.0/extensions/atmel/armgcc/3.3.1.128/armgcctoolchain/bin/../lib/gcc/arm-none-eabi/4.7.0/../../../../arm-none-eabi/lib/thumb\libc.a(lib_a-malloc.o)
                0x0040851c                malloc
                0x0040852c                free
 .text          0x0040853c      0x3f8 c:/program files (x86)/atmel/atmel studio 6.0/extensions/atmel/armgcc/3.3.1.128/armgcctoolchain/bin/../lib/gcc/arm-none-eabi/4.7.0/../../../../arm-none-eabi/lib/thumb\libc.a(lib_a-mallocr.o)
                0x0040853c                _malloc_r
 .text          0x00408934       0x1c c:/program files (x86)/atmel/atmel studio 6.0/extensions/atmel/armgcc/3.3.1.128/armgcctoolchain/bin/../lib/gcc/arm-none-eabi/4.7.0/../../../../arm-none-eabi/lib/thumb\libc.a(lib_a-memchr.o)
                0x00408934                memchr
 .text          0x00408950       0x32 c:/program files (x86)/atmel/atmel studio 6.0/extensions/atmel/armgcc/3.3.1.128/armgcctoolchain/bin/../lib/gcc/arm-none-eabi/4.7.0/../../../../arm-none-eabi/lib/thumb\libc.a(lib_a-memmove.o)
                0x00408950                memmove
 .text          0x00408982        0x4 c:/program files (x86)/atmel/atmel studio 6.0/extensions/atmel/armgcc/3.3.1.128/armgcctoolchain/bin/../lib/gcc/arm-none-eabi/4.7.0/../../../../arm-none-eabi/lib/thumb\libc.a(lib_a-mlock.o)
                0x00408982                __malloc_lock
                0x00408984                __malloc_unlock
 *fill*         0x00408986        0x2 00
 .text          0x00408988      0x2dc c:/program files (x86)/atmel/atmel studio 6.0/extensions/atmel/armgcc/3.3.1.128/armgcctoolchain/bin/../lib/gcc/arm-none-eabi/4.7.0/../../../../arm-none-eabi/lib/thumb\libc.a(lib_a-reallocr.o)
                0x00408988                _realloc_r
 .text          0x00408c64       0x20 c:/program files (x86)/atmel/atmel studio 6.0/extensions/atmel/armgcc/3.3.1.128/armgcctoolchain/bin/../lib/gcc/arm-none-eabi/4.7.0/../../../../arm-none-eabi/lib/thumb\libc.a(lib_a-sbrkr.o)
                0x00408c64                _sbrk_r
 .text          0x00408c84      0x144 c:/program files (x86)/atmel/atmel studio 6.0/extensions/atmel/armgcc/3.3.1.128/armgcctoolchain/bin/../lib/gcc/arm-none-eabi/4.7.0/../../../../arm-none-eabi/lib/thumb\libc.a(lib_a-signal.o)
                0x00408c84                _init_signal_r
                0x00408cb6                _signal_r
                0x00408cea                _raise_r
                0x00408d3c                __sigtramp_r
                0x00408d8a                raise
                0x00408d98                signal
                0x00408dac                _init_signal
                0x00408db8                __sigtramp
 .text          0x00408dc8       0x28 c:/program files (x86)/atmel/atmel studio 6.0/extensions/atmel/armgcc/3.3.1.128/armgcctoolchain/bin/../lib/gcc/arm-none-eabi/4.7.0/../../../../arm-none-eabi/lib/thumb\libc.a(lib_a-signalr.o)
                0x00408dc8                _kill_r
                0x00408dec                _getpid_r
 .text          0x00408df0       0x8e c:/program files (x86)/atmel/atmel studio 6.0/extensions/atmel/armgcc/3.3.1.128/armgcctoolchain/bin/../lib/gcc/arm-none-eabi/4.7.0/../../../../arm-none-eabi/lib/thumb\libc.a(lib_a-stdio.o)
                0x00408df0                __sread
                0x00408e12                __seofread
                0x00408e16                __swrite
                0x00408e52                __sseek
                0x00408e76                __sclose
 .text          0x00408e7e       0x16 c:/program files (x86)/atmel/atmel studio 6.0/extensions/atmel/armgcc/3.3.1.128/armgcctoolchain/bin/../lib/gcc/arm-none-eabi/4.7.0/../../../../arm-none-eabi/lib/thumb\libc.a(lib_a-strcmp.o)
                0x00408e7e                strcmp
 .text          0x00408e94      0x9a4 c:/program files (x86)/atmel/atmel studio 6.0/extensions/atmel/armgcc/3.3.1.128/armgcctoolchain/bin/../lib/gcc/arm-none-eabi/4.7.0/../../../../arm-none-eabi/lib/thumb\libc.a(lib_a-svfiprintf.o)
                0x00408e94                __ssprint_r
                0x00408f8e                _svfiprintf_r
 .text          0x00409838       0xb4 c:/program files (x86)/atmel/atmel studio 6.0/extensions/atmel/armgcc/3.3.1.128/armgcctoolchain/bin/../lib/gcc/arm-none-eabi/4.7.0/../../../../arm-none-eabi/lib/thumb\libc.a(lib_a-wbuf.o)
                0x00409838                __swbuf_r
                0x004098da                __swbuf
 .text          0x004098ec       0x68 c:/program files (x86)/atmel/atmel studio 6.0/extensions/atmel/armgcc/3.3.1.128/armgcctoolchain/bin/../lib/gcc/arm-none-eabi/4.7.0/../../../../arm-none-eabi/lib/thumb\libc.a(lib_a-wcrtomb.o)
                0x004098ec                _wcrtomb_r
                0x00409938                wcrtomb
 .text          0x00409954       0x44 c:/program files (x86)/atmel/atmel studio 6.0/extensions/atmel/armgcc/3.3.1.128/armgcctoolchain/bin/../lib/gcc/arm-none-eabi/4.7.0/../../../../arm-none-eabi/lib/thumb\libc.a(lib_a-wctomb_r.o)
                0x00409954                __ascii_wctomb
                0x0040996e                _wctomb_r
 .text          0x00409998       0x24 c:/program files (x86)/atmel/atmel studio 6.0/extensions/atmel/armgcc/3.3.1.128/armgcctoolchain/bin/../lib/gcc/arm-none-eabi/4.7.0/../../../../arm-none-eabi/lib/thumb\libc.a(lib_a-writer.o)
                0x00409998                _write_r
 .text          0x004099bc       0x20 c:/program files (x86)/atmel/atmel studio 6.0/extensions/atmel/armgcc/3.3.1.128/armgcctoolchain/bin/../lib/gcc/arm-none-eabi/4.7.0/../../../../arm-none-eabi/lib/thumb\libc.a(lib_a-closer.o)
                0x004099bc                _close_r
 .text          0x004099dc       0x94 c:/program files (x86)/atmel/atmel studio 6.0/extensions/atmel/armgcc/3.3.1.128/armgcctoolchain/bin/../lib/gcc/arm-none-eabi/4.7.0/../../../../arm-none-eabi/lib/thumb\libc.a(lib_a-fclose.o)
                0x004099dc                _fclose_r
                0x00409a62                fclose
 .text          0x00409a70       0x24 c:/program files (x86)/atmel/atmel studio 6.0/extensions/atmel/armgcc/3.3.1.128/armgcctoolchain/bin/../lib/gcc/arm-none-eabi/4.7.0/../../../../arm-none-eabi/lib/thumb\libc.a(lib_a-fstatr.o)
                0x00409a70                _fstat_r
 .text          0x00409a94       0x20 c:/program files (x86)/atmel/atmel studio 6.0/extensions/atmel/armgcc/3.3.1.128/armgcctoolchain/bin/../lib/gcc/arm-none-eabi/4.7.0/../../../../arm-none-eabi/lib/thumb\libc.a(lib_a-isattyr.o)
                0x00409a94                _isatty_r
 .text          0x00409ab4       0x24 c:/program files (x86)/atmel/atmel studio 6.0/extensions/atmel/armgcc/3.3.1.128/armgcctoolchain/bin/../lib/gcc/arm-none-eabi/4.7.0/../../../../arm-none-eabi/lib/thumb\libc.a(lib_a-lseekr.o)
                0x00409ab4                _lseek_r
 .text          0x00409ad8       0x24 c:/program files (x86)/atmel/atmel studio 6.0/extensions/atmel/armgcc/3.3.1.128/armgcctoolchain/bin/../lib/gcc/arm-none-eabi/4.7.0/../../../../arm-none-eabi/lib/thumb\libc.a(lib_a-readr.o)
                0x00409ad8                _read_r
 .text          0x00409afc       0x2c c:/program files (x86)/atmel/atmel studio 6.0/extensions/atmel/armgcc/3.3.1.128/armgcctoolchain/bin/../lib/gcc/arm-none-eabi/4.7.0/thumb\libgcc.a(_aeabi_uldivmod.o)
                0x00409afc                __aeabi_uldivmod
 .text          0x00409b28       0x60 c:/program files (x86)/atmel/atmel studio 6.0/extensions/atmel/armgcc/3.3.1.128/armgcctoolchain/bin/../lib/gcc/arm-none-eabi/4.7.0/thumb\libgcc.a(bpabi.o)
                0x00409b28                __gnu_ldivmod_helper
                0x00409b58                __gnu_uldivmod_helper
 .text          0x00409b88        0x4 c:/program files (x86)/atmel/atmel studio 6.0/extensions/atmel/armgcc/3.3.1.128/armgcctoolchain/bin/../lib/gcc/arm-none-eabi/4.7.0/thumb\libgcc.a(_dvmd_tls.o)
                0x00409b88                __aeabi_idiv0
                0x00409b88                __aeabi_ldiv0
 .text          0x00409b8c      0x2c8 c:/program files (x86)/atmel/atmel studio 6.0/extensions/atmel/armgcc/3.3.1.128/armgcctoolchain/bin/../lib/gcc/arm-none-eabi/4.7.0/thumb\libgcc.a(_divdi3.o)
                0x00409b8c                __divdi3
 .text          0x00409e54      0x29c c:/program files (x86)/atmel/atmel studio 6.0/extensions/atmel/armgcc/3.3.1.128/armgcctoolchain/bin/../lib/gcc/arm-none-eabi/4.7.0/thumb\libgcc.a(_udivdi3.o)
                0x00409e54                __udivdi3
 .text          0x0040a0f0      0x9fc c:/program files (x86)/atmel/atmel studio 6.0/extensions/atmel/armgcc/3.3.1.128/armgcctoolchain/bin/../lib/gcc/arm-none-eabi/4.7.0/thumb\libgcc.a(unwind-arm.o)
                0x0040a3b8                _Unwind_GetCFA
                0x0040a3bc                __gnu_Unwind_RaiseException
                0x0040a41c                __gnu_Unwind_ForcedUnwind
                0x0040a434                __gnu_Unwind_Resume
                0x0040a478                __gnu_Unwind_Resume_or_Rethrow
                0x0040a490                _Unwind_Complete
                0x0040a494                _Unwind_DeleteException
                0x0040a4a4                _Unwind_VRS_Get
                0x0040a4e8                _Unwind_VRS_Set
                0x0040a7fc                __aeabi_unwind_cpp_pr2
                0x0040a804                __aeabi_unwind_cpp_pr1
                0x0040a80c                __aeabi_unwind_cpp_pr0
                0x0040a814                __gnu_Unwind_Backtrace
                0x0040a884                _Unwind_VRS_Pop
 .text          0x0040aaec      0x1ac c:/program files (x86)/atmel/atmel studio 6.0/extensions/atmel/armgcc/3.3.1.128/armgcctoolchain/bin/../lib/gcc/arm-none-eabi/4.7.0/thumb\libgcc.a(libunwind.o)
                0x0040aaec                __restore_core_regs
                0x0040aaec                restore_core_regs
                0x0040ab04                __gnu_Unwind_Restore_VFP
                0x0040ab0c                __gnu_Unwind_Save_VFP
                0x0040ab14                __gnu_Unwind_Restore_VFP_D
                0x0040ab1c                __gnu_Unwind_Save_VFP_D
                0x0040ab24                __gnu_Unwind_Restore_VFP_D_16_to_31
                0x0040ab2c                __gnu_Unwind_Save_VFP_D_16_to_31
                0x0040ab34                __gnu_Unwind_Restore_WMMXD
                0x0040ab78                __gnu_Unwind_Save_WMMXD
                0x0040abbc                __gnu_Unwind_Restore_WMMXC
                0x0040abd0                __gnu_Unwind_Save_WMMXC
                0x0040abe4                ___Unwind_RaiseException
                0x0040abe4                _Unwind_RaiseException
                0x0040ac08                _Unwind_Resume
                0x0040ac08                ___Unwind_Resume
                0x0040ac2c                _Unwind_Resume_or_Rethrow
                0x0040ac2c                ___Unwind_Resume_or_Rethrow
                0x0040ac50                _Unwind_ForcedUnwind
                0x0040ac50                ___Unwind_ForcedUnwind
                0x0040ac74                ___Unwind_Backtrace
                0x0040ac74                _Unwind_Backtrace
 .text          0x0040ac98      0x3a0 c:/program files (x86)/atmel/atmel studio 6.0/extensions/atmel/armgcc/3.3.1.128/armgcctoolchain/bin/../lib/gcc/arm-none-eabi/4.7.0/thumb\libgcc.a(pr-support.o)
                0x0040ace4                __gnu_unwind_execute
                0x0040afe0                __gnu_unwind_frame
                0x0040b008                _Unwind_GetRegionStart
                0x0040b014                _Unwind_GetLanguageSpecificData
                0x0040b028                _Unwind_GetDataRelBase
                0x0040b030                _Unwind_GetTextRelBase
 *(.glue_7t)
 .glue_7t       0x00000000        0x0 linker stubs
 *(.glue_7)
 .glue_7        0x00000000        0x0 linker stubs
 *(.rodata .rodata* .gnu.linkonce.r.*)
 .rodata        0x0040b038       0x2c src/asf/sam/drivers/pwm/pwm.o
 .rodata.str1.1
                0x0040b064      0x1e7 src/zeppelin_fc.o
 .rodata.__func__.8991
                0x0040b24b       0x17 src/asf/common/components/memory/sd_mmc/sd_mmc.o
 .rodata.__func__.8995
                0x0040b262       0x18 src/asf/common/components/memory/sd_mmc/sd_mmc.o
 .rodata.__func__.8945
                0x0040b27a       0x10 src/asf/common/components/memory/sd_mmc/sd_mmc.o
 *fill*         0x0040b28a        0x2 00
 .rodata.sd_mmc_trans_units
                0x0040b28c       0x1c src/asf/common/components/memory/sd_mmc/sd_mmc.o
                0x0040b28c                sd_mmc_trans_units
 .rodata.mmc_trans_multipliers
                0x0040b2a8       0x40 src/asf/common/components/memory/sd_mmc/sd_mmc.o
                0x0040b2a8                mmc_trans_multipliers
 .rodata.__func__.9000
                0x0040b2e8        0x8 src/asf/common/components/memory/sd_mmc/sd_mmc.o
 .rodata.__func__.9048
                0x0040b2f0        0xd src/asf/common/components/memory/sd_mmc/sd_mmc.o
 .rodata.str1.1
                0x0040b2fd      0x219 src/asf/common/components/memory/sd_mmc/sd_mmc.o
 *fill*         0x0040b516        0x2 00
 .rodata.sd_trans_multipliers
                0x0040b518       0x40 src/asf/common/components/memory/sd_mmc/sd_mmc.o
                0x0040b518                sd_trans_multipliers
 .rodata.CSWTCH.69
                0x0040b558       0x14 src/asf/common/components/memory/sd_mmc/sd_mmc.o
 .rodata.__func__.8963
                0x0040b56c        0xf src/asf/common/components/memory/sd_mmc/sd_mmc.o
 .rodata.__func__.9126
                0x0040b57b       0x18 src/asf/common/components/memory/sd_mmc/sd_mmc.o
 .rodata.__func__.9143
                0x0040b593       0x19 src/asf/common/components/memory/sd_mmc/sd_mmc.o
 .rodata.__func__.8982
                0x0040b5ac       0x16 src/asf/common/components/memory/sd_mmc/sd_mmc.o
 .rodata.CSWTCH.39
                0x0040b5c2        0x5 src/asf/sam/drivers/hsmci/hsmci.o
 .rodata.str1.1
                0x0040b5c7       0x19 src/asf/sam/utils/syscalls/gcc/syscalls.o
 .rodata.CSWTCH.6
                0x0040b5e0        0x3 src/asf/thirdparty/fatfs/fatfs-port-r0.09/diskio.o
 .rodata.excvt.4497
                0x0040b5e3       0x80 src/asf/thirdparty/fatfs/fatfs-r0.09/src/ff.o
 .rodata.str1.1
                0x0040b663       0x10 src/asf/thirdparty/fatfs/fatfs-r0.09/src/ff.o
 .rodata.LfnOfs
                0x0040b673        0xd src/asf/thirdparty/fatfs/fatfs-r0.09/src/ff.o
 .rodata.tbl_lower.4247
                0x0040b680      0x1e0 src/asf/thirdparty/fatfs/fatfs-r0.09/src/option/ccsbcs.o
 .rodata.Tbl    0x0040b860      0x100 src/asf/thirdparty/fatfs/fatfs-r0.09/src/option/ccsbcs.o
 .rodata.tbl_upper.4248
                0x0040b960      0x1e0 src/asf/thirdparty/fatfs/fatfs-r0.09/src/option/ccsbcs.o
 .rodata        0x0040bb40        0x4 c:/program files (x86)/atmel/atmel studio 6.0/extensions/atmel/armgcc/3.3.1.128/armgcctoolchain/bin/../lib/gcc/arm-none-eabi/4.7.0/../../../../arm-none-eabi/lib/thumb\libc.a(lib_a-impure.o)
                0x0040bb40                _global_impure_ptr
 .rodata.str1.1
                0x0040bb44        0x2 c:/program files (x86)/atmel/atmel studio 6.0/extensions/atmel/armgcc/3.3.1.128/armgcctoolchain/bin/../lib/gcc/arm-none-eabi/4.7.0/../../../../arm-none-eabi/lib/thumb\libc.a(lib_a-impure.o)
 .rodata.str1.1
                0x00000000        0x2 c:/program files (x86)/atmel/atmel studio 6.0/extensions/atmel/armgcc/3.3.1.128/armgcctoolchain/bin/../lib/gcc/arm-none-eabi/4.7.0/../../../../arm-none-eabi/lib/thumb\libc.a(lib_a-puts.o)
 .rodata        0x0040bb46       0x20 c:/program files (x86)/atmel/atmel studio 6.0/extensions/atmel/armgcc/3.3.1.128/armgcctoolchain/bin/../lib/gcc/arm-none-eabi/4.7.0/../../../../arm-none-eabi/lib/thumb\libc.a(lib_a-svfprintf.o)
 .rodata.str1.1
                0x0040bb66       0x22 c:/program files (x86)/atmel/atmel studio 6.0/extensions/atmel/armgcc/3.3.1.128/armgcctoolchain/bin/../lib/gcc/arm-none-eabi/4.7.0/../../../../arm-none-eabi/lib/thumb\libc.a(lib_a-svfprintf.o)
 .rodata        0x0040bb88       0x20 c:/program files (x86)/atmel/atmel studio 6.0/extensions/atmel/armgcc/3.3.1.128/armgcctoolchain/bin/../lib/gcc/arm-none-eabi/4.7.0/../../../../arm-none-eabi/lib/thumb\libc.a(lib_a-vfiprintf.o)
 .rodata.str1.1
                0x00000000       0x22 c:/program files (x86)/atmel/atmel studio 6.0/extensions/atmel/armgcc/3.3.1.128/armgcctoolchain/bin/../lib/gcc/arm-none-eabi/4.7.0/../../../../arm-none-eabi/lib/thumb\libc.a(lib_a-vfiprintf.o)
 .rodata        0x0040bba8       0x20 c:/program files (x86)/atmel/atmel studio 6.0/extensions/atmel/armgcc/3.3.1.128/armgcctoolchain/bin/../lib/gcc/arm-none-eabi/4.7.0/../../../../arm-none-eabi/lib/thumb\libc.a(lib_a-vfprintf.o)
 .rodata.str1.1
                0x00000000       0x22 c:/program files (x86)/atmel/atmel studio 6.0/extensions/atmel/armgcc/3.3.1.128/armgcctoolchain/bin/../lib/gcc/arm-none-eabi/4.7.0/../../../../arm-none-eabi/lib/thumb\libc.a(lib_a-vfprintf.o)
 .rodata.str1.1
                0x0040bbc8        0x6 c:/program files (x86)/atmel/atmel studio 6.0/extensions/atmel/armgcc/3.3.1.128/armgcctoolchain/bin/../lib/gcc/arm-none-eabi/4.7.0/../../../../arm-none-eabi/lib/thumb\libc.a(lib_a-locale.o)
                                  0xb (size before relaxing)
 .rodata        0x0040bbce       0x20 c:/program files (x86)/atmel/atmel studio 6.0/extensions/atmel/armgcc/3.3.1.128/armgcctoolchain/bin/../lib/gcc/arm-none-eabi/4.7.0/../../../../arm-none-eabi/lib/thumb\libc.a(lib_a-svfiprintf.o)
 .rodata.str1.1
                0x00000000       0x22 c:/program files (x86)/atmel/atmel studio 6.0/extensions/atmel/armgcc/3.3.1.128/armgcctoolchain/bin/../lib/gcc/arm-none-eabi/4.7.0/../../../../arm-none-eabi/lib/thumb\libc.a(lib_a-svfiprintf.o)
 *(.ARM.extab* .gnu.linkonce.armextab.*)
 *fill*         0x0040bbee        0x2 00
 .ARM.extab     0x0040bbf0       0x18 c:/program files (x86)/atmel/atmel studio 6.0/extensions/atmel/armgcc/3.3.1.128/armgcctoolchain/bin/../lib/gcc/arm-none-eabi/4.7.0/thumb\libgcc.a(unwind-arm.o)
 .ARM.extab     0x0040bc08       0x18 c:/program files (x86)/atmel/atmel studio 6.0/extensions/atmel/armgcc/3.3.1.128/armgcctoolchain/bin/../lib/gcc/arm-none-eabi/4.7.0/thumb\libgcc.a(pr-support.o)
                0x0040bc20                . = ALIGN (0x4)
 *(.init)
 .init          0x0040bc20        0x4 c:/program files (x86)/atmel/atmel studio 6.0/extensions/atmel/armgcc/3.3.1.128/armgcctoolchain/bin/../lib/gcc/arm-none-eabi/4.7.0/thumb/crti.o
                0x0040bc20                _init
 .init          0x0040bc24        0x8 c:/program files (x86)/atmel/atmel studio 6.0/extensions/atmel/armgcc/3.3.1.128/armgcctoolchain/bin/../lib/gcc/arm-none-eabi/4.7.0/thumb/crtn.o
                0x0040bc2c                . = ALIGN (0x4)
                0x0040bc2c                __preinit_array_start = .
 *(.preinit_array)
                0x0040bc2c                __preinit_array_end = .
                0x0040bc2c                . = ALIGN (0x4)
                0x0040bc2c                __init_array_start = .
 *(SORT(.init_array.*))
 .init_array.00000
                0x0040bc2c        0x4 c:/program files (x86)/atmel/atmel studio 6.0/extensions/atmel/armgcc/3.3.1.128/armgcctoolchain/bin/../lib/gcc/arm-none-eabi/4.7.0/../../../../arm-none-eabi/lib/thumb\libc.a(lib_a-__call_atexit.o)
 *(.init_array)
 .init_array    0x0040bc30        0x4 c:/program files (x86)/atmel/atmel studio 6.0/extensions/atmel/armgcc/3.3.1.128/armgcctoolchain/bin/../lib/gcc/arm-none-eabi/4.7.0/thumb/crtbegin.o
                0x0040bc34                __init_array_end = .
                0x0040bc34                . = ALIGN (0x4)
 *crtbegin.o(.ctors)
 *(EXCLUDE_FILE(*crtend.o) .ctors)
 *(SORT(.ctors.*))
 *crtend.o(.ctors)
                0x0040bc34                . = ALIGN (0x4)
 *(.fini)
 .fini          0x0040bc34        0x4 c:/program files (x86)/atmel/atmel studio 6.0/extensions/atmel/armgcc/3.3.1.128/armgcctoolchain/bin/../lib/gcc/arm-none-eabi/4.7.0/thumb/crti.o
                0x0040bc34                _fini
 .fini          0x0040bc38        0x8 c:/program files (x86)/atmel/atmel studio 6.0/extensions/atmel/armgcc/3.3.1.128/armgcctoolchain/bin/../lib/gcc/arm-none-eabi/4.7.0/thumb/crtn.o
                0x0040bc40                . = ALIGN (0x4)
                0x0040bc40                __fini_array_start = .
 *(.fini_array)
 .fini_array    0x0040bc40        0x4 c:/program files (x86)/atmel/atmel studio 6.0/extensions/atmel/armgcc/3.3.1.128/armgcctoolchain/bin/../lib/gcc/arm-none-eabi/4.7.0/thumb/crtbegin.o
 *(SORT(.fini_array.*))
                0x0040bc44                __fini_array_end = .
 *crtbegin.o(.dtors)
 *(EXCLUDE_FILE(*crtend.o) .dtors)
 *(SORT(.dtors.*))
 *crtend.o(.dtors)
                0x0040bc44                . = ALIGN (0x4)
                0x0040bc44                _efixed = .
                0x0040bc44                PROVIDE (__exidx_start, .)

.vfp11_veneer   0x0040bc44        0x0
 .vfp11_veneer  0x00000000        0x0 linker stubs

.v4_bx          0x0040bc44        0x0
 .v4_bx         0x00000000        0x0 linker stubs

.iplt           0x0040bc44        0x0
 .iplt          0x00000000        0x0 c:/program files (x86)/atmel/atmel studio 6.0/extensions/atmel/armgcc/3.3.1.128/armgcctoolchain/bin/../lib/gcc/arm-none-eabi/4.7.0/thumb/crtbegin.o

.ARM.exidx      0x0040bc44       0xd8
 *(.ARM.exidx* .gnu.linkonce.armexidx.*)
 .ARM.exidx     0x0040bc44        0x8 c:/program files (x86)/atmel/atmel studio 6.0/extensions/atmel/armgcc/3.3.1.128/armgcctoolchain/bin/../lib/gcc/arm-none-eabi/4.7.0/thumb\libgcc.a(_divdi3.o)
 .ARM.exidx     0x0040bc4c        0x8 c:/program files (x86)/atmel/atmel studio 6.0/extensions/atmel/armgcc/3.3.1.128/armgcctoolchain/bin/../lib/gcc/arm-none-eabi/4.7.0/thumb\libgcc.a(_udivdi3.o)
 .ARM.exidx     0x0040bc54       0x90 c:/program files (x86)/atmel/atmel studio 6.0/extensions/atmel/armgcc/3.3.1.128/armgcctoolchain/bin/../lib/gcc/arm-none-eabi/4.7.0/thumb\libgcc.a(unwind-arm.o)
                                 0xd8 (size before relaxing)
 .ARM.exidx     0x0040bce4       0x38 c:/program files (x86)/atmel/atmel studio 6.0/extensions/atmel/armgcc/3.3.1.128/armgcctoolchain/bin/../lib/gcc/arm-none-eabi/4.7.0/thumb\libgcc.a(pr-support.o)
                                 0x48 (size before relaxing)
                0x0040bd1c                PROVIDE (__exidx_end, .)

.eh_frame       0x0040bd1c        0x0
 .eh_frame      0x0040bd1c        0x0 c:/program files (x86)/atmel/atmel studio 6.0/extensions/atmel/armgcc/3.3.1.128/armgcctoolchain/bin/../lib/gcc/arm-none-eabi/4.7.0/thumb/crtbegin.o

.rel.dyn        0x0040bd1c        0x0
 .rel.iplt      0x00000000        0x0 c:/program files (x86)/atmel/atmel studio 6.0/extensions/atmel/armgcc/3.3.1.128/armgcctoolchain/bin/../lib/gcc/arm-none-eabi/4.7.0/thumb/crtbegin.o

.jcr            0x0040bd1c        0x0
 .jcr           0x0040bd1c        0x0 c:/program files (x86)/atmel/atmel studio 6.0/extensions/atmel/armgcc/3.3.1.128/armgcctoolchain/bin/../lib/gcc/arm-none-eabi/4.7.0/thumb/crtbegin.o

.tm_clone_table
                0x0040bd1c        0x0
 .tm_clone_table
                0x0040bd1c        0x0 c:/program files (x86)/atmel/atmel studio 6.0/extensions/atmel/armgcc/3.3.1.128/armgcctoolchain/bin/../lib/gcc/arm-none-eabi/4.7.0/thumb/crtbegin.o
 .tm_clone_table
                0x0040bd1c        0x0 c:/program files (x86)/atmel/atmel studio 6.0/extensions/atmel/armgcc/3.3.1.128/armgcctoolchain/bin/../lib/gcc/arm-none-eabi/4.7.0/thumb/crtend.o

.igot.plt       0x0040bd1c        0x0
 .igot.plt      0x00000000        0x0 c:/program files (x86)/atmel/atmel studio 6.0/extensions/atmel/armgcc/3.3.1.128/armgcctoolchain/bin/../lib/gcc/arm-none-eabi/4.7.0/thumb/crtbegin.o
                0x0040bd1c                . = ALIGN (0x4)
                0x0040bd1c                _etext = .

.relocate       0x20000000      0x9d0 load address 0x0040bd1c
                0x20000000                . = ALIGN (0x4)
                0x20000000                _srelocate = .
 *(.ramfunc .ramfunc.*)
 .ramfunc       0x20000000        0xa src/asf/common/services/delay/sam/cycle_counter.o
                0x20000000                portable_delay_cycles
 *(.data .data.*)
 *fill*         0x2000000a        0x2 00
 .data.SystemCoreClock
                0x2000000c        0x4 src/asf/sam/utils/cmsis/sam3s8/source/templates/system_sam3sd8.o
                0x2000000c                SystemCoreClock
 .data.file_name
                0x20000010       0x11 src/zeppelin_fc.o
                0x20000010                file_name
 .data.b_read   0x20000021        0x1 src/zeppelin_fc.o
 *fill*         0x20000022        0x2 00
 .data.bTemp    0x20000024        0x4 src/zeppelin_fc.o
                0x20000024                bTemp
 .data.sd_mmc_cards
                0x20000028       0x24 src/asf/common/components/memory/sd_mmc/sd_mmc.o
 .data.udi_api_cdc_data
                0x2000004c       0x14 src/asf/common/services/usb/class/cdc/device/udi_cdc.o
                0x2000004c                udi_api_cdc_data
 .data.udi_api_cdc_comm
                0x20000060       0x14 src/asf/common/services/usb/class/cdc/device/udi_cdc.o
                0x20000060                udi_api_cdc_comm
 .data.udc_config
                0x20000074        0x8 src/asf/common/services/usb/class/cdc/device/udi_cdc_desc.o
                0x20000074                udc_config
 .data.udi_apis
                0x2000007c        0x8 src/asf/common/services/usb/class/cdc/device/udi_cdc_desc.o
                0x2000007c                udi_apis
 .data.udc_config_fs
                0x20000084        0x8 src/asf/common/services/usb/class/cdc/device/udi_cdc_desc.o
                0x20000084                udc_config_fs
 .data.udc_device_desc
                0x2000008c       0x14 src/asf/common/services/usb/class/cdc/device/udi_cdc_desc.o
                0x2000008c                udc_device_desc
 .data.udc_desc_fs
                0x200000a0       0x44 src/asf/common/services/usb/class/cdc/device/udi_cdc_desc.o
                0x200000a0                udc_desc_fs
 .data.udc_string_product_name
                0x200000e4        0x4 src/asf/common/services/usb/udc/udc.o
 .data.udc_string_manufacturer_name
                0x200000e8        0xa src/asf/common/services/usb/udc/udc.o
 *fill*         0x200000f2        0x2 00
 .data.udc_string_desc
                0x200000f4       0x14 src/asf/common/services/usb/udc/udc.o
 .data.udc_string_desc_languageid
                0x20000108        0x4 src/asf/common/services/usb/udc/udc.o
 .data.g_interrupt_enabled
                0x2000010c        0x1 src/asf/common/utils/interrupt/interrupt_sam_nvic.o
                0x2000010c                g_interrupt_enabled
 *fill*         0x2000010d        0x3 00
 .data          0x20000110      0x430 c:/program files (x86)/atmel/atmel studio 6.0/extensions/atmel/armgcc/3.3.1.128/armgcctoolchain/bin/../lib/gcc/arm-none-eabi/4.7.0/../../../../arm-none-eabi/lib/thumb\libc.a(lib_a-impure.o)
                0x20000110                _impure_ptr
 .data          0x20000540       0x7c c:/program files (x86)/atmel/atmel studio 6.0/extensions/atmel/armgcc/3.3.1.128/armgcctoolchain/bin/../lib/gcc/arm-none-eabi/4.7.0/../../../../arm-none-eabi/lib/thumb\libc.a(lib_a-locale.o)
                0x20000560                __mb_cur_max
 .data          0x200005bc      0x410 c:/program files (x86)/atmel/atmel studio 6.0/extensions/atmel/armgcc/3.3.1.128/armgcctoolchain/bin/../lib/gcc/arm-none-eabi/4.7.0/../../../../arm-none-eabi/lib/thumb\libc.a(lib_a-mallocr.o)
                0x200005bc                __malloc_av_
                0x200009c4                __malloc_sbrk_base
                0x200009c8                __malloc_trim_threshold
 .data          0x200009cc        0x4 c:/program files (x86)/atmel/atmel studio 6.0/extensions/atmel/armgcc/3.3.1.128/armgcctoolchain/bin/../lib/gcc/arm-none-eabi/4.7.0/../../../../arm-none-eabi/lib/thumb\libc.a(lib_a-wctomb_r.o)
                0x200009cc                __wctomb
                0x200009d0                . = ALIGN (0x4)
                0x200009d0                _erelocate = .

.bss            0x200009d0      0xfd8 load address 0x0040c6ec
                0x200009d0                . = ALIGN (0x4)
                0x200009d0                _sbss = .
                0x200009d0                _szero = .
 *(.bss .bss.*)
 .bss           0x200009d0       0x1c c:/program files (x86)/atmel/atmel studio 6.0/extensions/atmel/armgcc/3.3.1.128/armgcctoolchain/bin/../lib/gcc/arm-none-eabi/4.7.0/thumb/crtbegin.o
 .bss.g_pwm_channel_led
                0x200009ec       0x28 src/pwmb.o
 .bss.pwm_count
                0x20000a14        0x4 src/pwmb.o
 .bss.pwm_state
                0x20000a18        0x1 src/pwmb.o
 *fill*         0x20000a19        0x3 00
 .bss.gs_ul_alarm_triggered
                0x20000a1c        0x4 src/rtc.o
 .bss.b_ms      0x20000a20        0x4 src/zeppelin_fc.o
 .bss.ul_ms_ticks
                0x20000a24        0x4 src/zeppelin_fc.o
                0x20000a24                ul_ms_ticks
 .bss.sd_mmc_nb_block_to_tranfer
                0x20000a28        0x2 src/asf/common/components/memory/sd_mmc/sd_mmc.o
 .bss.sd_mmc_sam_systick_used
                0x20000a2a        0x1 src/asf/common/components/memory/sd_mmc/sd_mmc.o
 *fill*         0x20000a2b        0x1 00
 .bss.sd_mmc_card
                0x20000a2c        0x4 src/asf/common/components/memory/sd_mmc/sd_mmc.o
 .bss.sd_mmc_slot_sel
                0x20000a30        0x1 src/asf/common/components/memory/sd_mmc/sd_mmc.o
 *fill*         0x20000a31        0x1 00
 .bss.sd_mmc_nb_block_remaining
                0x20000a32        0x2 src/asf/common/components/memory/sd_mmc/sd_mmc.o
 .bss.udi_cdc_line_coding
                0x20000a34        0x7 src/asf/common/services/usb/class/cdc/device/udi_cdc.o
 .bss.udi_cdc_nb_data_enabled
                0x20000a3b        0x1 src/asf/common/services/usb/class/cdc/device/udi_cdc.o
 .bss.udi_cdc_tx_buf_sel
                0x20000a3c        0x1 src/asf/common/services/usb/class/cdc/device/udi_cdc.o
 *fill*         0x20000a3d        0x1 00
 .bss.udi_cdc_tx_buf_nb
                0x20000a3e        0x4 src/asf/common/services/usb/class/cdc/device/udi_cdc.o
 *fill*         0x20000a42        0x2 00
 .bss.udi_cdc_tx_buf
                0x20000a44      0x280 src/asf/common/services/usb/class/cdc/device/udi_cdc.o
 .bss.udi_cdc_rx_buf_nb
                0x20000cc4        0x4 src/asf/common/services/usb/class/cdc/device/udi_cdc.o
 .bss.udi_cdc_nb_comm_enabled
                0x20000cc8        0x1 src/asf/common/services/usb/class/cdc/device/udi_cdc.o
 *fill*         0x20000cc9        0x1 00
 .bss.udi_cdc_rx_pos
                0x20000cca        0x2 src/asf/common/services/usb/class/cdc/device/udi_cdc.o
 .bss.udi_cdc_tx_sof_num
                0x20000ccc        0x2 src/asf/common/services/usb/class/cdc/device/udi_cdc.o
 .bss.udi_cdc_data_running
                0x20000cce        0x1 src/asf/common/services/usb/class/cdc/device/udi_cdc.o
 .bss.udi_cdc_rx_buf_sel
                0x20000ccf        0x1 src/asf/common/services/usb/class/cdc/device/udi_cdc.o
 .bss.udi_cdc_tx_trans_ongoing
                0x20000cd0        0x1 src/asf/common/services/usb/class/cdc/device/udi_cdc.o
 *fill*         0x20000cd1        0x3 00
 .bss.uid_cdc_state_msg
                0x20000cd4        0xc src/asf/common/services/usb/class/cdc/device/udi_cdc.o
 .bss.udi_cdc_rx_buf
                0x20000ce0      0x280 src/asf/common/services/usb/class/cdc/device/udi_cdc.o
 .bss.udi_cdc_rx_trans_ongoing
                0x20000f60        0x1 src/asf/common/services/usb/class/cdc/device/udi_cdc.o
 .bss.udi_cdc_tx_both_buf_to_send
                0x20000f61        0x1 src/asf/common/services/usb/class/cdc/device/udi_cdc.o
 .bss.udi_cdc_state
                0x20000f62        0x2 src/asf/common/services/usb/class/cdc/device/udi_cdc.o
 .bss.udc_ptr_conf
                0x20000f64        0x4 src/asf/common/services/usb/udc/udc.o
 .bss.udc_iface_setting.7205
                0x20000f68        0x1 src/asf/common/services/usb/udc/udc.o
 *fill*         0x20000f69        0x1 00
 .bss.udc_ep_status.7147
                0x20000f6a        0x2 src/asf/common/services/usb/udc/udc.o
 .bss.udc_device_status
                0x20000f6c        0x2 src/asf/common/services/usb/udc/udc.o
 .bss.udc_num_configuration
                0x20000f6e        0x1 src/asf/common/services/usb/udc/udc.o
 *fill*         0x20000f6f        0x1 00
 .bss.udc_ptr_iface
                0x20000f70        0x4 src/asf/common/services/usb/udc/udc.o
 .bss.stdio_usb_interface_enable
                0x20000f74        0x1 src/asf/common/utils/stdio/stdio_usb/stdio_usb.o
 *fill*         0x20000f75        0x1 00
 .bss.hsmci_block_size
                0x20000f76        0x2 src/asf/sam/drivers/hsmci/hsmci.o
 .bss.hsmci_nb_block
                0x20000f78        0x2 src/asf/sam/drivers/hsmci/hsmci.o
 *fill*         0x20000f7a        0x2 00
 .bss.hsmci_transfert_pos
                0x20000f7c        0x4 src/asf/sam/drivers/hsmci/hsmci.o
 .bss.gs_interrupt_sources
                0x20000f80       0x70 src/asf/sam/drivers/pio/pio_handler.o
 .bss.udd_ctrl_prev_payload_nb_trans
                0x20000ff0        0x2 src/asf/sam/drivers/udp/udp_device.o
 .bss.b_shortpacket.7834
                0x20000ff2        0x1 src/asf/sam/drivers/udp/udp_device.o
 *fill*         0x20000ff3        0x1 00
 .bss.udd_ep_job
                0x20000ff4       0x3c src/asf/sam/drivers/udp/udp_device.o
 .bss.udd_b_idle
                0x20001030        0x1 src/asf/sam/drivers/udp/udp_device.o
 *fill*         0x20001031        0x1 00
 .bss.udd_ctrl_payload_nb_trans
                0x20001032        0x2 src/asf/sam/drivers/udp/udp_device.o
 .bss.udd_ep_control_state
                0x20001034        0x1 src/asf/sam/drivers/udp/udp_device.o
 *fill*         0x20001035        0x3 00
 .bss.heap.5080
                0x20001038        0x4 src/asf/sam/utils/syscalls/gcc/syscalls.o
 .bss.Fsid      0x2000103c        0x2 src/asf/thirdparty/fatfs/fatfs-r0.09/src/ff.o
 *fill*         0x2000103e        0x2 00
 .bss.FatFs     0x20001040        0x4 src/asf/thirdparty/fatfs/fatfs-r0.09/src/ff.o
 .bss           0x20001044       0x34 c:/program files (x86)/atmel/atmel studio 6.0/extensions/atmel/armgcc/3.3.1.128/armgcctoolchain/bin/../lib/gcc/arm-none-eabi/4.7.0/../../../../arm-none-eabi/lib/thumb\libc.a(lib_a-mallocr.o)
                0x20001044                __malloc_top_pad
                0x20001048                __malloc_current_mallinfo
                0x20001070                __malloc_max_sbrked_mem
                0x20001074                __malloc_max_total_mem
 *(COMMON)
 COMMON         0x20001078      0x902 src/zeppelin_fc.o
                0x20001078                log
                0x2000129c                Script
                0x2000149c                fno
                0x200014bc                fs
                0x200016ec                file_object
                0x20001910                f_script
                0x20001930                f_log
                0x20001950                bw
                0x20001954                dir
                0x20001978                res
                0x20001979                status
 COMMON         0x2000197a        0x5 src/asf/common/services/sleepmgr/sam/sleepmgr.o
                0x2000197a                sleepmgr_locks
 *fill*         0x2000197f        0x1 00
 COMMON         0x20001980        0x4 src/asf/common/utils/stdio/read.o
                0x20001980                ptr_get
 COMMON         0x20001984        0x8 src/asf/common/utils/stdio/write.o
                0x20001984                ptr_put
                0x20001988                stdio_base
 COMMON         0x2000198c       0x18 src/asf/sam/drivers/udp/udp_device.o
                0x2000198c                udd_g_ctrlreq
 COMMON         0x200019a4        0x4 c:/program files (x86)/atmel/atmel studio 6.0/extensions/atmel/armgcc/3.3.1.128/armgcctoolchain/bin/../lib/gcc/arm-none-eabi/4.7.0/../../../../arm-none-eabi/lib/thumb\libc.a(lib_a-reent.o)
                0x200019a4                errno
                0x200019a8                . = ALIGN (0x4)
                0x200019a8                _ebss = .
                0x200019a8                _ezero = .

.stack          0x200019a8     0x2000 load address 0x0040d6c4
                0x200019a8                . = ALIGN (0x8)
                0x200019a8                _sstack = .
                0x200039a8                . = (. + __stack_size__)
 *fill*         0x200019a8     0x2000 00
                0x200039a8                . = ALIGN (0x8)
                0x200039a8                _estack = .
                0x200039a8                . = ALIGN (0x4)
                0x200039a8                _end = .
OUTPUT(Zeppelin-FC.elf elf32-littlearm)

.ARM.attributes
                0x00000000       0x29
 .ARM.attributes
                0x00000000       0x1d c:/program files (x86)/atmel/atmel studio 6.0/extensions/atmel/armgcc/3.3.1.128/armgcctoolchain/bin/../lib/gcc/arm-none-eabi/4.7.0/thumb/crti.o
 .ARM.attributes
                0x0000001d       0x2d c:/program files (x86)/atmel/atmel studio 6.0/extensions/atmel/armgcc/3.3.1.128/armgcctoolchain/bin/../lib/gcc/arm-none-eabi/4.7.0/thumb/crtbegin.o
 .ARM.attributes
                0x0000004a       0x33 src/asf/sam/drivers/pwm/pwm.o
 .ARM.attributes
                0x0000007d       0x33 src/asf/sam/utils/cmsis/sam3s8/source/templates/exceptions.o
 .ARM.attributes
                0x000000b0       0x33 src/asf/sam/utils/cmsis/sam3s8/source/templates/gcc/startup_sam3sd8.o
 .ARM.attributes
                0x000000e3       0x33 src/asf/sam/utils/cmsis/sam3s8/source/templates/system_sam3sd8.o
 .ARM.attributes
                0x00000116       0x33 src/pwmb.o
 .ARM.attributes
                0x00000149       0x33 src/rtc.o
 .ARM.attributes
                0x0000017c       0x33 src/zeppelin_fc.o
 .ARM.attributes
                0x000001af       0x33 src/asf/common/components/memory/sd_mmc/sd_mmc.o
 .ARM.attributes
                0x000001e2       0x33 src/asf/common/services/clock/sam3s/sysclk.o
 .ARM.attributes
                0x00000215       0x33 src/asf/common/services/delay/sam/cycle_counter.o
 .ARM.attributes
                0x00000248       0x33 src/asf/common/services/sleepmgr/sam/sleepmgr.o
 .ARM.attributes
                0x0000027b       0x33 src/asf/common/services/storage/ctrl_access/ctrl_access.o
 .ARM.attributes
                0x000002ae       0x33 src/asf/common/services/usb/class/cdc/device/udi_cdc.o
 .ARM.attributes
                0x000002e1       0x33 src/asf/common/services/usb/class/cdc/device/udi_cdc_desc.o
 .ARM.attributes
                0x00000314       0x33 src/asf/common/services/usb/udc/udc.o
 .ARM.attributes
                0x00000347       0x33 src/asf/common/utils/interrupt/interrupt_sam_nvic.o
 .ARM.attributes
                0x0000037a       0x33 src/asf/common/utils/stdio/read.o
 .ARM.attributes
                0x000003ad       0x33 src/asf/common/utils/stdio/stdio_usb/stdio_usb.o
 .ARM.attributes
                0x000003e0       0x33 src/asf/common/utils/stdio/write.o
 .ARM.attributes
                0x00000413       0x33 src/asf/sam/boards/sam3s_ek/init.o
 .ARM.attributes
                0x00000446       0x33 src/asf/sam/drivers/hsmci/hsmci.o
 .ARM.attributes
                0x00000479       0x33 src/asf/sam/drivers/pio/pio.o
 .ARM.attributes
                0x000004ac       0x33 src/asf/sam/drivers/pio/pio_handler.o
 .ARM.attributes
                0x000004df       0x33 src/asf/sam/drivers/pmc/pmc.o
 .ARM.attributes
                0x00000512       0x33 src/asf/sam/drivers/rtc/rtc.o
 .ARM.attributes
                0x00000545       0x33 src/asf/sam/drivers/udp/udp_device.o
 .ARM.attributes
                0x00000578       0x33 src/asf/sam/utils/syscalls/gcc/syscalls.o
 .ARM.attributes
                0x000005ab       0x33 src/asf/thirdparty/fatfs/fatfs-port-r0.09/diskio.o
 .ARM.attributes
                0x000005de       0x33 src/asf/thirdparty/fatfs/fatfs-port-r0.09/sam/fattime.o
 .ARM.attributes
                0x00000611       0x33 src/asf/thirdparty/fatfs/fatfs-r0.09/src/ff.o
 .ARM.attributes
                0x00000644       0x33 src/asf/thirdparty/fatfs/fatfs-r0.09/src/option/ccsbcs.o
 .ARM.attributes
                0x00000677       0x33 src/sd_mmc_mem.o
 .ARM.attributes
                0x000006aa       0x33 src/stdio_usb_example.o
 .ARM.attributes
                0x000006dd       0x2d c:/program files (x86)/atmel/atmel studio 6.0/extensions/atmel/armgcc/3.3.1.128/armgcctoolchain/bin/../lib/gcc/arm-none-eabi/4.7.0/../../../../arm-none-eabi/lib/thumb\libc.a(lib_a-atexit.o)
 .ARM.attributes
                0x0000070a       0x2d c:/program files (x86)/atmel/atmel studio 6.0/extensions/atmel/armgcc/3.3.1.128/armgcctoolchain/bin/../lib/gcc/arm-none-eabi/4.7.0/../../../../arm-none-eabi/lib/thumb\libc.a(lib_a-fini.o)
 .ARM.attributes
                0x00000737       0x2d c:/program files (x86)/atmel/atmel studio 6.0/extensions/atmel/armgcc/3.3.1.128/armgcctoolchain/bin/../lib/gcc/arm-none-eabi/4.7.0/../../../../arm-none-eabi/lib/thumb\libc.a(lib_a-impure.o)
 .ARM.attributes
                0x00000764       0x2d c:/program files (x86)/atmel/atmel studio 6.0/extensions/atmel/armgcc/3.3.1.128/armgcctoolchain/bin/../lib/gcc/arm-none-eabi/4.7.0/../../../../arm-none-eabi/lib/thumb\libc.a(lib_a-init.o)
 .ARM.attributes
                0x00000791       0x2d c:/program files (x86)/atmel/atmel studio 6.0/extensions/atmel/armgcc/3.3.1.128/armgcctoolchain/bin/../lib/gcc/arm-none-eabi/4.7.0/../../../../arm-none-eabi/lib/thumb\libc.a(lib_a-memcpy.o)
 .ARM.attributes
                0x000007be       0x2d c:/program files (x86)/atmel/atmel studio 6.0/extensions/atmel/armgcc/3.3.1.128/armgcctoolchain/bin/../lib/gcc/arm-none-eabi/4.7.0/../../../../arm-none-eabi/lib/thumb\libc.a(lib_a-memset.o)
 .ARM.attributes
                0x000007eb       0x2d c:/program files (x86)/atmel/atmel studio 6.0/extensions/atmel/armgcc/3.3.1.128/armgcctoolchain/bin/../lib/gcc/arm-none-eabi/4.7.0/../../../../arm-none-eabi/lib/thumb\libc.a(lib_a-printf.o)
 .ARM.attributes
                0x00000818       0x2d c:/program files (x86)/atmel/atmel studio 6.0/extensions/atmel/armgcc/3.3.1.128/armgcctoolchain/bin/../lib/gcc/arm-none-eabi/4.7.0/../../../../arm-none-eabi/lib/thumb\libc.a(lib_a-puts.o)
 .ARM.attributes
                0x00000845       0x2d c:/program files (x86)/atmel/atmel studio 6.0/extensions/atmel/armgcc/3.3.1.128/armgcctoolchain/bin/../lib/gcc/arm-none-eabi/4.7.0/../../../../arm-none-eabi/lib/thumb\libc.a(lib_a-setbuf.o)
 .ARM.attributes
                0x00000872       0x2d c:/program files (x86)/atmel/atmel studio 6.0/extensions/atmel/armgcc/3.3.1.128/armgcctoolchain/bin/../lib/gcc/arm-none-eabi/4.7.0/../../../../arm-none-eabi/lib/thumb\libc.a(lib_a-setvbuf.o)
 .ARM.attributes
                0x0000089f       0x2d c:/program files (x86)/atmel/atmel studio 6.0/extensions/atmel/armgcc/3.3.1.128/armgcctoolchain/bin/../lib/gcc/arm-none-eabi/4.7.0/../../../../arm-none-eabi/lib/thumb\libc.a(lib_a-sprintf.o)
 .ARM.attributes
                0x000008cc       0x2d c:/program files (x86)/atmel/atmel studio 6.0/extensions/atmel/armgcc/3.3.1.128/armgcctoolchain/bin/../lib/gcc/arm-none-eabi/4.7.0/../../../../arm-none-eabi/lib/thumb\libc.a(lib_a-strlen.o)
 .ARM.attributes
                0x000008f9       0x2d c:/program files (x86)/atmel/atmel studio 6.0/extensions/atmel/armgcc/3.3.1.128/armgcctoolchain/bin/../lib/gcc/arm-none-eabi/4.7.0/../../../../arm-none-eabi/lib/thumb\libc.a(lib_a-svfprintf.o)
 .ARM.attributes
                0x00000926       0x2d c:/program files (x86)/atmel/atmel studio 6.0/extensions/atmel/armgcc/3.3.1.128/armgcctoolchain/bin/../lib/gcc/arm-none-eabi/4.7.0/../../../../arm-none-eabi/lib/thumb\libc.a(lib_a-vfiprintf.o)
 .ARM.attributes
                0x00000953       0x2d c:/program files (x86)/atmel/atmel studio 6.0/extensions/atmel/armgcc/3.3.1.128/armgcctoolchain/bin/../lib/gcc/arm-none-eabi/4.7.0/../../../../arm-none-eabi/lib/thumb\libc.a(lib_a-vfprintf.o)
 .ARM.attributes
                0x00000980       0x2d c:/program files (x86)/atmel/atmel studio 6.0/extensions/atmel/armgcc/3.3.1.128/armgcctoolchain/bin/../lib/gcc/arm-none-eabi/4.7.0/../../../../arm-none-eabi/lib/thumb\libc.a(lib_a-wsetup.o)
 .ARM.attributes
                0x000009ad       0x2d c:/program files (x86)/atmel/atmel studio 6.0/extensions/atmel/armgcc/3.3.1.128/armgcctoolchain/bin/../lib/gcc/arm-none-eabi/4.7.0/../../../../arm-none-eabi/lib/thumb\libc.a(lib_a-__atexit.o)
 .ARM.attributes
                0x000009da       0x2d c:/program files (x86)/atmel/atmel studio 6.0/extensions/atmel/armgcc/3.3.1.128/armgcctoolchain/bin/../lib/gcc/arm-none-eabi/4.7.0/../../../../arm-none-eabi/lib/thumb\libc.a(lib_a-__call_atexit.o)
 .ARM.attributes
                0x00000a07       0x2d c:/program files (x86)/atmel/atmel studio 6.0/extensions/atmel/armgcc/3.3.1.128/armgcctoolchain/bin/../lib/gcc/arm-none-eabi/4.7.0/../../../../arm-none-eabi/lib/thumb\libc.a(lib_a-fflush.o)
 .ARM.attributes
                0x00000a34       0x2d c:/program files (x86)/atmel/atmel studio 6.0/extensions/atmel/armgcc/3.3.1.128/armgcctoolchain/bin/../lib/gcc/arm-none-eabi/4.7.0/../../../../arm-none-eabi/lib/thumb\libc.a(lib_a-findfp.o)
 .ARM.attributes
                0x00000a61       0x2d c:/program files (x86)/atmel/atmel studio 6.0/extensions/atmel/armgcc/3.3.1.128/armgcctoolchain/bin/../lib/gcc/arm-none-eabi/4.7.0/../../../../arm-none-eabi/lib/thumb\libc.a(lib_a-fputwc.o)
 .ARM.attributes
                0x00000a8e       0x2d c:/program files (x86)/atmel/atmel studio 6.0/extensions/atmel/armgcc/3.3.1.128/armgcctoolchain/bin/../lib/gcc/arm-none-eabi/4.7.0/../../../../arm-none-eabi/lib/thumb\libc.a(lib_a-freer.o)
 .ARM.attributes
                0x00000abb       0x2d c:/program files (x86)/atmel/atmel studio 6.0/extensions/atmel/armgcc/3.3.1.128/armgcctoolchain/bin/../lib/gcc/arm-none-eabi/4.7.0/../../../../arm-none-eabi/lib/thumb\libc.a(lib_a-fvwrite.o)
 .ARM.attributes
                0x00000ae8       0x2d c:/program files (x86)/atmel/atmel studio 6.0/extensions/atmel/armgcc/3.3.1.128/armgcctoolchain/bin/../lib/gcc/arm-none-eabi/4.7.0/../../../../arm-none-eabi/lib/thumb\libc.a(lib_a-fwalk.o)
 .ARM.attributes
                0x00000b15       0x2d c:/program files (x86)/atmel/atmel studio 6.0/extensions/atmel/armgcc/3.3.1.128/armgcctoolchain/bin/../lib/gcc/arm-none-eabi/4.7.0/../../../../arm-none-eabi/lib/thumb\libc.a(lib_a-locale.o)
 .ARM.attributes
                0x00000b42       0x2d c:/program files (x86)/atmel/atmel studio 6.0/extensions/atmel/armgcc/3.3.1.128/armgcctoolchain/bin/../lib/gcc/arm-none-eabi/4.7.0/../../../../arm-none-eabi/lib/thumb\libc.a(lib_a-makebuf.o)
 .ARM.attributes
                0x00000b6f       0x2d c:/program files (x86)/atmel/atmel studio 6.0/extensions/atmel/armgcc/3.3.1.128/armgcctoolchain/bin/../lib/gcc/arm-none-eabi/4.7.0/../../../../arm-none-eabi/lib/thumb\libc.a(lib_a-malloc.o)
 .ARM.attributes
                0x00000b9c       0x2d c:/program files (x86)/atmel/atmel studio 6.0/extensions/atmel/armgcc/3.3.1.128/armgcctoolchain/bin/../lib/gcc/arm-none-eabi/4.7.0/../../../../arm-none-eabi/lib/thumb\libc.a(lib_a-mallocr.o)
 .ARM.attributes
                0x00000bc9       0x2d c:/program files (x86)/atmel/atmel studio 6.0/extensions/atmel/armgcc/3.3.1.128/armgcctoolchain/bin/../lib/gcc/arm-none-eabi/4.7.0/../../../../arm-none-eabi/lib/thumb\libc.a(lib_a-memchr.o)
 .ARM.attributes
                0x00000bf6       0x2d c:/program files (x86)/atmel/atmel studio 6.0/extensions/atmel/armgcc/3.3.1.128/armgcctoolchain/bin/../lib/gcc/arm-none-eabi/4.7.0/../../../../arm-none-eabi/lib/thumb\libc.a(lib_a-memmove.o)
 .ARM.attributes
                0x00000c23       0x2d c:/program files (x86)/atmel/atmel studio 6.0/extensions/atmel/armgcc/3.3.1.128/armgcctoolchain/bin/../lib/gcc/arm-none-eabi/4.7.0/../../../../arm-none-eabi/lib/thumb\libc.a(lib_a-mlock.o)
 .ARM.attributes
                0x00000c50       0x2d c:/program files (x86)/atmel/atmel studio 6.0/extensions/atmel/armgcc/3.3.1.128/armgcctoolchain/bin/../lib/gcc/arm-none-eabi/4.7.0/../../../../arm-none-eabi/lib/thumb\libc.a(lib_a-reallocr.o)
 .ARM.attributes
                0x00000c7d       0x2d c:/program files (x86)/atmel/atmel studio 6.0/extensions/atmel/armgcc/3.3.1.128/armgcctoolchain/bin/../lib/gcc/arm-none-eabi/4.7.0/../../../../arm-none-eabi/lib/thumb\libc.a(lib_a-sbrkr.o)
 .ARM.attributes
                0x00000caa       0x2d c:/program files (x86)/atmel/atmel studio 6.0/extensions/atmel/armgcc/3.3.1.128/armgcctoolchain/bin/../lib/gcc/arm-none-eabi/4.7.0/../../../../arm-none-eabi/lib/thumb\libc.a(lib_a-stdio.o)
 .ARM.attributes